[2026.07.10-05.02.11:928][393]LogMediaPipePose: mp.ArmDirCorrection: actor=MP_LiveMetaHumanKellan side=L engaged=0 rel=0.00 dirAlpha=0.00 applyAlpha=0.00 elbowCorrDeg=0.0 wristCorrDeg=0.0 spdCmS=-1.0 quiet=0 enterS=0.00 exitS=0.01 hasMpArm=0
[2026.07.10-05.02.11:930][393]LogMediaPipePose: mp.ArmDirCorrection: actor=MP_LiveMetaHumanKellan side=R engaged=0 rel=0.00 dirAlpha=0.00 applyAlpha=0.00 elbowCorrDeg=0.0 wristCorrDeg=0.0 spdCmS=-1.0 quiet=0 enterS=0.00 exitS=0.01 hasMpArm=0
[2026.07.10-05.02.13:010][397]LogMediaPipePose: mp.ArmDirCorrection: actor=MP_LiveMetaHumanKellan side=L engaged=0 rel=0.00 dirAlpha=0.00 applyAlpha=0.00 elbowCorrDeg=0.0 wristCorrDeg=0.0 spdCmS=-1.0 quiet=0 enterS=0.00 exitS=0.21 hasMpArm=0
[2026.07.10-05.02.13:010][397]LogMediaPipePose: mp.ArmDirCorrection: actor=MP_LiveMetaHumanKellan side=R engaged=0 rel=0.00 dirAlpha=0.00 applyAlpha=0.00 elbowCorrDeg=0.0 wristCorrDeg=0.0 spdCmS=-1.0 quiet=0 enterS=0.00 exitS=0.21 hasMpArm=0
[2026.07.10-05.02.14:028][431]LogMediaPipePose: mp.ArmDirCorrection: actor=MP_LiveMetaHumanKellan side=L engaged=1 rel=0.95 dirAlpha=0.72 applyAlpha=0.70 elbowCorrDeg=2.3 wristCorrDeg=3.0 spdCmS=0.7 quiet=1 enterS=0.80 exitS=0.00 hasMpArm=1
[2026.07.10-05.02.14:028][431]LogMediaPipePose: mp.ArmDirCorrection: actor=MP_LiveMetaHumanKellan side=R engaged=1 rel=0.95 dirAlpha=0.72 applyAlpha=0.70 elbowCorrDeg=2.5 wristCorrDeg=3.0 spdCmS=0.6 quiet=1 enterS=0.80 exitS=0.00 hasMpArm=1
[2026.07.10-05.02.15:036][461]LogMediaPipePose: mp.ArmDirCorrection: actor=MP_LiveMetaHumanKellan side=L engaged=1 rel=0.95 dirAlpha=0.98 applyAlpha=0.94 elbowCorrDeg=4.3 wristCorrDeg=4.6 spdCmS=3.9 quiet=1 enterS=1.81 exitS=0.00 hasMpArm=1
[2026.07.10-05.02.15:037][461]LogMediaPipePose: mp.ArmDirCorrection: actor=MP_LiveMetaHumanKellan side=R engaged=1 rel=0.95 dirAlpha=0.98 applyAlpha=0.98 elbowCorrDeg=4.1 wristCorrDeg=5.6 spdCmS=15.0 quiet=1 enterS=1.81 exitS=0.00 hasMpArm=1
[2026.07.10-05.02.16:075][492]LogMediaPipePose: mp.ArmDirCorrection: actor=MP_LiveMetaHumanKellan side=L engaged=1 rel=0.94 dirAlpha=1.00 applyAlpha=0.92 elbowCorrDeg=6.5 wristCorrDeg=6.6 spdCmS=0.7 quiet=1 enterS=2.85 exitS=0.00 hasMpArm=1
[2026.07.10-05.02.16:075][492]LogMediaPipePose: mp.ArmDirCorrection: actor=MP_LiveMetaHumanKellan side=R engaged=1 rel=0.95 dirAlpha=1.00 applyAlpha=0.91 elbowCorrDeg=4.8 wristCorrDeg=7.7 spdCmS=4.3 quiet=1 enterS=2.85 exitS=0.00 hasMpArm=1
[2026.07.10-05.02.17:097][523]LogMediaPipePose: mp.ArmDirCorrection: actor=MP_LiveMetaHumanKellan side=L engaged=1 rel=0.83 dirAlpha=1.00 applyAlpha=0.45 elbowCorrDeg=6.8 wristCorrDeg=8.0 spdCmS=159.0 quiet=0 enterS=3.87 exitS=0.00 hasMpArm=1
[2026.07.10-05.02.17:098][523]LogMediaPipePose: mp.ArmDirCorrection: actor=MP_LiveMetaHumanKellan side=R engaged=1 rel=0.82 dirAlpha=1.00 applyAlpha=0.24 elbowCorrDeg=4.2 wristCorrDeg=8.6 spdCmS=151.5 quiet=0 enterS=3.87 exitS=0.00 hasMpArm=1
[2026.07.10-05.02.18:112][553]LogMediaPipePose: mp.ArmDirCorrection: actor=MP_LiveMetaHumanKellan side=L engaged=1 rel=0.94 dirAlpha=1.00 applyAlpha=0.96 elbowCorrDeg=6.6 wristCorrDeg=5.2 spdCmS=3.8 quiet=1 enterS=4.88 exitS=0.00 hasMpArm=1
[2026.07.10-05.02.18:112][553]LogMediaPipePose: mp.ArmDirCorrection: actor=MP_LiveMetaHumanKellan side=R engaged=1 rel=0.96 dirAlpha=1.00 applyAlpha=0.95 elbowCorrDeg=3.8 wristCorrDeg=4.8 spdCmS=7.0 quiet=1 enterS=4.88 exitS=0.00 hasMpArm=1
[2026.07.10-05.02.19:130][584]LogMediaPipePose: mp.ArmDirCorrection: actor=MP_LiveMetaHumanKellan side=L engaged=1 rel=0.93 dirAlpha=1.00 applyAlpha=0.99 elbowCorrDeg=6.3 wristCorrDeg=2.7 spdCmS=1.4 quiet=1 enterS=5.90 exitS=0.00 hasMpArm=1
[2026.07.10-05.02.19:130][584]LogMediaPipePose: mp.ArmDirCorrection: actor=MP_LiveMetaHumanKellan side=R engaged=1 rel=0.96 dirAlpha=1.00 applyAlpha=1.00 elbowCorrDeg=4.4 wristCorrDeg=4.4 spdCmS=0.2 quiet=1 enterS=5.90 exitS=0.00 hasMpArm=1
[2026.07.10-05.02.20:166][615]LogMediaPipePose: mp.ArmDirCorrection: actor=MP_LiveMetaHumanKellan side=L engaged=1 rel=0.93 dirAlpha=1.00 applyAlpha=0.74 elbowCorrDeg=5.3 wristCorrDeg=2.8 spdCmS=22.8 quiet=0 enterS=6.94 exitS=0.00 hasMpArm=1
[2026.07.10-05.02.20:168][615]LogMediaPipePose: mp.ArmDirCorrection: actor=MP_LiveMetaHumanKellan side=R engaged=1 rel=0.96 dirAlpha=1.00 applyAlpha=0.85 elbowCorrDeg=3.8 wristCorrDeg=6.3 spdCmS=14.2 quiet=1 enterS=6.94 exitS=0.00 hasMpArm=1
[2026.07.10-05.02.21:193][646]LogMediaPipePose: mp.ArmDirCorrection: actor=MP_LiveMetaHumanKellan side=L engaged=1 rel=0.91 dirAlpha=1.00 applyAlpha=0.99 elbowCorrDeg=5.0 wristCorrDeg=5.5 spdCmS=0.8 quiet=1 enterS=7.96 exitS=0.00 hasMpArm=1
[2026.07.10-05.02.21:194][646]LogMediaPipePose: mp.ArmDirCorrection: actor=MP_LiveMetaHumanKellan side=R engaged=1 rel=0.96 dirAlpha=1.00 applyAlpha=1.00 elbowCorrDeg=5.0 wristCorrDeg=10.4 spdCmS=1.0 quiet=1 enterS=7.96 exitS=0.00 hasMpArm=1
[2026.07.10-05.02.22:198][676]LogMediaPipePose: mp.ArmDirCorrection: actor=MP_LiveMetaHumanKellan side=L engaged=1 rel=0.90 dirAlpha=1.00 applyAlpha=1.00 elbowCorrDeg=5.1 wristCorrDeg=7.8 spdCmS=1.6 quiet=1 enterS=8.97 exitS=0.00 hasMpArm=1
[2026.07.10-05.02.22:198][676]LogMediaPipePose: mp.ArmDirCorrection: actor=MP_LiveMetaHumanKellan side=R engaged=1 rel=0.96 dirAlpha=1.00 applyAlpha=0.99 elbowCorrDeg=6.1 wristCorrDeg=13.4 spdCmS=2.0 quiet=1 enterS=8.97 exitS=0.00 hasMpArm=1
[2026.07.10-05.02.23:228][707]LogMediaPipePose: mp.ArmDirCorrection: actor=MP_LiveMetaHumanKellan side=L engaged=1 rel=0.87 dirAlpha=1.00 applyAlpha=0.99 elbowCorrDeg=6.6 wristCorrDeg=9.3 spdCmS=1.0 quiet=1 enterS=10.00 exitS=0.00 hasMpArm=1
[2026.07.10-05.02.23:230][707]LogMediaPipePose: mp.ArmDirCorrection: actor=MP_LiveMetaHumanKellan side=R engaged=1 rel=0.95 dirAlpha=1.00 applyAlpha=1.00 elbowCorrDeg=7.2 wristCorrDeg=15.3 spdCmS=0.1 quiet=1 enterS=10.00 exitS=0.00 hasMpArm=1
[2026.07.10-05.02.24:234][737]LogMediaPipePose: mp.ArmDirCorrection: actor=MP_LiveMetaHumanKellan side=L engaged=1 rel=0.86 dirAlpha=1.00 applyAlpha=0.99 elbowCorrDeg=7.5 wristCorrDeg=10.3 spdCmS=1.5 quiet=1 enterS=11.00 exitS=0.00 hasMpArm=1
[2026.07.10-05.02.24:234][737]LogMediaPipePose: mp.ArmDirCorrection: actor=MP_LiveMetaHumanKellan side=R engaged=1 rel=0.93 dirAlpha=1.00 applyAlpha=0.99 elbowCorrDeg=6.8 wristCorrDeg=15.6 spdCmS=1.2 quiet=1 enterS=11.00 exitS=0.00 hasMpArm=1
[2026.07.10-05.02.25:252][768]LogMediaPipePose: mp.ArmDirCorrection: actor=MP_LiveMetaHumanKellan side=L engaged=1 rel=0.89 dirAlpha=1.00 applyAlpha=1.00 elbowCorrDeg=8.6 wristCorrDeg=10.7 spdCmS=10.2 quiet=1 enterS=12.02 exitS=0.00 hasMpArm=1
[2026.07.10-05.02.25:253][768]LogMediaPipePose: mp.ArmDirCorrection: actor=MP_LiveMetaHumanKellan side=R engaged=1 rel=0.95 dirAlpha=1.00 applyAlpha=1.00 elbowCorrDeg=7.4 wristCorrDeg=14.5 spdCmS=5.7 quiet=1 enterS=12.02 exitS=0.00 hasMpArm=1
[2026.07.10-05.02.26:268][798]LogMediaPipePose: mp.ArmDirCorrection: actor=MP_LiveMetaHumanKellan side=L engaged=1 rel=0.88 dirAlpha=1.00 applyAlpha=0.99 elbowCorrDeg=8.4 wristCorrDeg=12.0 spdCmS=3.0 quiet=1 enterS=13.04 exitS=0.00 hasMpArm=1
[2026.07.10-05.02.26:268][798]LogMediaPipePose: mp.ArmDirCorrection: actor=MP_LiveMetaHumanKellan side=R engaged=1 rel=0.95 dirAlpha=1.00 applyAlpha=0.99 elbowCorrDeg=5.5 wristCorrDeg=16.0 spdCmS=0.3 quiet=1 enterS=13.04 exitS=0.00 hasMpArm=1
[2026.07.10-05.02.27:280][829]LogMediaPipePose: mp.ArmDirCorrection: actor=MP_LiveMetaHumanKellan side=L engaged=1 rel=0.87 dirAlpha=1.00 applyAlpha=0.94 elbowCorrDeg=8.3 wristCorrDeg=12.7 spdCmS=42.7 quiet=0 enterS=14.05 exitS=0.00 hasMpArm=1
[2026.07.10-05.02.27:282][829]LogMediaPipePose: mp.ArmDirCorrection: actor=MP_LiveMetaHumanKellan side=R engaged=1 rel=0.94 dirAlpha=1.00 applyAlpha=0.97 elbowCorrDeg=5.3 wristCorrDeg=17.1 spdCmS=29.3 quiet=0 enterS=14.05 exitS=0.00 hasMpArm=1
[2026.07.10-05.02.28:284][859]LogMediaPipePose: mp.ArmDirCorrection: actor=MP_LiveMetaHumanKellan side=L engaged=1 rel=0.86 dirAlpha=1.00 applyAlpha=1.00 elbowCorrDeg=8.2 wristCorrDeg=13.6 spdCmS=1.3 quiet=1 enterS=15.05 exitS=0.00 hasMpArm=1
[2026.07.10-05.02.28:284][859]LogMediaPipePose: mp.ArmDirCorrection: actor=MP_LiveMetaHumanKellan side=R engaged=1 rel=0.93 dirAlpha=1.00 applyAlpha=1.00 elbowCorrDeg=5.3 wristCorrDeg=18.2 spdCmS=0.6 quiet=1 enterS=15.05 exitS=0.00 hasMpArm=1
[2026.07.10-05.02.29:288][889]LogMediaPipePose: mp.ArmDirCorrection: actor=MP_LiveMetaHumanKellan side=L engaged=1 rel=0.88 dirAlpha=1.00 applyAlpha=0.80 elbowCorrDeg=8.6 wristCorrDeg=13.6 spdCmS=30.7 quiet=0 enterS=16.06 exitS=0.00 hasMpArm=1
[2026.07.10-05.02.29:289][889]LogMediaPipePose: mp.ArmDirCorrection: actor=MP_LiveMetaHumanKellan side=R engaged=1 rel=0.95 dirAlpha=1.00 applyAlpha=0.78 elbowCorrDeg=6.7 wristCorrDeg=17.7 spdCmS=38.0 quiet=0 enterS=16.06 exitS=0.00 hasMpArm=1
[2026.07.10-05.02.30:313][920]LogMediaPipePose: mp.ArmDirCorrection: actor=MP_LiveMetaHumanKellan side=L engaged=1 rel=0.92 dirAlpha=1.00 applyAlpha=0.97 elbowCorrDeg=10.0 wristCorrDeg=13.1 spdCmS=1.2 quiet=1 enterS=17.08 exitS=0.00 hasMpArm=1
[2026.07.10-05.02.30:313][920]LogMediaPipePose: mp.ArmDirCorrection: actor=MP_LiveMetaHumanKellan side=R engaged=1 rel=0.94 dirAlpha=1.00 applyAlpha=0.90 elbowCorrDeg=7.9 wristCorrDeg=16.9 spdCmS=3.9 quiet=1 enterS=17.08 exitS=0.00 hasMpArm=1
[2026.07.10-05.02.31:320][950]LogMediaPipePose: mp.ArmDirCorrection: actor=MP_LiveMetaHumanKellan side=L engaged=1 rel=0.76 dirAlpha=1.00 applyAlpha=0.75 elbowCorrDeg=10.1 wristCorrDeg=13.1 spdCmS=57.0 quiet=0 enterS=18.09 exitS=0.00 hasMpArm=1
[2026.07.10-05.02.31:320][950]LogMediaPipePose: mp.ArmDirCorrection: actor=MP_LiveMetaHumanKellan side=R engaged=1 rel=0.82 dirAlpha=1.00 applyAlpha=0.78 elbowCorrDeg=8.5 wristCorrDeg=16.2 spdCmS=51.5 quiet=0 enterS=18.09 exitS=0.00 hasMpArm=1
[2026.07.10-05.02.32:334][980]LogMediaPipePose: mp.ArmDirCorrection: actor=MP_LiveMetaHumanKellan side=L engaged=1 rel=0.91 dirAlpha=1.00 applyAlpha=0.92 elbowCorrDeg=9.5 wristCorrDeg=13.1 spdCmS=1.1 quiet=1 enterS=19.10 exitS=0.00 hasMpArm=1
[2026.07.10-05.02.32:335][980]LogMediaPipePose: mp.ArmDirCorrection: actor=MP_LiveMetaHumanKellan side=R engaged=1 rel=0.95 dirAlpha=1.00 applyAlpha=0.94 elbowCorrDeg=8.0 wristCorrDeg=16.3 spdCmS=5.4 quiet=1 enterS=19.10 exitS=0.00 hasMpArm=1
[2026.07.10-05.02.33:353][ 11]LogMediaPipePose: mp.ArmDirCorrection: actor=MP_LiveMetaHumanKellan side=L engaged=1 rel=0.91 dirAlpha=1.00 applyAlpha=1.00 elbowCorrDeg=8.7 wristCorrDeg=12.6 spdCmS=12.2 quiet=1 enterS=20.12 exitS=0.00 hasMpArm=1
[2026.07.10-05.02.33:353][ 11]LogMediaPipePose: mp.ArmDirCorrection: actor=MP_LiveMetaHumanKellan side=R engaged=1 rel=0.96 dirAlpha=1.00 applyAlpha=0.99 elbowCorrDeg=7.7 wristCorrDeg=17.0 spdCmS=22.1 quiet=0 enterS=20.12 exitS=0.00 hasMpArm=1
[2026.07.10-05.02.34:398][ 42]LogMediaPipePose: mp.ArmDirCorrection: actor=MP_LiveMetaHumanKellan side=L engaged=1 rel=0.94 dirAlpha=1.00 applyAlpha=0.12 elbowCorrDeg=8.4 wristCorrDeg=13.0 spdCmS=66.0 quiet=0 enterS=21.17 exitS=0.00 hasMpArm=1
[2026.07.10-05.02.34:398][ 42]LogMediaPipePose: mp.ArmDirCorrection: actor=MP_LiveMetaHumanKellan side=R engaged=1 rel=0.95 dirAlpha=1.00 applyAlpha=0.12 elbowCorrDeg=7.1 wristCorrDeg=17.3 spdCmS=72.0 quiet=0 enterS=21.17 exitS=0.00 hasMpArm=1
[2026.07.10-05.02.35:398][ 72]LogMediaPipePose: mp.ArmDirCorrection: actor=MP_LiveMetaHumanKellan side=L engaged=1 rel=0.95 dirAlpha=1.00 applyAlpha=0.93 elbowCorrDeg=9.0 wristCorrDeg=9.0 spdCmS=8.3 quiet=1 enterS=22.17 exitS=0.00 hasMpArm=1
[2026.07.10-05.02.35:399][ 72]LogMediaPipePose: mp.ArmDirCorrection: actor=MP_LiveMetaHumanKellan side=R engaged=1 rel=0.95 dirAlpha=1.00 applyAlpha=0.96 elbowCorrDeg=6.5 wristCorrDeg=13.0 spdCmS=10.0 quiet=1 enterS=22.17 exitS=0.00 hasMpArm=1
[2026.07.10-05.02.36:413][103]LogMediaPipePose: mp.ArmDirCorrection: actor=MP_LiveMetaHumanKellan side=L engaged=1 rel=0.81 dirAlpha=1.00 applyAlpha=0.94 elbowCorrDeg=8.7 wristCorrDeg=6.4 spdCmS=5.7 quiet=1 enterS=23.18 exitS=0.00 hasMpArm=1
[2026.07.10-05.02.36:413][103]LogMediaPipePose: mp.ArmDirCorrection: actor=MP_LiveMetaHumanKellan side=R engaged=1 rel=0.82 dirAlpha=1.00 applyAlpha=0.99 elbowCorrDeg=4.8 wristCorrDeg=9.5 spdCmS=1.8 quiet=1 enterS=23.18 exitS=0.00 hasMpArm=1
[2026.07.10-05.02.37:425][133]LogMediaPipePose: mp.ArmDirCorrection: actor=MP_LiveMetaHumanKellan side=L engaged=1 rel=0.81 dirAlpha=1.00 applyAlpha=0.97 elbowCorrDeg=6.6 wristCorrDeg=4.1 spdCmS=10.5 quiet=1 enterS=24.20 exitS=0.00 hasMpArm=1
[2026.07.10-05.02.37:426][133]LogMediaPipePose: mp.ArmDirCorrection: actor=MP_LiveMetaHumanKellan side=R engaged=1 rel=0.80 dirAlpha=1.00 applyAlpha=1.00 elbowCorrDeg=2.8 wristCorrDeg=7.2 spdCmS=1.6 quiet=1 enterS=24.20 exitS=0.00 hasMpArm=1
[2026.07.10-05.02.38:451][164]LogMediaPipePose: mp.ArmDirCorrection: actor=MP_LiveMetaHumanKellan side=L engaged=1 rel=0.94 dirAlpha=1.00 applyAlpha=0.93 elbowCorrDeg=5.8 wristCorrDeg=3.4 spdCmS=2.0 quiet=1 enterS=25.22 exitS=0.00 hasMpArm=1
[2026.07.10-05.02.38:453][164]LogMediaPipePose: mp.ArmDirCorrection: actor=MP_LiveMetaHumanKellan side=R engaged=1 rel=0.92 dirAlpha=1.00 applyAlpha=0.93 elbowCorrDeg=2.7 wristCorrDeg=5.9 spdCmS=1.0 quiet=1 enterS=25.22 exitS=0.00 hasMpArm=1
[2026.07.10-05.02.39:452][194]LogMediaPipePose: mp.ArmDirCorrection: actor=MP_LiveMetaHumanKellan side=L engaged=1 rel=0.92 dirAlpha=1.00 applyAlpha=0.81 elbowCorrDeg=4.1 wristCorrDeg=3.4 spdCmS=7.3 quiet=1 enterS=26.22 exitS=0.00 hasMpArm=1
[2026.07.10-05.02.39:452][194]LogMediaPipePose: mp.ArmDirCorrection: actor=MP_LiveMetaHumanKellan side=R engaged=1 rel=0.90 dirAlpha=1.00 applyAlpha=0.84 elbowCorrDeg=2.1 wristCorrDeg=5.8 spdCmS=16.5 quiet=0 enterS=26.22 exitS=0.00 hasMpArm=1
[2026.07.10-05.02.40:462][224]LogMediaPipePose: mp.ArmDirCorrection: actor=MP_LiveMetaHumanKellan side=L engaged=1 rel=0.81 dirAlpha=1.00 applyAlpha=0.94 elbowCorrDeg=3.3 wristCorrDeg=1.6 spdCmS=44.7 quiet=0 enterS=27.23 exitS=0.00 hasMpArm=1
[2026.07.10-05.02.40:462][224]LogMediaPipePose: mp.ArmDirCorrection: actor=MP_LiveMetaHumanKellan side=R engaged=1 rel=0.80 dirAlpha=1.00 applyAlpha=0.73 elbowCorrDeg=2.9 wristCorrDeg=4.0 spdCmS=52.4 quiet=0 enterS=27.23 exitS=0.00 hasMpArm=1
[2026.07.10-05.02.41:489][255]LogMediaPipePose: mp.ArmDirCorrection: actor=MP_LiveMetaHumanKellan side=L engaged=1 rel=0.81 dirAlpha=1.00 applyAlpha=0.84 elbowCorrDeg=3.8 wristCorrDeg=2.1 spdCmS=67.1 quiet=0 enterS=28.26 exitS=0.00 hasMpArm=1
[2026.07.10-05.02.41:489][255]LogMediaPipePose: mp.ArmDirCorrection: actor=MP_LiveMetaHumanKellan side=R engaged=1 rel=0.79 dirAlpha=1.00 applyAlpha=0.96 elbowCorrDeg=2.5 wristCorrDeg=3.6 spdCmS=27.3 quiet=0 enterS=28.26 exitS=0.00 hasMpArm=1
[2026.07.10-05.02.42:524][286]LogMediaPipePose: mp.ArmDirCorrection: actor=MP_LiveMetaHumanKellan side=L engaged=1 rel=0.91 dirAlpha=1.00 applyAlpha=0.98 elbowCorrDeg=8.4 wristCorrDeg=2.1 spdCmS=1.1 quiet=1 enterS=29.29 exitS=0.00 hasMpArm=1
[2026.07.10-05.02.42:524][286]LogMediaPipePose: mp.ArmDirCorrection: actor=MP_LiveMetaHumanKellan side=R engaged=1 rel=0.86 dirAlpha=1.00 applyAlpha=1.00 elbowCorrDeg=1.0 wristCorrDeg=6.2 spdCmS=1.6 quiet=1 enterS=29.29 exitS=0.00 hasMpArm=1
[2026.07.10-05.02.43:557][317]LogMediaPipePose: mp.ArmDirCorrection: actor=MP_LiveMetaHumanKellan side=L engaged=1 rel=0.88 dirAlpha=1.00 applyAlpha=1.00 elbowCorrDeg=13.6 wristCorrDeg=4.5 spdCmS=1.9 quiet=1 enterS=30.33 exitS=0.00 hasMpArm=1
[2026.07.10-05.02.43:558][317]LogMediaPipePose: mp.ArmDirCorrection: actor=MP_LiveMetaHumanKellan side=R engaged=1 rel=0.81 dirAlpha=1.00 applyAlpha=1.00 elbowCorrDeg=1.1 wristCorrDeg=8.2 spdCmS=0.7 quiet=1 enterS=30.33 exitS=0.00 hasMpArm=1
[2026.07.10-05.02.44:559][347]LogMediaPipePose: mp.ArmDirCorrection: actor=MP_LiveMetaHumanKellan side=L engaged=1 rel=0.92 dirAlpha=1.00 applyAlpha=0.71 elbowCorrDeg=15.4 wristCorrDeg=5.5 spdCmS=50.8 quiet=0 enterS=31.33 exitS=0.00 hasMpArm=1
[2026.07.10-05.02.44:561][347]LogMediaPipePose: mp.ArmDirCorrection: actor=MP_LiveMetaHumanKellan side=R engaged=1 rel=0.88 dirAlpha=1.00 applyAlpha=0.81 elbowCorrDeg=1.2 wristCorrDeg=9.8 spdCmS=28.6 quiet=0 enterS=31.33 exitS=0.00 hasMpArm=1
[2026.07.10-05.02.45:567][377]LogMediaPipePose: mp.ArmDirCorrection: actor=MP_LiveMetaHumanKellan side=L engaged=1 rel=0.93 dirAlpha=1.00 applyAlpha=0.68 elbowCorrDeg=15.5 wristCorrDeg=5.3 spdCmS=31.2 quiet=0 enterS=32.34 exitS=0.00 hasMpArm=1
[2026.07.10-05.02.45:567][377]LogMediaPipePose: mp.ArmDirCorrection: actor=MP_LiveMetaHumanKellan side=R engaged=1 rel=0.91 dirAlpha=1.00 applyAlpha=0.93 elbowCorrDeg=1.0 wristCorrDeg=10.3 spdCmS=14.1 quiet=1 enterS=32.34 exitS=0.00 hasMpArm=1
[2026.07.10-05.02.46:587][408]LogMediaPipePose: mp.ArmDirCorrection: actor=MP_LiveMetaHumanKellan side=L engaged=1 rel=0.80 dirAlpha=1.00 applyAlpha=0.98 elbowCorrDeg=18.0 wristCorrDeg=7.4 spdCmS=10.2 quiet=1 enterS=33.36 exitS=0.00 hasMpArm=1
[2026.07.10-05.02.46:587][408]LogMediaPipePose: mp.ArmDirCorrection: actor=MP_LiveMetaHumanKellan side=R engaged=1 rel=0.70 dirAlpha=1.00 applyAlpha=1.00 elbowCorrDeg=2.0 wristCorrDeg=11.5 spdCmS=1.9 quiet=1 enterS=33.36 exitS=0.00 hasMpArm=1
[2026.07.10-05.02.47:627][439]LogMediaPipePose: mp.ArmDirCorrection: actor=MP_LiveMetaHumanKellan side=L engaged=1 rel=0.93 dirAlpha=1.00 applyAlpha=0.97 elbowCorrDeg=20.0 wristCorrDeg=7.6 spdCmS=3.8 quiet=1 enterS=34.40 exitS=0.00 hasMpArm=1
[2026.07.10-05.02.47:627][439]LogMediaPipePose: mp.ArmDirCorrection: actor=MP_LiveMetaHumanKellan side=R engaged=1 rel=0.94 dirAlpha=1.00 applyAlpha=1.00 elbowCorrDeg=3.6 wristCorrDeg=9.8 spdCmS=3.8 quiet=1 enterS=34.40 exitS=0.00 hasMpArm=1
[2026.07.10-05.02.48:631][469]LogMediaPipePose: mp.ArmDirCorrection: actor=MP_LiveMetaHumanKellan side=L engaged=1 rel=0.92 dirAlpha=1.00 applyAlpha=0.90 elbowCorrDeg=19.8 wristCorrDeg=7.3 spdCmS=2.2 quiet=1 enterS=35.40 exitS=0.00 hasMpArm=1
[2026.07.10-05.02.48:631][469]LogMediaPipePose: mp.ArmDirCorrection: actor=MP_LiveMetaHumanKellan side=R engaged=1 rel=0.90 dirAlpha=1.00 applyAlpha=0.95 elbowCorrDeg=4.4 wristCorrDeg=9.3 spdCmS=8.1 quiet=1 enterS=35.40 exitS=0.00 hasMpArm=1
[2026.07.10-05.02.49:632][499]LogMediaPipePose: mp.ArmDirCorrection: actor=MP_LiveMetaHumanKellan side=L engaged=1 rel=0.93 dirAlpha=1.00 applyAlpha=0.97 elbowCorrDeg=19.7 wristCorrDeg=7.3 spdCmS=2.0 quiet=1 enterS=36.40 exitS=0.00 hasMpArm=1
[2026.07.10-05.02.49:633][499]LogMediaPipePose: mp.ArmDirCorrection: actor=MP_LiveMetaHumanKellan side=R engaged=1 rel=0.91 dirAlpha=1.00 applyAlpha=1.00 elbowCorrDeg=3.3 wristCorrDeg=10.0 spdCmS=5.0 quiet=1 enterS=36.40 exitS=0.00 hasMpArm=1
[2026.07.10-05.02.50:666][530]LogMediaPipePose: mp.ArmDirCorrection: actor=MP_LiveMetaHumanKellan side=L engaged=1 rel=0.93 dirAlpha=1.00 applyAlpha=0.95 elbowCorrDeg=20.0 wristCorrDeg=8.7 spdCmS=5.0 quiet=1 enterS=37.44 exitS=0.00 hasMpArm=1
[2026.07.10-05.02.50:666][530]LogMediaPipePose: mp.ArmDirCorrection: actor=MP_LiveMetaHumanKellan side=R engaged=1 rel=0.95 dirAlpha=1.00 applyAlpha=1.00 elbowCorrDeg=4.5 wristCorrDeg=9.4 spdCmS=8.1 quiet=1 enterS=37.44 exitS=0.00 hasMpArm=1
[2026.07.10-05.02.51:686][561]LogMediaPipePose: mp.ArmDirCorrection: actor=MP_LiveMetaHumanKellan side=L engaged=1 rel=0.93 dirAlpha=1.00 applyAlpha=0.67 elbowCorrDeg=20.0 wristCorrDeg=9.4 spdCmS=45.2 quiet=0 enterS=38.46 exitS=0.00 hasMpArm=1
[2026.07.10-05.02.51:686][561]LogMediaPipePose: mp.ArmDirCorrection: actor=MP_LiveMetaHumanKellan side=R engaged=1 rel=0.91 dirAlpha=1.00 applyAlpha=0.85 elbowCorrDeg=5.4 wristCorrDeg=8.6 spdCmS=30.4 quiet=0 enterS=38.46 exitS=0.00 hasMpArm=1
[2026.07.10-05.02.52:699][591]LogMediaPipePose: mp.ArmDirCorrection: actor=MP_LiveMetaHumanKellan side=L engaged=1 rel=0.93 dirAlpha=1.00 applyAlpha=0.63 elbowCorrDeg=20.0 wristCorrDeg=9.7 spdCmS=37.9 quiet=0 enterS=39.47 exitS=0.00 hasMpArm=1
[2026.07.10-05.02.52:699][591]LogMediaPipePose: mp.ArmDirCorrection: actor=MP_LiveMetaHumanKellan side=R engaged=1 rel=0.90 dirAlpha=1.00 applyAlpha=0.95 elbowCorrDeg=5.5 wristCorrDeg=8.7 spdCmS=0.5 quiet=1 enterS=39.47 exitS=0.00 hasMpArm=1
[2026.07.10-05.02.53:731][622]LogMediaPipePose: mp.ArmDirCorrection: actor=MP_LiveMetaHumanKellan side=L engaged=1 rel=0.92 dirAlpha=1.00 applyAlpha=0.99 elbowCorrDeg=20.0 wristCorrDeg=11.0 spdCmS=12.7 quiet=1 enterS=40.50 exitS=0.00 hasMpArm=1
[2026.07.10-05.02.53:731][622]LogMediaPipePose: mp.ArmDirCorrection: actor=MP_LiveMetaHumanKellan side=R engaged=1 rel=0.91 dirAlpha=1.00 applyAlpha=0.99 elbowCorrDeg=6.5 wristCorrDeg=8.3 spdCmS=4.9 quiet=1 enterS=40.50 exitS=0.00 hasMpArm=1
[2026.07.10-05.02.54:767][653]LogMediaPipePose: mp.ArmDirCorrection: actor=MP_LiveMetaHumanKellan side=L engaged=1 rel=0.93 dirAlpha=1.00 applyAlpha=0.96 elbowCorrDeg=19.8 wristCorrDeg=10.7 spdCmS=3.1 quiet=1 enterS=41.54 exitS=0.00 hasMpArm=1
[2026.07.10-05.02.54:767][653]LogMediaPipePose: mp.ArmDirCorrection: actor=MP_LiveMetaHumanKellan side=R engaged=1 rel=0.91 dirAlpha=1.00 applyAlpha=0.99 elbowCorrDeg=6.7 wristCorrDeg=8.0 spdCmS=0.9 quiet=1 enterS=41.54 exitS=0.00 hasMpArm=1
[2026.07.10-05.02.55:801][684]LogMediaPipePose: mp.ArmDirCorrection: actor=MP_LiveMetaHumanKellan side=L engaged=1 rel=0.94 dirAlpha=1.00 applyAlpha=0.97 elbowCorrDeg=20.0 wristCorrDeg=10.6 spdCmS=13.8 quiet=1 enterS=42.57 exitS=0.00 hasMpArm=1
[2026.07.10-05.02.55:801][684]LogMediaPipePose: mp.ArmDirCorrection: actor=MP_LiveMetaHumanKellan side=R engaged=1 rel=0.92 dirAlpha=1.00 applyAlpha=0.95 elbowCorrDeg=6.8 wristCorrDeg=7.6 spdCmS=14.9 quiet=1 enterS=42.57 exitS=0.00 hasMpArm=1
[2026.07.10-05.02.56:818][715]LogMediaPipePose: mp.ArmDirCorrection: actor=MP_LiveMetaHumanKellan side=L engaged=1 rel=0.95 dirAlpha=1.00 applyAlpha=0.81 elbowCorrDeg=20.0 wristCorrDeg=11.1 spdCmS=4.2 quiet=1 enterS=43.59 exitS=0.00 hasMpArm=1
[2026.07.10-05.02.56:818][715]LogMediaPipePose: mp.ArmDirCorrection: actor=MP_LiveMetaHumanKellan side=R engaged=1 rel=0.93 dirAlpha=1.00 applyAlpha=0.96 elbowCorrDeg=7.1 wristCorrDeg=7.3 spdCmS=4.4 quiet=1 enterS=43.59 exitS=0.00 hasMpArm=1
[2026.07.10-05.02.57:836][745]LogMediaPipePose: mp.ArmDirCorrection: actor=MP_LiveMetaHumanKellan side=L engaged=1 rel=0.94 dirAlpha=1.00 applyAlpha=0.81 elbowCorrDeg=20.0 wristCorrDeg=11.9 spdCmS=2.5 quiet=1 enterS=44.61 exitS=0.00 hasMpArm=1
[2026.07.10-05.02.57:836][745]LogMediaPipePose: mp.ArmDirCorrection: actor=MP_LiveMetaHumanKellan side=R engaged=1 rel=0.91 dirAlpha=1.00 applyAlpha=0.84 elbowCorrDeg=6.9 wristCorrDeg=7.4 spdCmS=10.3 quiet=1 enterS=44.61 exitS=0.00 hasMpArm=1
[2026.07.10-05.02.58:855][776]LogMediaPipePose: mp.ArmDirCorrection: actor=MP_LiveMetaHumanKellan side=L engaged=1 rel=0.93 dirAlpha=1.00 applyAlpha=0.99 elbowCorrDeg=20.0 wristCorrDeg=13.9 spdCmS=4.3 quiet=1 enterS=45.62 exitS=0.00 hasMpArm=1
[2026.07.10-05.02.58:855][776]LogMediaPipePose: mp.ArmDirCorrection: actor=MP_LiveMetaHumanKellan side=R engaged=1 rel=0.93 dirAlpha=1.00 applyAlpha=0.99 elbowCorrDeg=7.7 wristCorrDeg=6.9 spdCmS=5.1 quiet=1 enterS=45.62 exitS=0.00 hasMpArm=1
[2026.07.10-05.02.59:858][806]LogMediaPipePose: mp.ArmDirCorrection: actor=MP_LiveMetaHumanKellan side=L engaged=1 rel=0.92 dirAlpha=1.00 applyAlpha=0.89 elbowCorrDeg=20.0 wristCorrDeg=15.0 spdCmS=62.9 quiet=0 enterS=46.63 exitS=0.00 hasMpArm=1
[2026.07.10-05.02.59:860][806]LogMediaPipePose: mp.ArmDirCorrection: actor=MP_LiveMetaHumanKellan side=R engaged=1 rel=0.90 dirAlpha=1.00 applyAlpha=0.97 elbowCorrDeg=8.7 wristCorrDeg=5.9 spdCmS=17.5 quiet=0 enterS=46.63 exitS=0.00 hasMpArm=1
[2026.07.10-05.03.00:894][837]LogMediaPipePose: mp.ArmDirCorrection: actor=MP_LiveMetaHumanKellan side=L engaged=1 rel=0.94 dirAlpha=1.00 applyAlpha=0.70 elbowCorrDeg=20.0 wristCorrDeg=15.0 spdCmS=52.5 quiet=0 enterS=47.66 exitS=0.00 hasMpArm=1
[2026.07.10-05.03.00:894][837]LogMediaPipePose: mp.ArmDirCorrection: actor=MP_LiveMetaHumanKellan side=R engaged=1 rel=0.91 dirAlpha=1.00 applyAlpha=0.94 elbowCorrDeg=8.3 wristCorrDeg=6.3 spdCmS=18.8 quiet=0 enterS=47.66 exitS=0.00 hasMpArm=1
[2026.07.10-05.03.01:928][868]LogMediaPipePose: mp.ArmDirCorrection: actor=MP_LiveMetaHumanKellan side=L engaged=1 rel=0.91 dirAlpha=1.00 applyAlpha=0.99 elbowCorrDeg=20.0 wristCorrDeg=16.3 spdCmS=15.3 quiet=0 enterS=48.70 exitS=0.00 hasMpArm=1
[2026.07.10-05.03.01:929][868]LogMediaPipePose: mp.ArmDirCorrection: actor=MP_LiveMetaHumanKellan side=R engaged=1 rel=0.91 dirAlpha=1.00 applyAlpha=1.00 elbowCorrDeg=8.2 wristCorrDeg=7.1 spdCmS=9.7 quiet=1 enterS=48.70 exitS=0.00 hasMpArm=1
[2026.07.10-05.03.02:972][899]LogMediaPipePose: mp.ArmDirCorrection: actor=MP_LiveMetaHumanKellan side=L engaged=1 rel=0.95 dirAlpha=1.00 applyAlpha=0.74 elbowCorrDeg=20.0 wristCorrDeg=16.1 spdCmS=20.2 quiet=0 enterS=49.74 exitS=0.00 hasMpArm=1
[2026.07.10-05.03.02:972][899]LogMediaPipePose: mp.ArmDirCorrection: actor=MP_LiveMetaHumanKellan side=R engaged=1 rel=0.92 dirAlpha=1.00 applyAlpha=0.82 elbowCorrDeg=8.7 wristCorrDeg=6.7 spdCmS=14.1 quiet=1 enterS=49.74 exitS=0.00 hasMpArm=1
[2026.07.10-05.03.03:981][930]LogMediaPipePose: mp.ArmDirCorrection: actor=MP_LiveMetaHumanKellan side=L engaged=1 rel=0.96 dirAlpha=1.00 applyAlpha=0.98 elbowCorrDeg=20.0 wristCorrDeg=14.6 spdCmS=7.0 quiet=1 enterS=50.75 exitS=0.00 hasMpArm=1
[2026.07.10-05.03.03:981][930]LogMediaPipePose: mp.ArmDirCorrection: actor=MP_LiveMetaHumanKellan side=R engaged=1 rel=0.92 dirAlpha=1.00 applyAlpha=0.97 elbowCorrDeg=9.9 wristCorrDeg=6.5 spdCmS=6.3 quiet=1 enterS=50.75 exitS=0.00 hasMpArm=1
[2026.07.10-05.03.04:993][960]LogMediaPipePose: mp.ArmDirCorrection: actor=MP_LiveMetaHumanKellan side=L engaged=1 rel=0.97 dirAlpha=1.00 applyAlpha=1.00 elbowCorrDeg=20.0 wristCorrDeg=14.0 spdCmS=2.4 quiet=1 enterS=51.76 exitS=0.00 hasMpArm=1
[2026.07.10-05.03.04:993][960]LogMediaPipePose: mp.ArmDirCorrection: actor=MP_LiveMetaHumanKellan side=R engaged=1 rel=0.94 dirAlpha=1.00 applyAlpha=1.00 elbowCorrDeg=13.1 wristCorrDeg=5.2 spdCmS=6.1 quiet=1 enterS=51.76 exitS=0.00 hasMpArm=1
[2026.07.10-05.03.06:023][991]LogMediaPipePose: mp.ArmDirCorrection: actor=MP_LiveMetaHumanKellan side=L engaged=1 rel=0.97 dirAlpha=1.00 applyAlpha=1.00 elbowCorrDeg=20.0 wristCorrDeg=13.6 spdCmS=5.2 quiet=1 enterS=52.79 exitS=0.00 hasMpArm=1
[2026.07.10-05.03.06:023][991]LogMediaPipePose: mp.ArmDirCorrection: actor=MP_LiveMetaHumanKellan side=R engaged=1 rel=0.91 dirAlpha=1.00 applyAlpha=1.00 elbowCorrDeg=15.6 wristCorrDeg=5.1 spdCmS=4.8 quiet=1 enterS=52.79 exitS=0.00 hasMpArm=1
[2026.07.10-05.03.07:058][ 22]LogMediaPipePose: mp.ArmDirCorrection: actor=MP_LiveMetaHumanKellan side=L engaged=1 rel=0.97 dirAlpha=1.00 applyAlpha=1.00 elbowCorrDeg=20.0 wristCorrDeg=13.3 spdCmS=1.5 quiet=1 enterS=53.83 exitS=0.00 hasMpArm=1
[2026.07.10-05.03.07:058][ 22]LogMediaPipePose: mp.ArmDirCorrection: actor=MP_LiveMetaHumanKellan side=R engaged=1 rel=0.95 dirAlpha=1.00 applyAlpha=1.00 elbowCorrDeg=17.8 wristCorrDeg=4.2 spdCmS=1.8 quiet=1 enterS=53.83 exitS=0.00 hasMpArm=1
[2026.07.10-05.03.08:080][ 53]LogMediaPipePose: mp.ArmDirCorrection: actor=MP_LiveMetaHumanKellan side=L engaged=1 rel=0.98 dirAlpha=1.00 applyAlpha=0.93 elbowCorrDeg=20.0 wristCorrDeg=12.2 spdCmS=10.1 quiet=1 enterS=54.85 exitS=0.00 hasMpArm=1
[2026.07.10-05.03.08:081][ 53]LogMediaPipePose: mp.ArmDirCorrection: actor=MP_LiveMetaHumanKellan side=R engaged=1 rel=0.98 dirAlpha=1.00 applyAlpha=0.90 elbowCorrDeg=19.5 wristCorrDeg=3.4 spdCmS=16.6 quiet=0 enterS=54.85 exitS=0.00 hasMpArm=1
[2026.07.10-05.03.09:119][ 84]LogMediaPipePose: mp.ArmDirCorrection: actor=MP_LiveMetaHumanKellan side=L engaged=1 rel=0.98 dirAlpha=1.00 applyAlpha=0.99 elbowCorrDeg=19.8 wristCorrDeg=9.6 spdCmS=1.9 quiet=1 enterS=55.89 exitS=0.00 hasMpArm=1
[2026.07.10-05.03.09:119][ 84]LogMediaPipePose: mp.ArmDirCorrection: actor=MP_LiveMetaHumanKellan side=R engaged=1 rel=0.98 dirAlpha=1.00 applyAlpha=0.94 elbowCorrDeg=20.0 wristCorrDeg=1.5 spdCmS=5.7 quiet=1 enterS=55.89 exitS=0.00 hasMpArm=1
[2026.07.10-05.03.10:135][114]LogMediaPipePose: mp.ArmDirCorrection: actor=MP_LiveMetaHumanKellan side=L engaged=1 rel=0.99 dirAlpha=1.00 applyAlpha=0.99 elbowCorrDeg=19.5 wristCorrDeg=7.5 spdCmS=1.5 quiet=1 enterS=56.90 exitS=0.00 hasMpArm=1
[2026.07.10-05.03.10:135][114]LogMediaPipePose: mp.ArmDirCorrection: actor=MP_LiveMetaHumanKellan side=R engaged=1 rel=0.99 dirAlpha=1.00 applyAlpha=1.00 elbowCorrDeg=20.0 wristCorrDeg=0.6 spdCmS=0.4 quiet=1 enterS=56.90 exitS=0.00 hasMpArm=1
[2026.07.10-05.03.11:164][145]LogMediaPipePose: mp.ArmDirCorrection: actor=MP_LiveMetaHumanKellan side=L engaged=1 rel=0.99 dirAlpha=1.00 applyAlpha=0.99 elbowCorrDeg=19.3 wristCorrDeg=6.2 spdCmS=5.2 quiet=1 enterS=57.93 exitS=0.00 hasMpArm=1
[2026.07.10-05.03.11:164][145]LogMediaPipePose: mp.ArmDirCorrection: actor=MP_LiveMetaHumanKellan side=R engaged=1 rel=0.99 dirAlpha=1.00 applyAlpha=1.00 elbowCorrDeg=20.0 wristCorrDeg=1.0 spdCmS=0.9 quiet=1 enterS=57.93 exitS=0.00 hasMpArm=1
[2026.07.10-05.03.12:194][176]LogMediaPipePose: mp.ArmDirCorrection: actor=MP_LiveMetaHumanKellan side=L engaged=1 rel=0.99 dirAlpha=1.00 applyAlpha=0.99 elbowCorrDeg=19.6 wristCorrDeg=5.8 spdCmS=2.0 quiet=1 enterS=58.96 exitS=0.00 hasMpArm=1
[2026.07.10-05.03.12:194][176]LogMediaPipePose: mp.ArmDirCorrection: actor=MP_LiveMetaHumanKellan side=R engaged=1 rel=0.99 dirAlpha=1.00 applyAlpha=1.00 elbowCorrDeg=20.0 wristCorrDeg=1.2 spdCmS=0.7 quiet=1 enterS=58.96 exitS=0.00 hasMpArm=1
[2026.07.10-05.03.13:232][207]LogMediaPipePose: mp.ArmDirCorrection: actor=MP_LiveMetaHumanKellan side=L engaged=1 rel=0.99 dirAlpha=1.00 applyAlpha=0.93 elbowCorrDeg=19.8 wristCorrDeg=5.5 spdCmS=27.4 quiet=0 enterS=60.00 exitS=0.00 hasMpArm=1
[2026.07.10-05.03.13:232][207]LogMediaPipePose: mp.ArmDirCorrection: actor=MP_LiveMetaHumanKellan side=R engaged=1 rel=0.99 dirAlpha=1.00 applyAlpha=1.00 elbowCorrDeg=20.0 wristCorrDeg=2.4 spdCmS=1.8 quiet=1 enterS=60.00 exitS=0.00 hasMpArm=1
[2026.07.10-05.03.14:232][237]LogMediaPipePose: mp.ArmDirCorrection: actor=MP_LiveMetaHumanKellan side=L engaged=1 rel=0.99 dirAlpha=1.00 applyAlpha=0.96 elbowCorrDeg=19.9 wristCorrDeg=4.9 spdCmS=1.1 quiet=1 enterS=61.00 exitS=0.00 hasMpArm=1
[2026.07.10-05.03.14:233][237]LogMediaPipePose: mp.ArmDirCorrection: actor=MP_LiveMetaHumanKellan side=R engaged=1 rel=0.99 dirAlpha=1.00 applyAlpha=0.95 elbowCorrDeg=20.0 wristCorrDeg=3.9 spdCmS=2.4 quiet=1 enterS=61.00 exitS=0.00 hasMpArm=1
[2026.07.10-05.03.15:256][268]LogMediaPipePose: mp.ArmDirCorrection: actor=MP_LiveMetaHumanKellan side=L engaged=1 rel=0.85 dirAlpha=1.00 applyAlpha=0.85 elbowCorrDeg=19.4 wristCorrDeg=4.0 spdCmS=19.6 quiet=0 enterS=62.03 exitS=0.00 hasMpArm=1
[2026.07.10-05.03.15:258][268]LogMediaPipePose: mp.ArmDirCorrection: actor=MP_LiveMetaHumanKellan side=R engaged=1 rel=0.85 dirAlpha=1.00 applyAlpha=0.85 elbowCorrDeg=20.0 wristCorrDeg=4.1 spdCmS=79.4 quiet=0 enterS=62.03 exitS=0.00 hasMpArm=1
[2026.07.10-05.03.16:261][298]LogMediaPipePose: mp.ArmDirCorrection: actor=MP_LiveMetaHumanKellan side=L engaged=1 rel=0.98 dirAlpha=1.00 applyAlpha=0.82 elbowCorrDeg=18.5 wristCorrDeg=3.4 spdCmS=29.0 quiet=0 enterS=63.03 exitS=0.00 hasMpArm=1
[2026.07.10-05.03.16:261][298]LogMediaPipePose: mp.ArmDirCorrection: actor=MP_LiveMetaHumanKellan side=R engaged=1 rel=0.98 dirAlpha=1.00 applyAlpha=0.90 elbowCorrDeg=19.5 wristCorrDeg=2.8 spdCmS=17.4 quiet=0 enterS=63.03 exitS=0.00 hasMpArm=1
[2026.07.10-05.03.17:284][329]LogMediaPipePose: mp.ArmDirCorrection: actor=MP_LiveMetaHumanKellan side=L engaged=1 rel=0.98 dirAlpha=1.00 applyAlpha=0.61 elbowCorrDeg=17.3 wristCorrDeg=2.5 spdCmS=40.3 quiet=0 enterS=64.05 exitS=0.00 hasMpArm=1
[2026.07.10-05.03.17:284][329]LogMediaPipePose: mp.ArmDirCorrection: actor=MP_LiveMetaHumanKellan side=R engaged=1 rel=0.98 dirAlpha=1.00 applyAlpha=0.75 elbowCorrDeg=19.8 wristCorrDeg=2.0 spdCmS=21.4 quiet=0 enterS=64.05 exitS=0.00 hasMpArm=1
[2026.07.10-05.03.18:319][360]LogMediaPipePose: mp.ArmDirCorrection: actor=MP_LiveMetaHumanKellan side=L engaged=1 rel=0.96 dirAlpha=1.00 applyAlpha=0.95 elbowCorrDeg=18.3 wristCorrDeg=2.6 spdCmS=7.0 quiet=1 enterS=65.09 exitS=0.00 hasMpArm=1
[2026.07.10-05.03.18:319][360]LogMediaPipePose: mp.ArmDirCorrection: actor=MP_LiveMetaHumanKellan side=R engaged=1 rel=0.94 dirAlpha=1.00 applyAlpha=0.95 elbowCorrDeg=20.0 wristCorrDeg=1.5 spdCmS=2.1 quiet=1 enterS=65.09 exitS=0.00 hasMpArm=1
[2026.07.10-05.03.19:325][390]LogMediaPipePose: mp.ArmDirCorrection: actor=MP_LiveMetaHumanKellan side=L engaged=1 rel=0.98 dirAlpha=1.00 applyAlpha=0.86 elbowCorrDeg=17.4 wristCorrDeg=1.8 spdCmS=25.7 quiet=0 enterS=66.10 exitS=0.00 hasMpArm=1
[2026.07.10-05.03.19:326][390]LogMediaPipePose: mp.ArmDirCorrection: actor=MP_LiveMetaHumanKellan side=R engaged=1 rel=0.98 dirAlpha=1.00 applyAlpha=0.84 elbowCorrDeg=19.4 wristCorrDeg=1.2 spdCmS=17.8 quiet=0 enterS=66.10 exitS=0.00 hasMpArm=1
[2026.07.10-05.03.20:361][421]LogMediaPipePose: mp.ArmDirCorrection: actor=MP_LiveMetaHumanKellan side=L engaged=1 rel=0.99 dirAlpha=1.00 applyAlpha=0.99 elbowCorrDeg=13.6 wristCorrDeg=1.1 spdCmS=1.6 quiet=1 enterS=67.13 exitS=0.00 hasMpArm=1
[2026.07.10-05.03.20:361][421]LogMediaPipePose: mp.ArmDirCorrection: actor=MP_LiveMetaHumanKellan side=R engaged=1 rel=0.99 dirAlpha=1.00 applyAlpha=0.99 elbowCorrDeg=17.5 wristCorrDeg=0.2 spdCmS=0.7 quiet=1 enterS=67.13 exitS=0.00 hasMpArm=1
[2026.07.10-05.03.21:391][452]LogMediaPipePose: mp.ArmDirCorrection: actor=MP_LiveMetaHumanKellan side=L engaged=1 rel=0.99 dirAlpha=1.00 applyAlpha=1.00 elbowCorrDeg=10.1 wristCorrDeg=3.8 spdCmS=4.9 quiet=1 enterS=68.16 exitS=0.00 hasMpArm=1
[2026.07.10-05.03.21:392][452]LogMediaPipePose: mp.ArmDirCorrection: actor=MP_LiveMetaHumanKellan side=R engaged=1 rel=0.98 dirAlpha=1.00 applyAlpha=1.00 elbowCorrDeg=15.7 wristCorrDeg=1.7 spdCmS=3.4 quiet=1 enterS=68.16 exitS=0.00 hasMpArm=1
[2026.07.10-05.03.22:396][482]LogMediaPipePose: mp.ArmDirCorrection: actor=MP_LiveMetaHumanKellan side=L engaged=1 rel=0.85 dirAlpha=1.00 applyAlpha=1.00 elbowCorrDeg=7.3 wristCorrDeg=6.2 spdCmS=4.5 quiet=1 enterS=69.17 exitS=0.00 hasMpArm=1
[2026.07.10-05.03.22:396][482]LogMediaPipePose: mp.ArmDirCorrection: actor=MP_LiveMetaHumanKellan side=R engaged=1 rel=0.84 dirAlpha=1.00 applyAlpha=1.00 elbowCorrDeg=14.1 wristCorrDeg=3.1 spdCmS=1.4 quiet=1 enterS=69.17 exitS=0.00 hasMpArm=1
[2026.07.10-05.03.23:432][513]LogMediaPipePose: mp.ArmDirCorrection: actor=MP_LiveMetaHumanKellan side=L engaged=1 rel=0.99 dirAlpha=1.00 applyAlpha=0.99 elbowCorrDeg=6.1 wristCorrDeg=7.2 spdCmS=1.1 quiet=1 enterS=70.20 exitS=0.00 hasMpArm=1
[2026.07.10-05.03.23:432][513]LogMediaPipePose: mp.ArmDirCorrection: actor=MP_LiveMetaHumanKellan side=R engaged=1 rel=0.99 dirAlpha=1.00 applyAlpha=0.94 elbowCorrDeg=13.4 wristCorrDeg=4.1 spdCmS=1.3 quiet=1 enterS=70.20 exitS=0.00 hasMpArm=1
[2026.07.10-05.03.24:466][544]LogMediaPipePose: mp.ArmDirCorrection: actor=MP_LiveMetaHumanKellan side=L engaged=1 rel=0.98 dirAlpha=1.00 applyAlpha=0.73 elbowCorrDeg=5.9 wristCorrDeg=6.8 spdCmS=18.9 quiet=0 enterS=71.24 exitS=0.00 hasMpArm=1
[2026.07.10-05.03.24:466][544]LogMediaPipePose: mp.ArmDirCorrection: actor=MP_LiveMetaHumanKellan side=R engaged=1 rel=0.97 dirAlpha=1.00 applyAlpha=0.67 elbowCorrDeg=13.6 wristCorrDeg=4.9 spdCmS=15.6 quiet=0 enterS=71.24 exitS=0.00 hasMpArm=1
[2026.07.10-05.03.25:920][588]LogMediaPipePose: mp.ArmDirCorrection: actor=MP_LiveMetaHumanKellan side=L engaged=1 rel=0.97 dirAlpha=1.00 applyAlpha=0.89 elbowCorrDeg=7.2 wristCorrDeg=5.7 spdCmS=9.4 quiet=1 enterS=72.25 exitS=0.00 hasMpArm=1
[2026.07.10-05.03.25:920][588]LogMediaPipePose: mp.ArmDirCorrection: actor=MP_LiveMetaHumanKellan side=R engaged=1 rel=0.96 dirAlpha=1.00 applyAlpha=0.93 elbowCorrDeg=14.9 wristCorrDeg=3.4 spdCmS=3.4 quiet=1 enterS=72.25 exitS=0.00 hasMpArm=1
[2026.07.10-05.03.26:501][605]LogMediaPipePose: mp.ArmDirCorrection: actor=MP_LiveMetaHumanKellan side=L engaged=1 rel=0.95 dirAlpha=1.00 applyAlpha=0.49 elbowCorrDeg=8.2 wristCorrDeg=5.2 spdCmS=9.2 quiet=1 enterS=73.27 exitS=0.00 hasMpArm=1
[2026.07.10-05.03.26:502][605]LogMediaPipePose: mp.ArmDirCorrection: actor=MP_LiveMetaHumanKellan side=R engaged=1 rel=0.96 dirAlpha=1.00 applyAlpha=0.51 elbowCorrDeg=15.7 wristCorrDeg=2.5 spdCmS=13.1 quiet=1 enterS=73.27 exitS=0.00 hasMpArm=1
[2026.07.10-05.03.27:502][635]LogMediaPipePose: mp.ArmDirCorrection: actor=MP_LiveMetaHumanKellan side=L engaged=1 rel=0.95 dirAlpha=1.00 applyAlpha=0.98 elbowCorrDeg=4.8 wristCorrDeg=6.5 spdCmS=0.7 quiet=1 enterS=74.27 exitS=0.00 hasMpArm=1
[2026.07.10-05.03.27:502][635]LogMediaPipePose: mp.ArmDirCorrection: actor=MP_LiveMetaHumanKellan side=R engaged=1 rel=0.95 dirAlpha=1.00 applyAlpha=0.98 elbowCorrDeg=11.7 wristCorrDeg=3.9 spdCmS=1.5 quiet=1 enterS=74.27 exitS=0.00 hasMpArm=1
[2026.07.10-05.03.28:528][666]LogMediaPipePose: mp.ArmDirCorrection: actor=MP_LiveMetaHumanKellan side=L engaged=1 rel=0.95 dirAlpha=1.00 applyAlpha=0.98 elbowCorrDeg=2.7 wristCorrDeg=8.2 spdCmS=2.6 quiet=1 enterS=75.30 exitS=0.00 hasMpArm=1
[2026.07.10-05.03.28:529][666]LogMediaPipePose: mp.ArmDirCorrection: actor=MP_LiveMetaHumanKellan side=R engaged=1 rel=0.95 dirAlpha=1.00 applyAlpha=0.98 elbowCorrDeg=7.7 wristCorrDeg=5.7 spdCmS=10.4 quiet=1 enterS=75.30 exitS=0.00 hasMpArm=1
[2026.07.10-05.03.29:568][697]LogMediaPipePose: mp.ArmDirCorrection: actor=MP_LiveMetaHumanKellan side=L engaged=1 rel=0.95 dirAlpha=1.00 applyAlpha=0.94 elbowCorrDeg=2.5 wristCorrDeg=8.7 spdCmS=13.9 quiet=1 enterS=76.34 exitS=0.00 hasMpArm=1
[2026.07.10-05.03.29:568][697]LogMediaPipePose: mp.ArmDirCorrection: actor=MP_LiveMetaHumanKellan side=R engaged=1 rel=0.95 dirAlpha=1.00 applyAlpha=0.97 elbowCorrDeg=5.3 wristCorrDeg=6.7 spdCmS=18.2 quiet=0 enterS=76.34 exitS=0.00 hasMpArm=1
[2026.07.10-05.03.30:589][728]LogMediaPipePose: mp.ArmDirCorrection: actor=MP_LiveMetaHumanKellan side=L engaged=1 rel=0.96 dirAlpha=1.00 applyAlpha=0.99 elbowCorrDeg=2.8 wristCorrDeg=9.4 spdCmS=5.6 quiet=1 enterS=77.36 exitS=0.00 hasMpArm=1
[2026.07.10-05.03.30:589][728]LogMediaPipePose: mp.ArmDirCorrection: actor=MP_LiveMetaHumanKellan side=R engaged=1 rel=0.95 dirAlpha=1.00 applyAlpha=1.00 elbowCorrDeg=1.5 wristCorrDeg=8.0 spdCmS=10.1 quiet=1 enterS=77.36 exitS=0.00 hasMpArm=1
[2026.07.10-05.03.31:593][758]LogMediaPipePose: mp.ArmDirCorrection: actor=MP_LiveMetaHumanKellan side=L engaged=1 rel=0.95 dirAlpha=1.00 applyAlpha=1.00 elbowCorrDeg=4.6 wristCorrDeg=10.2 spdCmS=3.6 quiet=1 enterS=78.36 exitS=0.00 hasMpArm=1
[2026.07.10-05.03.31:593][758]LogMediaPipePose: mp.ArmDirCorrection: actor=MP_LiveMetaHumanKellan side=R engaged=1 rel=0.95 dirAlpha=1.00 applyAlpha=1.00 elbowCorrDeg=1.6 wristCorrDeg=9.0 spdCmS=1.7 quiet=1 enterS=78.36 exitS=0.00 hasMpArm=1
[2026.07.10-05.03.32:615][789]LogMediaPipePose: mp.ArmDirCorrection: actor=MP_LiveMetaHumanKellan side=L engaged=1 rel=0.84 dirAlpha=1.00 applyAlpha=1.00 elbowCorrDeg=6.0 wristCorrDeg=11.1 spdCmS=2.4 quiet=1 enterS=79.38 exitS=0.00 hasMpArm=1
[2026.07.10-05.03.32:615][789]LogMediaPipePose: mp.ArmDirCorrection: actor=MP_LiveMetaHumanKellan side=R engaged=1 rel=0.83 dirAlpha=1.00 applyAlpha=1.00 elbowCorrDeg=3.2 wristCorrDeg=9.4 spdCmS=7.3 quiet=1 enterS=79.38 exitS=0.00 hasMpArm=1
[2026.07.10-05.03.33:653][820]LogMediaPipePose: mp.ArmDirCorrection: actor=MP_LiveMetaHumanKellan side=L engaged=1 rel=0.97 dirAlpha=1.00 applyAlpha=0.76 elbowCorrDeg=7.7 wristCorrDeg=11.5 spdCmS=1.0 quiet=1 enterS=80.42 exitS=0.00 hasMpArm=1
[2026.07.10-05.03.33:653][820]LogMediaPipePose: mp.ArmDirCorrection: actor=MP_LiveMetaHumanKellan side=R engaged=1 rel=0.97 dirAlpha=1.00 applyAlpha=0.76 elbowCorrDeg=5.2 wristCorrDeg=10.6 spdCmS=27.0 quiet=0 enterS=80.42 exitS=0.00 hasMpArm=1
[2026.07.10-05.03.34:690][851]LogMediaPipePose: mp.ArmDirCorrection: actor=MP_LiveMetaHumanKellan side=L engaged=1 rel=0.93 dirAlpha=1.00 applyAlpha=0.46 elbowCorrDeg=7.7 wristCorrDeg=10.9 spdCmS=34.2 quiet=0 enterS=81.46 exitS=0.00 hasMpArm=1
[2026.07.10-05.03.34:691][851]LogMediaPipePose: mp.ArmDirCorrection: actor=MP_LiveMetaHumanKellan side=R engaged=1 rel=0.93 dirAlpha=1.00 applyAlpha=0.46 elbowCorrDeg=6.1 wristCorrDeg=10.6 spdCmS=30.8 quiet=0 enterS=81.46 exitS=0.00 hasMpArm=1
[2026.07.10-05.03.35:691][881]LogMediaPipePose: mp.ArmDirCorrection: actor=MP_LiveMetaHumanKellan side=L engaged=1 rel=0.95 dirAlpha=1.00 applyAlpha=0.97 elbowCorrDeg=8.5 wristCorrDeg=11.3 spdCmS=1.6 quiet=1 enterS=82.46 exitS=0.00 hasMpArm=1
[2026.07.10-05.03.35:729][882]LogMediaPipePose: mp.ArmDirCorrection: actor=MP_LiveMetaHumanKellan side=R engaged=1 rel=0.95 dirAlpha=1.00 applyAlpha=0.98 elbowCorrDeg=7.4 wristCorrDeg=10.7 spdCmS=4.7 quiet=1 enterS=82.50 exitS=0.00 hasMpArm=1
[2026.07.10-05.03.36:699][911]LogMediaPipePose: mp.ArmDirCorrection: actor=MP_LiveMetaHumanKellan side=L engaged=1 rel=0.95 dirAlpha=1.00 applyAlpha=1.00 elbowCorrDeg=9.6 wristCorrDeg=12.4 spdCmS=12.8 quiet=1 enterS=83.47 exitS=0.00 hasMpArm=1
[2026.07.10-05.03.36:753][913]LogMediaPipePose: mp.ArmDirCorrection: actor=MP_LiveMetaHumanKellan side=R engaged=1 rel=0.95 dirAlpha=1.00 applyAlpha=1.00 elbowCorrDeg=8.7 wristCorrDeg=11.6 spdCmS=18.9 quiet=0 enterS=83.52 exitS=0.00 hasMpArm=1
[2026.07.10-05.03.37:701][941]LogMediaPipePose: mp.ArmDirCorrection: actor=MP_LiveMetaHumanKellan side=L engaged=1 rel=0.96 dirAlpha=1.00 applyAlpha=0.57 elbowCorrDeg=9.3 wristCorrDeg=13.0 spdCmS=37.0 quiet=0 enterS=84.47 exitS=0.00 hasMpArm=1
[2026.07.10-05.03.37:763][943]LogMediaPipePose: mp.ArmDirCorrection: actor=MP_LiveMetaHumanKellan side=R engaged=1 rel=0.94 dirAlpha=1.00 applyAlpha=0.50 elbowCorrDeg=9.0 wristCorrDeg=11.8 spdCmS=19.0 quiet=0 enterS=84.53 exitS=0.00 hasMpArm=1
[2026.07.10-05.03.38:722][972]LogMediaPipePose: mp.ArmDirCorrection: actor=MP_LiveMetaHumanKellan side=L engaged=1 rel=0.97 dirAlpha=1.00 applyAlpha=0.70 elbowCorrDeg=5.5 wristCorrDeg=10.6 spdCmS=67.9 quiet=0 enterS=85.49 exitS=0.00 hasMpArm=1
[2026.07.10-05.03.38:788][974]LogMediaPipePose: mp.ArmDirCorrection: actor=MP_LiveMetaHumanKellan side=R engaged=1 rel=0.97 dirAlpha=1.00 applyAlpha=0.67 elbowCorrDeg=4.9 wristCorrDeg=8.4 spdCmS=21.5 quiet=0 enterS=85.56 exitS=0.00 hasMpArm=1
[2026.07.10-05.03.39:729][  2]LogMediaPipePose: mp.ArmDirCorrection: actor=MP_LiveMetaHumanKellan side=L engaged=1 rel=0.80 dirAlpha=1.00 applyAlpha=0.57 elbowCorrDeg=3.6 wristCorrDeg=9.1 spdCmS=1.4 quiet=1 enterS=86.50 exitS=0.00 hasMpArm=1
[2026.07.10-05.03.39:797][  4]LogMediaPipePose: mp.ArmDirCorrection: actor=MP_LiveMetaHumanKellan side=R engaged=1 rel=0.93 dirAlpha=1.00 applyAlpha=0.60 elbowCorrDeg=3.0 wristCorrDeg=6.4 spdCmS=18.3 quiet=0 enterS=86.57 exitS=0.00 hasMpArm=1
[2026.07.10-05.03.40:761][ 33]LogMediaPipePose: mp.ArmDirCorrection: actor=MP_LiveMetaHumanKellan side=L engaged=1 rel=0.95 dirAlpha=1.00 applyAlpha=0.91 elbowCorrDeg=4.2 wristCorrDeg=9.4 spdCmS=9.0 quiet=1 enterS=87.53 exitS=0.00 hasMpArm=1
[2026.07.10-05.03.40:826][ 35]LogMediaPipePose: mp.ArmDirCorrection: actor=MP_LiveMetaHumanKellan side=R engaged=1 rel=0.95 dirAlpha=1.00 applyAlpha=0.79 elbowCorrDeg=3.6 wristCorrDeg=6.5 spdCmS=61.2 quiet=0 enterS=87.59 exitS=0.00 hasMpArm=1
[2026.07.10-05.03.41:787][ 64]LogMediaPipePose: mp.ArmDirCorrection: actor=MP_LiveMetaHumanKellan side=L engaged=1 rel=0.97 dirAlpha=1.00 applyAlpha=0.38 elbowCorrDeg=5.2 wristCorrDeg=9.3 spdCmS=92.2 quiet=0 enterS=88.56 exitS=0.00 hasMpArm=1
[2026.07.10-05.03.41:829][ 65]LogMediaPipePose: mp.ArmDirCorrection: actor=MP_LiveMetaHumanKellan side=R engaged=1 rel=0.97 dirAlpha=1.00 applyAlpha=0.33 elbowCorrDeg=4.0 wristCorrDeg=6.8 spdCmS=129.8 quiet=0 enterS=88.60 exitS=0.00 hasMpArm=1
[2026.07.10-05.03.42:822][ 95]LogMediaPipePose: mp.ArmDirCorrection: actor=MP_LiveMetaHumanKellan side=L engaged=1 rel=0.95 dirAlpha=1.00 applyAlpha=0.85 elbowCorrDeg=5.0 wristCorrDeg=9.0 spdCmS=6.5 quiet=1 enterS=89.59 exitS=0.00 hasMpArm=1
[2026.07.10-05.03.42:860][ 96]LogMediaPipePose: mp.ArmDirCorrection: actor=MP_LiveMetaHumanKellan side=R engaged=1 rel=0.95 dirAlpha=1.00 applyAlpha=0.91 elbowCorrDeg=3.3 wristCorrDeg=6.5 spdCmS=0.5 quiet=1 enterS=89.63 exitS=0.00 hasMpArm=1
[2026.07.10-05.03.43:860][126]LogMediaPipePose: mp.ArmDirCorrection: actor=MP_LiveMetaHumanKellan side=L engaged=1 rel=0.95 dirAlpha=1.00 applyAlpha=0.92 elbowCorrDeg=5.6 wristCorrDeg=9.5 spdCmS=29.9 quiet=0 enterS=90.63 exitS=0.00 hasMpArm=1
[2026.07.10-05.03.43:902][127]LogMediaPipePose: mp.ArmDirCorrection: actor=MP_LiveMetaHumanKellan side=R engaged=1 rel=0.95 dirAlpha=1.00 applyAlpha=0.98 elbowCorrDeg=3.3 wristCorrDeg=6.9 spdCmS=9.0 quiet=1 enterS=90.67 exitS=0.00 hasMpArm=1
[2026.07.10-05.03.44:897][157]LogMediaPipePose: mp.ArmDirCorrection: actor=MP_LiveMetaHumanKellan side=L engaged=1 rel=0.95 dirAlpha=1.00 applyAlpha=0.28 elbowCorrDeg=5.6 wristCorrDeg=10.2 spdCmS=29.8 quiet=0 enterS=91.67 exitS=0.00 hasMpArm=1
[2026.07.10-05.03.44:922][158]LogMediaPipePose: mp.ArmDirCorrection: actor=MP_LiveMetaHumanKellan side=R engaged=1 rel=0.94 dirAlpha=1.00 applyAlpha=0.28 elbowCorrDeg=4.0 wristCorrDeg=8.0 spdCmS=98.0 quiet=0 enterS=91.69 exitS=0.00 hasMpArm=1
[2026.07.10-05.03.45:919][188]LogMediaPipePose: mp.ArmDirCorrection: actor=MP_LiveMetaHumanKellan side=L engaged=1 rel=0.90 dirAlpha=1.00 applyAlpha=0.89 elbowCorrDeg=8.0 wristCorrDeg=8.2 spdCmS=7.5 quiet=1 enterS=92.69 exitS=0.00 hasMpArm=1
[2026.07.10-05.03.45:946][189]LogMediaPipePose: mp.ArmDirCorrection: actor=MP_LiveMetaHumanKellan side=R engaged=1 rel=0.95 dirAlpha=1.00 applyAlpha=0.91 elbowCorrDeg=5.3 wristCorrDeg=6.6 spdCmS=4.4 quiet=1 enterS=92.72 exitS=0.00 hasMpArm=1
[2026.07.10-05.03.46:927][218]LogMediaPipePose: mp.ArmDirCorrection: actor=MP_LiveMetaHumanKellan side=L engaged=1 rel=0.88 dirAlpha=1.00 applyAlpha=0.94 elbowCorrDeg=9.8 wristCorrDeg=6.7 spdCmS=5.8 quiet=1 enterS=93.70 exitS=0.00 hasMpArm=1
[2026.07.10-05.03.46:956][219]LogMediaPipePose: mp.ArmDirCorrection: actor=MP_LiveMetaHumanKellan side=R engaged=1 rel=0.94 dirAlpha=1.00 applyAlpha=0.98 elbowCorrDeg=7.4 wristCorrDeg=8.7 spdCmS=1.0 quiet=1 enterS=93.73 exitS=0.00 hasMpArm=1
[2026.07.10-05.03.47:962][249]LogMediaPipePose: mp.ArmDirCorrection: actor=MP_LiveMetaHumanKellan side=L engaged=1 rel=0.92 dirAlpha=1.00 applyAlpha=0.53 elbowCorrDeg=9.8 wristCorrDeg=5.9 spdCmS=23.2 quiet=0 enterS=94.73 exitS=0.00 hasMpArm=1
[2026.07.10-05.03.47:962][249]LogMediaPipePose: mp.ArmDirCorrection: actor=MP_LiveMetaHumanKellan side=R engaged=1 rel=0.96 dirAlpha=1.00 applyAlpha=0.61 elbowCorrDeg=8.3 wristCorrDeg=9.9 spdCmS=27.1 quiet=0 enterS=94.73 exitS=0.00 hasMpArm=1
[2026.07.10-05.03.48:983][280]LogMediaPipePose: mp.ArmDirCorrection: actor=MP_LiveMetaHumanKellan side=L engaged=1 rel=0.84 dirAlpha=1.00 applyAlpha=0.56 elbowCorrDeg=8.7 wristCorrDeg=5.2 spdCmS=60.2 quiet=0 enterS=95.75 exitS=0.00 hasMpArm=1
[2026.07.10-05.03.48:983][280]LogMediaPipePose: mp.ArmDirCorrection: actor=MP_LiveMetaHumanKellan side=R engaged=1 rel=0.83 dirAlpha=1.00 applyAlpha=0.73 elbowCorrDeg=8.3 wristCorrDeg=10.3 spdCmS=15.2 quiet=0 enterS=95.75 exitS=0.00 hasMpArm=1
[2026.07.10-05.03.50:035][311]LogMediaPipePose: mp.ArmDirCorrection: actor=MP_LiveMetaHumanKellan side=L engaged=1 rel=0.93 dirAlpha=1.00 applyAlpha=0.60 elbowCorrDeg=8.4 wristCorrDeg=4.8 spdCmS=124.0 quiet=0 enterS=96.80 exitS=0.00 hasMpArm=1
[2026.07.10-05.03.50:035][311]LogMediaPipePose: mp.ArmDirCorrection: actor=MP_LiveMetaHumanKellan side=R engaged=1 rel=0.93 dirAlpha=1.00 applyAlpha=0.56 elbowCorrDeg=7.9 wristCorrDeg=9.8 spdCmS=24.8 quiet=0 enterS=96.80 exitS=0.00 hasMpArm=1
[2026.07.10-05.03.51:062][342]LogMediaPipePose: mp.ArmDirCorrection: actor=MP_LiveMetaHumanKellan side=L engaged=1 rel=0.80 dirAlpha=1.00 applyAlpha=0.94 elbowCorrDeg=8.4 wristCorrDeg=4.9 spdCmS=9.2 quiet=1 enterS=97.83 exitS=0.00 hasMpArm=1
[2026.07.10-05.03.51:062][342]LogMediaPipePose: mp.ArmDirCorrection: actor=MP_LiveMetaHumanKellan side=R engaged=1 rel=0.78 dirAlpha=1.00 applyAlpha=0.92 elbowCorrDeg=7.7 wristCorrDeg=8.5 spdCmS=27.0 quiet=0 enterS=97.83 exitS=0.00 hasMpArm=1
[2026.07.10-05.03.52:078][373]LogMediaPipePose: mp.ArmDirCorrection: actor=MP_LiveMetaHumanKellan side=L engaged=1 rel=0.81 dirAlpha=1.00 applyAlpha=0.42 elbowCorrDeg=8.8 wristCorrDeg=5.2 spdCmS=26.1 quiet=0 enterS=98.85 exitS=0.00 hasMpArm=1
[2026.07.10-05.03.52:079][373]LogMediaPipePose: mp.ArmDirCorrection: actor=MP_LiveMetaHumanKellan side=R engaged=1 rel=0.80 dirAlpha=1.00 applyAlpha=0.49 elbowCorrDeg=7.9 wristCorrDeg=8.4 spdCmS=35.8 quiet=0 enterS=98.85 exitS=0.00 hasMpArm=1
[2026.07.10-05.03.53:131][404]LogMediaPipePose: mp.ArmDirCorrection: actor=MP_LiveMetaHumanKellan side=L engaged=1 rel=0.97 dirAlpha=1.00 applyAlpha=0.71 elbowCorrDeg=10.1 wristCorrDeg=4.8 spdCmS=63.5 quiet=0 enterS=99.90 exitS=0.00 hasMpArm=1
[2026.07.10-05.03.53:131][404]LogMediaPipePose: mp.ArmDirCorrection: actor=MP_LiveMetaHumanKellan side=R engaged=1 rel=0.96 dirAlpha=1.00 applyAlpha=0.74 elbowCorrDeg=8.5 wristCorrDeg=9.6 spdCmS=64.3 quiet=0 enterS=99.90 exitS=0.00 hasMpArm=1
[2026.07.10-05.03.54:163][435]LogMediaPipePose: mp.ArmDirCorrection: actor=MP_LiveMetaHumanKellan side=L engaged=1 rel=0.95 dirAlpha=1.00 applyAlpha=0.34 elbowCorrDeg=9.8 wristCorrDeg=4.7 spdCmS=138.0 quiet=0 enterS=100.93 exitS=0.00 hasMpArm=1
[2026.07.10-05.03.54:163][435]LogMediaPipePose: mp.ArmDirCorrection: actor=MP_LiveMetaHumanKellan side=R engaged=1 rel=0.95 dirAlpha=1.00 applyAlpha=0.22 elbowCorrDeg=8.2 wristCorrDeg=9.3 spdCmS=103.2 quiet=0 enterS=100.93 exitS=0.00 hasMpArm=1
[2026.07.10-05.03.55:196][466]LogMediaPipePose: mp.ArmDirCorrection: actor=MP_LiveMetaHumanKellan side=L engaged=1 rel=0.94 dirAlpha=1.00 applyAlpha=0.87 elbowCorrDeg=12.7 wristCorrDeg=5.5 spdCmS=8.2 quiet=1 enterS=101.97 exitS=0.00 hasMpArm=1
[2026.07.10-05.03.55:196][466]LogMediaPipePose: mp.ArmDirCorrection: actor=MP_LiveMetaHumanKellan side=R engaged=1 rel=0.95 dirAlpha=1.00 applyAlpha=0.95 elbowCorrDeg=9.6 wristCorrDeg=9.5 spdCmS=23.8 quiet=0 enterS=101.97 exitS=0.00 hasMpArm=1
[2026.07.10-05.03.56:196][496]LogMediaPipePose: mp.ArmDirCorrection: actor=MP_LiveMetaHumanKellan side=L engaged=1 rel=0.89 dirAlpha=1.00 applyAlpha=0.92 elbowCorrDeg=14.2 wristCorrDeg=4.9 spdCmS=2.6 quiet=1 enterS=102.97 exitS=0.00 hasMpArm=1
[2026.07.10-05.03.56:196][496]LogMediaPipePose: mp.ArmDirCorrection: actor=MP_LiveMetaHumanKellan side=R engaged=1 rel=0.94 dirAlpha=1.00 applyAlpha=0.98 elbowCorrDeg=10.3 wristCorrDeg=8.8 spdCmS=3.9 quiet=1 enterS=102.97 exitS=0.00 hasMpArm=1
[2026.07.10-05.03.57:219][527]LogMediaPipePose: mp.ArmDirCorrection: actor=MP_LiveMetaHumanKellan side=L engaged=1 rel=0.84 dirAlpha=1.00 applyAlpha=0.97 elbowCorrDeg=13.7 wristCorrDeg=4.0 spdCmS=8.8 quiet=1 enterS=103.99 exitS=0.00 hasMpArm=1
[2026.07.10-05.03.57:219][527]LogMediaPipePose: mp.ArmDirCorrection: actor=MP_LiveMetaHumanKellan side=R engaged=1 rel=0.93 dirAlpha=1.00 applyAlpha=0.93 elbowCorrDeg=10.2 wristCorrDeg=10.4 spdCmS=15.1 quiet=0 enterS=103.99 exitS=0.00 hasMpArm=1
[2026.07.10-05.03.58:256][558]LogMediaPipePose: mp.ArmDirCorrection: actor=MP_LiveMetaHumanKellan side=L engaged=1 rel=0.85 dirAlpha=1.00 applyAlpha=0.94 elbowCorrDeg=15.0 wristCorrDeg=2.1 spdCmS=7.8 quiet=1 enterS=105.03 exitS=0.00 hasMpArm=1
[2026.07.10-05.03.58:256][558]LogMediaPipePose: mp.ArmDirCorrection: actor=MP_LiveMetaHumanKellan side=R engaged=1 rel=0.91 dirAlpha=1.00 applyAlpha=0.92 elbowCorrDeg=11.6 wristCorrDeg=10.7 spdCmS=6.6 quiet=1 enterS=105.03 exitS=0.00 hasMpArm=1
[2026.07.10-05.03.59:267][588]LogMediaPipePose: mp.ArmDirCorrection: actor=MP_LiveMetaHumanKellan side=L engaged=1 rel=0.94 dirAlpha=1.00 applyAlpha=0.22 elbowCorrDeg=14.7 wristCorrDeg=1.8 spdCmS=68.9 quiet=0 enterS=106.04 exitS=0.00 hasMpArm=1
[2026.07.10-05.03.59:267][588]LogMediaPipePose: mp.ArmDirCorrection: actor=MP_LiveMetaHumanKellan side=R engaged=1 rel=0.95 dirAlpha=1.00 applyAlpha=0.27 elbowCorrDeg=11.3 wristCorrDeg=11.8 spdCmS=53.3 quiet=0 enterS=106.04 exitS=0.00 hasMpArm=1
[2026.07.10-05.04.00:299][619]LogMediaPipePose: mp.ArmDirCorrection: actor=MP_LiveMetaHumanKellan side=L engaged=1 rel=0.94 dirAlpha=1.00 applyAlpha=0.79 elbowCorrDeg=14.1 wristCorrDeg=1.9 spdCmS=4.7 quiet=1 enterS=107.07 exitS=0.00 hasMpArm=1
[2026.07.10-05.04.00:299][619]LogMediaPipePose: mp.ArmDirCorrection: actor=MP_LiveMetaHumanKellan side=R engaged=1 rel=0.94 dirAlpha=1.00 applyAlpha=0.81 elbowCorrDeg=11.2 wristCorrDeg=10.3 spdCmS=5.9 quiet=1 enterS=107.07 exitS=0.00 hasMpArm=1
[2026.07.10-05.04.01:327][650]LogMediaPipePose: mp.ArmDirCorrection: actor=MP_LiveMetaHumanKellan side=L engaged=1 rel=0.94 dirAlpha=1.00 applyAlpha=0.89 elbowCorrDeg=12.8 wristCorrDeg=3.3 spdCmS=0.6 quiet=1 enterS=108.10 exitS=0.00 hasMpArm=1
[2026.07.10-05.04.01:327][650]LogMediaPipePose: mp.ArmDirCorrection: actor=MP_LiveMetaHumanKellan side=R engaged=1 rel=0.93 dirAlpha=1.00 applyAlpha=0.98 elbowCorrDeg=10.2 wristCorrDeg=8.4 spdCmS=2.3 quiet=1 enterS=108.10 exitS=0.00 hasMpArm=1
[2026.07.10-05.04.02:355][681]LogMediaPipePose: mp.ArmDirCorrection: actor=MP_LiveMetaHumanKellan side=L engaged=1 rel=0.94 dirAlpha=1.00 applyAlpha=0.24 elbowCorrDeg=12.3 wristCorrDeg=4.4 spdCmS=94.9 quiet=0 enterS=109.13 exitS=0.00 hasMpArm=1
[2026.07.10-05.04.02:357][681]LogMediaPipePose: mp.ArmDirCorrection: actor=MP_LiveMetaHumanKellan side=R engaged=1 rel=0.93 dirAlpha=1.00 applyAlpha=0.97 elbowCorrDeg=9.4 wristCorrDeg=7.9 spdCmS=2.1 quiet=1 enterS=109.13 exitS=0.00 hasMpArm=1
