[2026.07.10-05.02.11:928][393]LogMediaPipePose: mp.ChainReachExtend: actor=MP_LiveMetaHumanKellan side=L tracked=1 frac=0.95 highS=0.00 srcLenSumCm=53.3 chainReachCm=49.9 desiredExtCm=0.0 appliedExtCm=0.0 fullReachCm=52.0
[2026.07.10-05.02.11:930][393]LogMediaPipePose: mp.ChainReachExtend: actor=MP_LiveMetaHumanKellan side=R tracked=1 frac=0.93 highS=0.00 srcLenSumCm=52.8 chainReachCm=48.6 desiredExtCm=0.0 appliedExtCm=0.0 fullReachCm=52.0
[2026.07.10-05.02.13:010][397]LogMediaPipePose: mp.ChainReachExtend: actor=MP_LiveMetaHumanKellan side=L tracked=1 frac=0.96 highS=0.20 srcLenSumCm=53.3 chainReachCm=49.9 desiredExtCm=0.0 appliedExtCm=0.0 fullReachCm=52.0
[2026.07.10-05.02.13:010][397]LogMediaPipePose: mp.ChainReachExtend: actor=MP_LiveMetaHumanKellan side=R tracked=1 frac=0.90 highS=0.20 srcLenSumCm=52.8 chainReachCm=48.6 desiredExtCm=0.0 appliedExtCm=0.0 fullReachCm=52.0
[2026.07.10-05.02.14:028][431]LogMediaPipePose: mp.ChainReachExtend: actor=MP_LiveMetaHumanKellan side=L tracked=1 frac=0.96 highS=1.22 srcLenSumCm=53.2 chainReachCm=50.5 desiredExtCm=0.0 appliedExtCm=0.0 fullReachCm=52.0
[2026.07.10-05.02.14:028][431]LogMediaPipePose: mp.ChainReachExtend: actor=MP_LiveMetaHumanKellan side=R tracked=1 frac=0.92 highS=1.22 srcLenSumCm=52.5 chainReachCm=48.2 desiredExtCm=0.0 appliedExtCm=0.0 fullReachCm=52.0
[2026.07.10-05.02.15:036][461]LogMediaPipePose: mp.ChainReachExtend: actor=MP_LiveMetaHumanKellan side=L tracked=1 frac=0.98 highS=2.23 srcLenSumCm=52.2 chainReachCm=50.6 desiredExtCm=0.6 appliedExtCm=0.2 fullReachCm=52.0
[2026.07.10-05.02.15:037][461]LogMediaPipePose: mp.ChainReachExtend: actor=MP_LiveMetaHumanKellan side=R tracked=1 frac=0.93 highS=2.23 srcLenSumCm=51.1 chainReachCm=48.8 desiredExtCm=0.0 appliedExtCm=0.0 fullReachCm=52.0
[2026.07.10-05.02.16:075][492]LogMediaPipePose: mp.ChainReachExtend: actor=MP_LiveMetaHumanKellan side=L tracked=1 frac=0.95 highS=3.27 srcLenSumCm=53.2 chainReachCm=49.1 desiredExtCm=0.1 appliedExtCm=0.4 fullReachCm=52.0
[2026.07.10-05.02.16:075][492]LogMediaPipePose: mp.ChainReachExtend: actor=MP_LiveMetaHumanKellan side=R tracked=1 frac=0.96 highS=3.27 srcLenSumCm=53.4 chainReachCm=50.1 desiredExtCm=0.1 appliedExtCm=0.5 fullReachCm=52.0
[2026.07.10-05.02.17:097][523]LogMediaPipePose: mp.ChainReachExtend: actor=MP_LiveMetaHumanKellan side=L tracked=1 frac=0.96 highS=4.29 srcLenSumCm=52.3 chainReachCm=50.2 desiredExtCm=0.0 appliedExtCm=0.3 fullReachCm=52.0
[2026.07.10-05.02.17:098][523]LogMediaPipePose: mp.ChainReachExtend: actor=MP_LiveMetaHumanKellan side=R tracked=1 frac=0.95 highS=4.29 srcLenSumCm=53.2 chainReachCm=50.0 desiredExtCm=0.0 appliedExtCm=0.4 fullReachCm=52.0
[2026.07.10-05.02.18:112][553]LogMediaPipePose: mp.ChainReachExtend: actor=MP_LiveMetaHumanKellan side=L tracked=1 frac=0.96 highS=5.30 srcLenSumCm=51.9 chainReachCm=49.9 desiredExtCm=0.0 appliedExtCm=0.2 fullReachCm=52.0
[2026.07.10-05.02.18:112][553]LogMediaPipePose: mp.ChainReachExtend: actor=MP_LiveMetaHumanKellan side=R tracked=1 frac=0.97 highS=5.30 srcLenSumCm=52.7 chainReachCm=50.5 desiredExtCm=0.0 appliedExtCm=0.3 fullReachCm=52.0
[2026.07.10-05.02.19:130][584]LogMediaPipePose: mp.ChainReachExtend: actor=MP_LiveMetaHumanKellan side=L tracked=1 frac=0.97 highS=6.32 srcLenSumCm=52.4 chainReachCm=50.6 desiredExtCm=0.0 appliedExtCm=0.2 fullReachCm=52.0
[2026.07.10-05.02.19:130][584]LogMediaPipePose: mp.ChainReachExtend: actor=MP_LiveMetaHumanKellan side=R tracked=1 frac=0.96 highS=6.32 srcLenSumCm=52.7 chainReachCm=50.2 desiredExtCm=0.0 appliedExtCm=0.1 fullReachCm=52.0
[2026.07.10-05.02.20:166][615]LogMediaPipePose: mp.ChainReachExtend: actor=MP_LiveMetaHumanKellan side=L tracked=1 frac=0.93 highS=7.36 srcLenSumCm=53.5 chainReachCm=48.3 desiredExtCm=0.0 appliedExtCm=0.3 fullReachCm=52.0
[2026.07.10-05.02.20:168][615]LogMediaPipePose: mp.ChainReachExtend: actor=MP_LiveMetaHumanKellan side=R tracked=1 frac=0.91 highS=7.36 srcLenSumCm=53.0 chainReachCm=47.4 desiredExtCm=0.1 appliedExtCm=0.1 fullReachCm=52.0
[2026.07.10-05.02.21:193][646]LogMediaPipePose: mp.ChainReachExtend: actor=MP_LiveMetaHumanKellan side=L tracked=1 frac=0.92 highS=8.38 srcLenSumCm=53.3 chainReachCm=48.0 desiredExtCm=0.0 appliedExtCm=0.1 fullReachCm=52.0
[2026.07.10-05.02.21:194][646]LogMediaPipePose: mp.ChainReachExtend: actor=MP_LiveMetaHumanKellan side=R tracked=1 frac=0.91 highS=8.38 srcLenSumCm=53.0 chainReachCm=47.2 desiredExtCm=0.0 appliedExtCm=0.0 fullReachCm=52.0
[2026.07.10-05.02.22:198][676]LogMediaPipePose: mp.ChainReachExtend: actor=MP_LiveMetaHumanKellan side=L tracked=1 frac=0.92 highS=9.39 srcLenSumCm=53.2 chainReachCm=47.6 desiredExtCm=0.0 appliedExtCm=0.1 fullReachCm=52.0
[2026.07.10-05.02.22:198][676]LogMediaPipePose: mp.ChainReachExtend: actor=MP_LiveMetaHumanKellan side=R tracked=1 frac=0.90 highS=9.39 srcLenSumCm=53.0 chainReachCm=47.1 desiredExtCm=0.0 appliedExtCm=0.0 fullReachCm=52.0
[2026.07.10-05.02.23:228][707]LogMediaPipePose: mp.ChainReachExtend: actor=MP_LiveMetaHumanKellan side=L tracked=1 frac=0.91 highS=10.42 srcLenSumCm=53.2 chainReachCm=47.4 desiredExtCm=0.0 appliedExtCm=0.1 fullReachCm=52.0
[2026.07.10-05.02.23:230][707]LogMediaPipePose: mp.ChainReachExtend: actor=MP_LiveMetaHumanKellan side=R tracked=1 frac=0.91 highS=10.42 srcLenSumCm=53.3 chainReachCm=47.4 desiredExtCm=0.0 appliedExtCm=0.1 fullReachCm=52.0
[2026.07.10-05.02.24:234][737]LogMediaPipePose: mp.ChainReachExtend: actor=MP_LiveMetaHumanKellan side=L tracked=1 frac=0.95 highS=11.42 srcLenSumCm=51.1 chainReachCm=49.8 desiredExtCm=0.0 appliedExtCm=0.1 fullReachCm=52.0
[2026.07.10-05.02.24:234][737]LogMediaPipePose: mp.ChainReachExtend: actor=MP_LiveMetaHumanKellan side=R tracked=1 frac=0.97 highS=11.42 srcLenSumCm=51.5 chainReachCm=50.3 desiredExtCm=0.0 appliedExtCm=0.0 fullReachCm=52.0
[2026.07.10-05.02.25:252][768]LogMediaPipePose: mp.ChainReachExtend: actor=MP_LiveMetaHumanKellan side=L tracked=1 frac=0.94 highS=12.44 srcLenSumCm=51.2 chainReachCm=49.5 desiredExtCm=0.0 appliedExtCm=0.0 fullReachCm=52.0
[2026.07.10-05.02.25:253][768]LogMediaPipePose: mp.ChainReachExtend: actor=MP_LiveMetaHumanKellan side=R tracked=1 frac=0.96 highS=12.44 srcLenSumCm=51.6 chainReachCm=49.6 desiredExtCm=0.1 appliedExtCm=0.0 fullReachCm=52.0
[2026.07.10-05.02.26:268][798]LogMediaPipePose: mp.ChainReachExtend: actor=MP_LiveMetaHumanKellan side=L tracked=1 frac=0.95 highS=13.46 srcLenSumCm=51.4 chainReachCm=49.7 desiredExtCm=0.0 appliedExtCm=0.1 fullReachCm=52.0
[2026.07.10-05.02.26:268][798]LogMediaPipePose: mp.ChainReachExtend: actor=MP_LiveMetaHumanKellan side=R tracked=1 frac=0.95 highS=13.46 srcLenSumCm=51.9 chainReachCm=49.6 desiredExtCm=0.0 appliedExtCm=0.0 fullReachCm=52.0
[2026.07.10-05.02.27:280][829]LogMediaPipePose: mp.ChainReachExtend: actor=MP_LiveMetaHumanKellan side=L tracked=1 frac=0.93 highS=14.47 srcLenSumCm=51.8 chainReachCm=48.9 desiredExtCm=0.0 appliedExtCm=0.1 fullReachCm=52.0
[2026.07.10-05.02.27:282][829]LogMediaPipePose: mp.ChainReachExtend: actor=MP_LiveMetaHumanKellan side=R tracked=1 frac=0.94 highS=14.47 srcLenSumCm=51.9 chainReachCm=49.3 desiredExtCm=0.0 appliedExtCm=0.0 fullReachCm=52.0
[2026.07.10-05.02.28:284][859]LogMediaPipePose: mp.ChainReachExtend: actor=MP_LiveMetaHumanKellan side=L tracked=1 frac=0.94 highS=15.48 srcLenSumCm=51.0 chainReachCm=49.2 desiredExtCm=0.0 appliedExtCm=0.0 fullReachCm=52.0
[2026.07.10-05.02.28:284][859]LogMediaPipePose: mp.ChainReachExtend: actor=MP_LiveMetaHumanKellan side=R tracked=1 frac=0.95 highS=15.48 srcLenSumCm=51.4 chainReachCm=49.6 desiredExtCm=0.0 appliedExtCm=0.0 fullReachCm=52.0
[2026.07.10-05.02.29:288][889]LogMediaPipePose: mp.ChainReachExtend: actor=MP_LiveMetaHumanKellan side=L tracked=1 frac=0.96 highS=16.48 srcLenSumCm=50.7 chainReachCm=49.3 desiredExtCm=0.5 appliedExtCm=0.1 fullReachCm=52.0
[2026.07.10-05.02.29:289][889]LogMediaPipePose: mp.ChainReachExtend: actor=MP_LiveMetaHumanKellan side=R tracked=1 frac=0.97 highS=16.48 srcLenSumCm=51.2 chainReachCm=49.8 desiredExtCm=0.5 appliedExtCm=0.2 fullReachCm=52.0
[2026.07.10-05.02.30:313][920]LogMediaPipePose: mp.ChainReachExtend: actor=MP_LiveMetaHumanKellan side=L tracked=1 frac=0.95 highS=17.50 srcLenSumCm=51.0 chainReachCm=49.4 desiredExtCm=0.0 appliedExtCm=0.1 fullReachCm=52.0
[2026.07.10-05.02.30:313][920]LogMediaPipePose: mp.ChainReachExtend: actor=MP_LiveMetaHumanKellan side=R tracked=1 frac=0.96 highS=17.50 srcLenSumCm=51.3 chainReachCm=50.0 desiredExtCm=0.0 appliedExtCm=0.1 fullReachCm=52.0
[2026.07.10-05.02.31:320][950]LogMediaPipePose: mp.ChainReachExtend: actor=MP_LiveMetaHumanKellan side=L tracked=1 frac=0.96 highS=18.51 srcLenSumCm=51.0 chainReachCm=49.3 desiredExtCm=0.4 appliedExtCm=0.3 fullReachCm=52.0
[2026.07.10-05.02.31:320][950]LogMediaPipePose: mp.ChainReachExtend: actor=MP_LiveMetaHumanKellan side=R tracked=1 frac=0.94 highS=18.51 srcLenSumCm=51.7 chainReachCm=49.4 desiredExtCm=0.0 appliedExtCm=0.2 fullReachCm=52.0
[2026.07.10-05.02.32:334][980]LogMediaPipePose: mp.ChainReachExtend: actor=MP_LiveMetaHumanKellan side=L tracked=1 frac=0.91 highS=19.52 srcLenSumCm=53.0 chainReachCm=47.7 desiredExtCm=0.0 appliedExtCm=0.2 fullReachCm=52.0
[2026.07.10-05.02.32:335][980]LogMediaPipePose: mp.ChainReachExtend: actor=MP_LiveMetaHumanKellan side=R tracked=1 frac=0.90 highS=19.52 srcLenSumCm=52.7 chainReachCm=47.0 desiredExtCm=0.0 appliedExtCm=0.2 fullReachCm=52.0
[2026.07.10-05.02.33:353][ 11]LogMediaPipePose: mp.ChainReachExtend: actor=MP_LiveMetaHumanKellan side=L tracked=1 frac=0.90 highS=20.54 srcLenSumCm=52.3 chainReachCm=47.5 desiredExtCm=0.0 appliedExtCm=0.1 fullReachCm=52.0
[2026.07.10-05.02.33:353][ 11]LogMediaPipePose: mp.ChainReachExtend: actor=MP_LiveMetaHumanKellan side=R tracked=1 frac=0.90 highS=20.54 srcLenSumCm=52.6 chainReachCm=48.1 desiredExtCm=0.0 appliedExtCm=0.2 fullReachCm=52.0
[2026.07.10-05.02.34:398][ 42]LogMediaPipePose: mp.ChainReachExtend: actor=MP_LiveMetaHumanKellan side=L tracked=1 frac=0.99 highS=21.59 srcLenSumCm=53.8 chainReachCm=50.8 desiredExtCm=1.0 appliedExtCm=1.5 fullReachCm=52.0
[2026.07.10-05.02.34:398][ 42]LogMediaPipePose: mp.ChainReachExtend: actor=MP_LiveMetaHumanKellan side=R tracked=1 frac=0.94 highS=21.59 srcLenSumCm=53.0 chainReachCm=47.9 desiredExtCm=0.7 appliedExtCm=1.0 fullReachCm=52.0
[2026.07.10-05.02.35:398][ 72]LogMediaPipePose: mp.ChainReachExtend: actor=MP_LiveMetaHumanKellan side=L tracked=0 frac=-1.00 highS=0.00 srcLenSumCm=52.8 chainReachCm=51.0 desiredExtCm=0.0 appliedExtCm=0.7 fullReachCm=52.0
[2026.07.10-05.02.35:399][ 72]LogMediaPipePose: mp.ChainReachExtend: actor=MP_LiveMetaHumanKellan side=R tracked=0 frac=-1.00 highS=0.00 srcLenSumCm=52.8 chainReachCm=50.2 desiredExtCm=0.0 appliedExtCm=0.5 fullReachCm=52.0
[2026.07.10-05.02.36:413][103]LogMediaPipePose: mp.ChainReachExtend: actor=MP_LiveMetaHumanKellan side=L tracked=1 frac=0.97 highS=0.63 srcLenSumCm=51.7 chainReachCm=50.5 desiredExtCm=0.0 appliedExtCm=0.3 fullReachCm=52.0
[2026.07.10-05.02.36:413][103]LogMediaPipePose: mp.ChainReachExtend: actor=MP_LiveMetaHumanKellan side=R tracked=0 frac=-1.00 highS=0.00 srcLenSumCm=51.8 chainReachCm=49.9 desiredExtCm=0.0 appliedExtCm=0.2 fullReachCm=52.0
[2026.07.10-05.02.37:425][133]LogMediaPipePose: mp.ChainReachExtend: actor=MP_LiveMetaHumanKellan side=L tracked=1 frac=0.92 highS=1.64 srcLenSumCm=52.9 chainReachCm=48.1 desiredExtCm=0.0 appliedExtCm=0.2 fullReachCm=52.0
[2026.07.10-05.02.37:426][133]LogMediaPipePose: mp.ChainReachExtend: actor=MP_LiveMetaHumanKellan side=R tracked=0 frac=-1.00 highS=0.00 srcLenSumCm=52.6 chainReachCm=49.9 desiredExtCm=0.0 appliedExtCm=0.1 fullReachCm=52.0
[2026.07.10-05.02.38:451][164]LogMediaPipePose: mp.ChainReachExtend: actor=MP_LiveMetaHumanKellan side=L tracked=1 frac=0.86 highS=2.67 srcLenSumCm=53.2 chainReachCm=44.5 desiredExtCm=0.0 appliedExtCm=0.2 fullReachCm=52.0
[2026.07.10-05.02.38:453][164]LogMediaPipePose: mp.ChainReachExtend: actor=MP_LiveMetaHumanKellan side=R tracked=1 frac=0.89 highS=0.89 srcLenSumCm=53.5 chainReachCm=46.7 desiredExtCm=0.0 appliedExtCm=0.1 fullReachCm=52.0
[2026.07.10-05.02.39:452][194]LogMediaPipePose: mp.ChainReachExtend: actor=MP_LiveMetaHumanKellan side=L tracked=1 frac=0.78 highS=0.00 srcLenSumCm=52.8 chainReachCm=39.7 desiredExtCm=0.0 appliedExtCm=0.1 fullReachCm=52.0
[2026.07.10-05.02.39:452][194]LogMediaPipePose: mp.ChainReachExtend: actor=MP_LiveMetaHumanKellan side=R tracked=1 frac=0.93 highS=1.89 srcLenSumCm=53.5 chainReachCm=49.1 desiredExtCm=0.0 appliedExtCm=0.1 fullReachCm=52.0
[2026.07.10-05.02.40:462][224]LogMediaPipePose: mp.ChainReachExtend: actor=MP_LiveMetaHumanKellan side=L tracked=1 frac=0.80 highS=0.00 srcLenSumCm=52.4 chainReachCm=41.3 desiredExtCm=0.0 appliedExtCm=0.0 fullReachCm=52.0
[2026.07.10-05.02.40:462][224]LogMediaPipePose: mp.ChainReachExtend: actor=MP_LiveMetaHumanKellan side=R tracked=1 frac=0.93 highS=2.90 srcLenSumCm=52.4 chainReachCm=46.6 desiredExtCm=1.1 appliedExtCm=0.1 fullReachCm=52.0
[2026.07.10-05.02.41:489][255]LogMediaPipePose: mp.ChainReachExtend: actor=MP_LiveMetaHumanKellan side=L tracked=1 frac=0.76 highS=0.00 srcLenSumCm=52.9 chainReachCm=42.3 desiredExtCm=0.0 appliedExtCm=0.0 fullReachCm=52.0
[2026.07.10-05.02.41:489][255]LogMediaPipePose: mp.ChainReachExtend: actor=MP_LiveMetaHumanKellan side=R tracked=1 frac=0.88 highS=3.93 srcLenSumCm=53.0 chainReachCm=46.2 desiredExtCm=0.0 appliedExtCm=0.3 fullReachCm=52.0
[2026.07.10-05.02.42:524][286]LogMediaPipePose: mp.ChainReachExtend: actor=MP_LiveMetaHumanKellan side=L tracked=1 frac=0.75 highS=0.00 srcLenSumCm=52.7 chainReachCm=39.2 desiredExtCm=0.0 appliedExtCm=0.0 fullReachCm=52.0
[2026.07.10-05.02.42:524][286]LogMediaPipePose: mp.ChainReachExtend: actor=MP_LiveMetaHumanKellan side=R tracked=1 frac=0.90 highS=4.97 srcLenSumCm=53.2 chainReachCm=46.6 desiredExtCm=0.1 appliedExtCm=0.1 fullReachCm=52.0
[2026.07.10-05.02.43:557][317]LogMediaPipePose: mp.ChainReachExtend: actor=MP_LiveMetaHumanKellan side=L tracked=1 frac=0.75 highS=0.00 srcLenSumCm=52.9 chainReachCm=39.3 desiredExtCm=0.0 appliedExtCm=0.0 fullReachCm=52.0
[2026.07.10-05.02.43:558][317]LogMediaPipePose: mp.ChainReachExtend: actor=MP_LiveMetaHumanKellan side=R tracked=1 frac=0.89 highS=6.00 srcLenSumCm=53.3 chainReachCm=46.5 desiredExtCm=0.0 appliedExtCm=0.1 fullReachCm=52.0
[2026.07.10-05.02.44:559][347]LogMediaPipePose: mp.ChainReachExtend: actor=MP_LiveMetaHumanKellan side=L tracked=1 frac=0.82 highS=0.00 srcLenSumCm=53.1 chainReachCm=40.9 desiredExtCm=0.0 appliedExtCm=0.0 fullReachCm=52.0
[2026.07.10-05.02.44:561][347]LogMediaPipePose: mp.ChainReachExtend: actor=MP_LiveMetaHumanKellan side=R tracked=1 frac=0.89 highS=7.00 srcLenSumCm=53.4 chainReachCm=46.6 desiredExtCm=0.0 appliedExtCm=0.1 fullReachCm=52.0
[2026.07.10-05.02.45:567][377]LogMediaPipePose: mp.ChainReachExtend: actor=MP_LiveMetaHumanKellan side=L tracked=1 frac=0.79 highS=0.00 srcLenSumCm=53.0 chainReachCm=39.7 desiredExtCm=0.0 appliedExtCm=0.0 fullReachCm=52.0
[2026.07.10-05.02.45:567][377]LogMediaPipePose: mp.ChainReachExtend: actor=MP_LiveMetaHumanKellan side=R tracked=1 frac=0.88 highS=8.01 srcLenSumCm=53.1 chainReachCm=45.4 desiredExtCm=0.1 appliedExtCm=0.0 fullReachCm=52.0
[2026.07.10-05.02.46:587][408]LogMediaPipePose: mp.ChainReachExtend: actor=MP_LiveMetaHumanKellan side=L tracked=1 frac=0.75 highS=0.00 srcLenSumCm=52.9 chainReachCm=40.1 desiredExtCm=0.0 appliedExtCm=0.0 fullReachCm=52.0
[2026.07.10-05.02.46:587][408]LogMediaPipePose: mp.ChainReachExtend: actor=MP_LiveMetaHumanKellan side=R tracked=1 frac=0.89 highS=9.03 srcLenSumCm=53.2 chainReachCm=46.3 desiredExtCm=0.0 appliedExtCm=0.0 fullReachCm=52.0
[2026.07.10-05.02.47:627][439]LogMediaPipePose: mp.ChainReachExtend: actor=MP_LiveMetaHumanKellan side=L tracked=1 frac=0.70 highS=0.00 srcLenSumCm=52.4 chainReachCm=36.3 desiredExtCm=0.0 appliedExtCm=0.0 fullReachCm=52.0
[2026.07.10-05.02.47:627][439]LogMediaPipePose: mp.ChainReachExtend: actor=MP_LiveMetaHumanKellan side=R tracked=1 frac=0.89 highS=10.07 srcLenSumCm=53.0 chainReachCm=46.2 desiredExtCm=0.0 appliedExtCm=0.0 fullReachCm=52.0
[2026.07.10-05.02.48:631][469]LogMediaPipePose: mp.ChainReachExtend: actor=MP_LiveMetaHumanKellan side=L tracked=1 frac=0.77 highS=0.00 srcLenSumCm=52.8 chainReachCm=40.1 desiredExtCm=0.0 appliedExtCm=0.0 fullReachCm=52.0
[2026.07.10-05.02.48:631][469]LogMediaPipePose: mp.ChainReachExtend: actor=MP_LiveMetaHumanKellan side=R tracked=1 frac=0.87 highS=11.07 srcLenSumCm=53.3 chainReachCm=46.3 desiredExtCm=0.0 appliedExtCm=0.0 fullReachCm=52.0
[2026.07.10-05.02.49:632][499]LogMediaPipePose: mp.ChainReachExtend: actor=MP_LiveMetaHumanKellan side=L tracked=1 frac=0.76 highS=0.00 srcLenSumCm=53.0 chainReachCm=40.6 desiredExtCm=0.0 appliedExtCm=0.0 fullReachCm=52.0
[2026.07.10-05.02.49:633][499]LogMediaPipePose: mp.ChainReachExtend: actor=MP_LiveMetaHumanKellan side=R tracked=1 frac=0.88 highS=12.07 srcLenSumCm=53.2 chainReachCm=45.7 desiredExtCm=0.0 appliedExtCm=0.0 fullReachCm=52.0
[2026.07.10-05.02.50:666][530]LogMediaPipePose: mp.ChainReachExtend: actor=MP_LiveMetaHumanKellan side=L tracked=1 frac=0.65 highS=0.00 srcLenSumCm=52.4 chainReachCm=34.3 desiredExtCm=0.0 appliedExtCm=0.0 fullReachCm=52.0
[2026.07.10-05.02.50:666][530]LogMediaPipePose: mp.ChainReachExtend: actor=MP_LiveMetaHumanKellan side=R tracked=1 frac=0.86 highS=0.40 srcLenSumCm=52.9 chainReachCm=44.9 desiredExtCm=0.0 appliedExtCm=0.0 fullReachCm=52.0
[2026.07.10-05.02.51:686][561]LogMediaPipePose: mp.ChainReachExtend: actor=MP_LiveMetaHumanKellan side=L tracked=1 frac=0.75 highS=0.00 srcLenSumCm=52.8 chainReachCm=39.6 desiredExtCm=0.0 appliedExtCm=0.0 fullReachCm=52.0
[2026.07.10-05.02.51:686][561]LogMediaPipePose: mp.ChainReachExtend: actor=MP_LiveMetaHumanKellan side=R tracked=1 frac=0.83 highS=0.00 srcLenSumCm=52.9 chainReachCm=42.6 desiredExtCm=0.0 appliedExtCm=0.0 fullReachCm=52.0
[2026.07.10-05.02.52:699][591]LogMediaPipePose: mp.ChainReachExtend: actor=MP_LiveMetaHumanKellan side=L tracked=1 frac=0.61 highS=0.00 srcLenSumCm=52.6 chainReachCm=34.8 desiredExtCm=0.0 appliedExtCm=0.0 fullReachCm=52.0
[2026.07.10-05.02.52:699][591]LogMediaPipePose: mp.ChainReachExtend: actor=MP_LiveMetaHumanKellan side=R tracked=1 frac=0.83 highS=0.00 srcLenSumCm=53.1 chainReachCm=43.6 desiredExtCm=0.0 appliedExtCm=0.0 fullReachCm=52.0
[2026.07.10-05.02.53:731][622]LogMediaPipePose: mp.ChainReachExtend: actor=MP_LiveMetaHumanKellan side=L tracked=1 frac=0.69 highS=0.00 srcLenSumCm=52.6 chainReachCm=35.0 desiredExtCm=0.0 appliedExtCm=0.0 fullReachCm=52.0
[2026.07.10-05.02.53:731][622]LogMediaPipePose: mp.ChainReachExtend: actor=MP_LiveMetaHumanKellan side=R tracked=1 frac=0.83 highS=0.00 srcLenSumCm=53.0 chainReachCm=43.2 desiredExtCm=0.0 appliedExtCm=0.0 fullReachCm=52.0
[2026.07.10-05.02.54:767][653]LogMediaPipePose: mp.ChainReachExtend: actor=MP_LiveMetaHumanKellan side=L tracked=1 frac=0.76 highS=0.00 srcLenSumCm=53.0 chainReachCm=39.8 desiredExtCm=0.0 appliedExtCm=0.0 fullReachCm=52.0
[2026.07.10-05.02.54:767][653]LogMediaPipePose: mp.ChainReachExtend: actor=MP_LiveMetaHumanKellan side=R tracked=1 frac=0.85 highS=0.58 srcLenSumCm=53.3 chainReachCm=44.6 desiredExtCm=0.0 appliedExtCm=0.0 fullReachCm=52.0
[2026.07.10-05.02.55:801][684]LogMediaPipePose: mp.ChainReachExtend: actor=MP_LiveMetaHumanKellan side=L tracked=1 frac=0.76 highS=0.00 srcLenSumCm=53.2 chainReachCm=39.8 desiredExtCm=0.0 appliedExtCm=0.0 fullReachCm=52.0
[2026.07.10-05.02.55:801][684]LogMediaPipePose: mp.ChainReachExtend: actor=MP_LiveMetaHumanKellan side=R tracked=1 frac=0.84 highS=0.00 srcLenSumCm=53.1 chainReachCm=43.3 desiredExtCm=0.0 appliedExtCm=0.0 fullReachCm=52.0
[2026.07.10-05.02.56:818][715]LogMediaPipePose: mp.ChainReachExtend: actor=MP_LiveMetaHumanKellan side=L tracked=1 frac=0.77 highS=0.00 srcLenSumCm=53.2 chainReachCm=39.8 desiredExtCm=0.0 appliedExtCm=0.0 fullReachCm=52.0
[2026.07.10-05.02.56:818][715]LogMediaPipePose: mp.ChainReachExtend: actor=MP_LiveMetaHumanKellan side=R tracked=1 frac=0.86 highS=0.23 srcLenSumCm=53.4 chainReachCm=44.5 desiredExtCm=0.0 appliedExtCm=0.0 fullReachCm=52.0
[2026.07.10-05.02.57:836][745]LogMediaPipePose: mp.ChainReachExtend: actor=MP_LiveMetaHumanKellan side=L tracked=1 frac=0.65 highS=0.00 srcLenSumCm=52.8 chainReachCm=37.1 desiredExtCm=0.0 appliedExtCm=0.0 fullReachCm=52.0
[2026.07.10-05.02.57:836][745]LogMediaPipePose: mp.ChainReachExtend: actor=MP_LiveMetaHumanKellan side=R tracked=1 frac=0.83 highS=0.00 srcLenSumCm=53.1 chainReachCm=44.5 desiredExtCm=0.0 appliedExtCm=0.0 fullReachCm=52.0
[2026.07.10-05.02.58:855][776]LogMediaPipePose: mp.ChainReachExtend: actor=MP_LiveMetaHumanKellan side=L tracked=1 frac=0.66 highS=0.00 srcLenSumCm=52.6 chainReachCm=34.6 desiredExtCm=0.0 appliedExtCm=0.0 fullReachCm=52.0
[2026.07.10-05.02.58:855][776]LogMediaPipePose: mp.ChainReachExtend: actor=MP_LiveMetaHumanKellan side=R tracked=1 frac=0.84 highS=0.00 srcLenSumCm=53.0 chainReachCm=44.0 desiredExtCm=0.0 appliedExtCm=0.0 fullReachCm=52.0
[2026.07.10-05.02.59:858][806]LogMediaPipePose: mp.ChainReachExtend: actor=MP_LiveMetaHumanKellan side=L tracked=1 frac=0.86 highS=0.03 srcLenSumCm=52.5 chainReachCm=33.8 desiredExtCm=0.0 appliedExtCm=0.0 fullReachCm=52.0
[2026.07.10-05.02.59:860][806]LogMediaPipePose: mp.ChainReachExtend: actor=MP_LiveMetaHumanKellan side=R tracked=1 frac=0.85 highS=0.00 srcLenSumCm=53.1 chainReachCm=43.8 desiredExtCm=0.0 appliedExtCm=0.0 fullReachCm=52.0
[2026.07.10-05.03.00:894][837]LogMediaPipePose: mp.ChainReachExtend: actor=MP_LiveMetaHumanKellan side=L tracked=1 frac=0.67 highS=0.00 srcLenSumCm=52.9 chainReachCm=37.1 desiredExtCm=0.0 appliedExtCm=0.0 fullReachCm=52.0
[2026.07.10-05.03.00:894][837]LogMediaPipePose: mp.ChainReachExtend: actor=MP_LiveMetaHumanKellan side=R tracked=1 frac=0.85 highS=0.00 srcLenSumCm=53.2 chainReachCm=44.2 desiredExtCm=0.0 appliedExtCm=0.0 fullReachCm=52.0
[2026.07.10-05.03.01:928][868]LogMediaPipePose: mp.ChainReachExtend: actor=MP_LiveMetaHumanKellan side=L tracked=1 frac=0.67 highS=0.00 srcLenSumCm=52.6 chainReachCm=34.1 desiredExtCm=0.0 appliedExtCm=0.0 fullReachCm=52.0
[2026.07.10-05.03.01:929][868]LogMediaPipePose: mp.ChainReachExtend: actor=MP_LiveMetaHumanKellan side=R tracked=1 frac=0.84 highS=0.00 srcLenSumCm=53.0 chainReachCm=43.8 desiredExtCm=0.0 appliedExtCm=0.0 fullReachCm=52.0
[2026.07.10-05.03.02:972][899]LogMediaPipePose: mp.ChainReachExtend: actor=MP_LiveMetaHumanKellan side=L tracked=1 frac=0.75 highS=0.00 srcLenSumCm=51.3 chainReachCm=36.5 desiredExtCm=0.0 appliedExtCm=0.0 fullReachCm=52.0
[2026.07.10-05.03.02:972][899]LogMediaPipePose: mp.ChainReachExtend: actor=MP_LiveMetaHumanKellan side=R tracked=1 frac=0.90 highS=0.25 srcLenSumCm=51.5 chainReachCm=42.9 desiredExtCm=0.0 appliedExtCm=0.0 fullReachCm=52.0
[2026.07.10-05.03.03:981][930]LogMediaPipePose: mp.ChainReachExtend: actor=MP_LiveMetaHumanKellan side=L tracked=1 frac=0.65 highS=0.00 srcLenSumCm=51.2 chainReachCm=33.6 desiredExtCm=0.0 appliedExtCm=0.0 fullReachCm=52.0
[2026.07.10-05.03.03:981][930]LogMediaPipePose: mp.ChainReachExtend: actor=MP_LiveMetaHumanKellan side=R tracked=1 frac=0.67 highS=0.00 srcLenSumCm=51.4 chainReachCm=34.9 desiredExtCm=0.0 appliedExtCm=0.0 fullReachCm=52.0
[2026.07.10-05.03.04:993][960]LogMediaPipePose: mp.ChainReachExtend: actor=MP_LiveMetaHumanKellan side=L tracked=1 frac=0.60 highS=0.00 srcLenSumCm=51.2 chainReachCm=31.0 desiredExtCm=0.0 appliedExtCm=0.0 fullReachCm=52.0
[2026.07.10-05.03.04:993][960]LogMediaPipePose: mp.ChainReachExtend: actor=MP_LiveMetaHumanKellan side=R tracked=1 frac=0.65 highS=0.00 srcLenSumCm=51.5 chainReachCm=34.1 desiredExtCm=0.0 appliedExtCm=0.0 fullReachCm=52.0
[2026.07.10-05.03.06:023][991]LogMediaPipePose: mp.ChainReachExtend: actor=MP_LiveMetaHumanKellan side=L tracked=1 frac=0.61 highS=0.00 srcLenSumCm=51.3 chainReachCm=31.8 desiredExtCm=0.0 appliedExtCm=0.0 fullReachCm=52.0
[2026.07.10-05.03.06:023][991]LogMediaPipePose: mp.ChainReachExtend: actor=MP_LiveMetaHumanKellan side=R tracked=1 frac=0.66 highS=0.00 srcLenSumCm=51.6 chainReachCm=35.2 desiredExtCm=0.0 appliedExtCm=0.0 fullReachCm=52.0
[2026.07.10-05.03.07:058][ 22]LogMediaPipePose: mp.ChainReachExtend: actor=MP_LiveMetaHumanKellan side=L tracked=1 frac=0.60 highS=0.00 srcLenSumCm=51.1 chainReachCm=31.3 desiredExtCm=0.0 appliedExtCm=0.0 fullReachCm=52.0
[2026.07.10-05.03.07:058][ 22]LogMediaPipePose: mp.ChainReachExtend: actor=MP_LiveMetaHumanKellan side=R tracked=1 frac=0.66 highS=0.00 srcLenSumCm=51.5 chainReachCm=34.5 desiredExtCm=0.0 appliedExtCm=0.0 fullReachCm=52.0
[2026.07.10-05.03.08:080][ 53]LogMediaPipePose: mp.ChainReachExtend: actor=MP_LiveMetaHumanKellan side=L tracked=1 frac=0.58 highS=0.00 srcLenSumCm=51.2 chainReachCm=30.3 desiredExtCm=0.0 appliedExtCm=0.0 fullReachCm=52.0
[2026.07.10-05.03.08:081][ 53]LogMediaPipePose: mp.ChainReachExtend: actor=MP_LiveMetaHumanKellan side=R tracked=1 frac=0.61 highS=0.00 srcLenSumCm=51.2 chainReachCm=31.7 desiredExtCm=0.0 appliedExtCm=0.0 fullReachCm=52.0
[2026.07.10-05.03.09:119][ 84]LogMediaPipePose: mp.ChainReachExtend: actor=MP_LiveMetaHumanKellan side=L tracked=1 frac=0.57 highS=0.00 srcLenSumCm=51.3 chainReachCm=29.7 desiredExtCm=0.0 appliedExtCm=0.0 fullReachCm=52.0
[2026.07.10-05.03.09:119][ 84]LogMediaPipePose: mp.ChainReachExtend: actor=MP_LiveMetaHumanKellan side=R tracked=1 frac=0.60 highS=0.00 srcLenSumCm=51.5 chainReachCm=32.3 desiredExtCm=0.0 appliedExtCm=0.0 fullReachCm=52.0
[2026.07.10-05.03.10:135][114]LogMediaPipePose: mp.ChainReachExtend: actor=MP_LiveMetaHumanKellan side=L tracked=1 frac=0.53 highS=0.00 srcLenSumCm=51.1 chainReachCm=27.6 desiredExtCm=0.0 appliedExtCm=0.0 fullReachCm=52.0
[2026.07.10-05.03.10:135][114]LogMediaPipePose: mp.ChainReachExtend: actor=MP_LiveMetaHumanKellan side=R tracked=1 frac=0.58 highS=0.00 srcLenSumCm=51.1 chainReachCm=30.2 desiredExtCm=0.0 appliedExtCm=0.0 fullReachCm=52.0
[2026.07.10-05.03.11:164][145]LogMediaPipePose: mp.ChainReachExtend: actor=MP_LiveMetaHumanKellan side=L tracked=1 frac=0.57 highS=0.00 srcLenSumCm=51.4 chainReachCm=29.8 desiredExtCm=0.0 appliedExtCm=0.0 fullReachCm=52.0
[2026.07.10-05.03.11:164][145]LogMediaPipePose: mp.ChainReachExtend: actor=MP_LiveMetaHumanKellan side=R tracked=1 frac=0.59 highS=0.00 srcLenSumCm=51.5 chainReachCm=30.9 desiredExtCm=0.0 appliedExtCm=0.0 fullReachCm=52.0
[2026.07.10-05.03.12:194][176]LogMediaPipePose: mp.ChainReachExtend: actor=MP_LiveMetaHumanKellan side=L tracked=1 frac=0.59 highS=0.00 srcLenSumCm=51.6 chainReachCm=30.5 desiredExtCm=0.0 appliedExtCm=0.0 fullReachCm=52.0
[2026.07.10-05.03.12:194][176]LogMediaPipePose: mp.ChainReachExtend: actor=MP_LiveMetaHumanKellan side=R tracked=1 frac=0.59 highS=0.00 srcLenSumCm=51.5 chainReachCm=30.8 desiredExtCm=0.0 appliedExtCm=0.0 fullReachCm=52.0
[2026.07.10-05.03.13:232][207]LogMediaPipePose: mp.ChainReachExtend: actor=MP_LiveMetaHumanKellan side=L tracked=1 frac=0.53 highS=0.00 srcLenSumCm=51.5 chainReachCm=29.6 desiredExtCm=0.0 appliedExtCm=0.0 fullReachCm=52.0
[2026.07.10-05.03.13:232][207]LogMediaPipePose: mp.ChainReachExtend: actor=MP_LiveMetaHumanKellan side=R tracked=1 frac=0.58 highS=0.00 srcLenSumCm=51.5 chainReachCm=30.6 desiredExtCm=0.0 appliedExtCm=0.0 fullReachCm=52.0
[2026.07.10-05.03.14:232][237]LogMediaPipePose: mp.ChainReachExtend: actor=MP_LiveMetaHumanKellan side=L tracked=1 frac=0.52 highS=0.00 srcLenSumCm=51.6 chainReachCm=28.3 desiredExtCm=0.0 appliedExtCm=0.0 fullReachCm=52.0
[2026.07.10-05.03.14:233][237]LogMediaPipePose: mp.ChainReachExtend: actor=MP_LiveMetaHumanKellan side=R tracked=1 frac=0.57 highS=0.00 srcLenSumCm=51.6 chainReachCm=28.5 desiredExtCm=0.0 appliedExtCm=0.0 fullReachCm=52.0
[2026.07.10-05.03.15:256][268]LogMediaPipePose: mp.ChainReachExtend: actor=MP_LiveMetaHumanKellan side=L tracked=1 frac=0.52 highS=0.00 srcLenSumCm=49.4 chainReachCm=29.4 desiredExtCm=0.0 appliedExtCm=0.0 fullReachCm=52.0
[2026.07.10-05.03.15:258][268]LogMediaPipePose: mp.ChainReachExtend: actor=MP_LiveMetaHumanKellan side=R tracked=1 frac=0.62 highS=0.00 srcLenSumCm=49.6 chainReachCm=32.1 desiredExtCm=0.0 appliedExtCm=0.0 fullReachCm=52.0
[2026.07.10-05.03.16:261][298]LogMediaPipePose: mp.ChainReachExtend: actor=MP_LiveMetaHumanKellan side=L tracked=1 frac=0.59 highS=0.00 srcLenSumCm=49.1 chainReachCm=29.6 desiredExtCm=0.0 appliedExtCm=0.0 fullReachCm=52.0
[2026.07.10-05.03.16:261][298]LogMediaPipePose: mp.ChainReachExtend: actor=MP_LiveMetaHumanKellan side=R tracked=1 frac=0.60 highS=0.00 srcLenSumCm=49.4 chainReachCm=31.2 desiredExtCm=0.0 appliedExtCm=0.0 fullReachCm=52.0
[2026.07.10-05.03.17:284][329]LogMediaPipePose: mp.ChainReachExtend: actor=MP_LiveMetaHumanKellan side=L tracked=1 frac=0.54 highS=0.00 srcLenSumCm=48.7 chainReachCm=30.4 desiredExtCm=0.0 appliedExtCm=0.0 fullReachCm=52.0
[2026.07.10-05.03.17:284][329]LogMediaPipePose: mp.ChainReachExtend: actor=MP_LiveMetaHumanKellan side=R tracked=1 frac=0.55 highS=0.00 srcLenSumCm=48.9 chainReachCm=32.2 desiredExtCm=0.0 appliedExtCm=0.0 fullReachCm=52.0
[2026.07.10-05.03.18:319][360]LogMediaPipePose: mp.ChainReachExtend: actor=MP_LiveMetaHumanKellan side=L tracked=1 frac=0.56 highS=0.00 srcLenSumCm=50.7 chainReachCm=29.1 desiredExtCm=0.0 appliedExtCm=0.0 fullReachCm=52.0
[2026.07.10-05.03.18:319][360]LogMediaPipePose: mp.ChainReachExtend: actor=MP_LiveMetaHumanKellan side=R tracked=1 frac=0.57 highS=0.00 srcLenSumCm=50.9 chainReachCm=29.7 desiredExtCm=0.0 appliedExtCm=0.0 fullReachCm=52.0
[2026.07.10-05.03.19:325][390]LogMediaPipePose: mp.ChainReachExtend: actor=MP_LiveMetaHumanKellan side=L tracked=1 frac=0.69 highS=0.00 srcLenSumCm=51.3 chainReachCm=35.0 desiredExtCm=0.0 appliedExtCm=0.0 fullReachCm=52.0
[2026.07.10-05.03.19:326][390]LogMediaPipePose: mp.ChainReachExtend: actor=MP_LiveMetaHumanKellan side=R tracked=1 frac=0.69 highS=0.00 srcLenSumCm=51.4 chainReachCm=35.6 desiredExtCm=0.0 appliedExtCm=0.0 fullReachCm=52.0
[2026.07.10-05.03.20:361][421]LogMediaPipePose: mp.ChainReachExtend: actor=MP_LiveMetaHumanKellan side=L tracked=1 frac=0.68 highS=0.00 srcLenSumCm=51.3 chainReachCm=35.4 desiredExtCm=0.0 appliedExtCm=0.0 fullReachCm=52.0
[2026.07.10-05.03.20:361][421]LogMediaPipePose: mp.ChainReachExtend: actor=MP_LiveMetaHumanKellan side=R tracked=1 frac=0.69 highS=0.00 srcLenSumCm=51.4 chainReachCm=35.8 desiredExtCm=0.0 appliedExtCm=0.0 fullReachCm=52.0
[2026.07.10-05.03.21:391][452]LogMediaPipePose: mp.ChainReachExtend: actor=MP_LiveMetaHumanKellan side=L tracked=1 frac=0.68 highS=0.00 srcLenSumCm=51.1 chainReachCm=35.6 desiredExtCm=0.0 appliedExtCm=0.0 fullReachCm=52.0
[2026.07.10-05.03.21:392][452]LogMediaPipePose: mp.ChainReachExtend: actor=MP_LiveMetaHumanKellan side=R tracked=1 frac=0.69 highS=0.00 srcLenSumCm=51.4 chainReachCm=36.2 desiredExtCm=0.0 appliedExtCm=0.0 fullReachCm=52.0
[2026.07.10-05.03.22:396][482]LogMediaPipePose: mp.ChainReachExtend: actor=MP_LiveMetaHumanKellan side=L tracked=1 frac=0.69 highS=0.00 srcLenSumCm=51.2 chainReachCm=36.0 desiredExtCm=0.0 appliedExtCm=0.0 fullReachCm=52.0
[2026.07.10-05.03.22:396][482]LogMediaPipePose: mp.ChainReachExtend: actor=MP_LiveMetaHumanKellan side=R tracked=1 frac=0.69 highS=0.00 srcLenSumCm=51.4 chainReachCm=36.2 desiredExtCm=0.0 appliedExtCm=0.0 fullReachCm=52.0
[2026.07.10-05.03.23:432][513]LogMediaPipePose: mp.ChainReachExtend: actor=MP_LiveMetaHumanKellan side=L tracked=1 frac=0.63 highS=0.00 srcLenSumCm=51.2 chainReachCm=32.5 desiredExtCm=0.0 appliedExtCm=0.0 fullReachCm=52.0
[2026.07.10-05.03.23:432][513]LogMediaPipePose: mp.ChainReachExtend: actor=MP_LiveMetaHumanKellan side=R tracked=1 frac=0.64 highS=0.00 srcLenSumCm=51.4 chainReachCm=33.0 desiredExtCm=0.0 appliedExtCm=0.0 fullReachCm=52.0
[2026.07.10-05.03.24:466][544]LogMediaPipePose: mp.ChainReachExtend: actor=MP_LiveMetaHumanKellan side=L tracked=1 frac=0.56 highS=0.00 srcLenSumCm=51.6 chainReachCm=35.6 desiredExtCm=0.0 appliedExtCm=0.0 fullReachCm=52.0
[2026.07.10-05.03.24:466][544]LogMediaPipePose: mp.ChainReachExtend: actor=MP_LiveMetaHumanKellan side=R tracked=1 frac=0.61 highS=0.00 srcLenSumCm=51.5 chainReachCm=34.8 desiredExtCm=0.0 appliedExtCm=0.0 fullReachCm=52.0
[2026.07.10-05.03.25:920][588]LogMediaPipePose: mp.ChainReachExtend: actor=MP_LiveMetaHumanKellan side=L tracked=1 frac=0.62 highS=0.00 srcLenSumCm=52.7 chainReachCm=33.3 desiredExtCm=0.0 appliedExtCm=0.0 fullReachCm=52.0
[2026.07.10-05.03.25:920][588]LogMediaPipePose: mp.ChainReachExtend: actor=MP_LiveMetaHumanKellan side=R tracked=1 frac=0.64 highS=0.00 srcLenSumCm=52.9 chainReachCm=33.9 desiredExtCm=0.0 appliedExtCm=0.0 fullReachCm=52.0
[2026.07.10-05.03.26:501][605]LogMediaPipePose: mp.ChainReachExtend: actor=MP_LiveMetaHumanKellan side=L tracked=1 frac=0.98 highS=0.44 srcLenSumCm=53.2 chainReachCm=50.4 desiredExtCm=0.6 appliedExtCm=0.1 fullReachCm=52.0
[2026.07.10-05.03.26:502][605]LogMediaPipePose: mp.ChainReachExtend: actor=MP_LiveMetaHumanKellan side=R tracked=1 frac=0.96 highS=0.44 srcLenSumCm=52.9 chainReachCm=49.2 desiredExtCm=0.9 appliedExtCm=0.1 fullReachCm=52.0
[2026.07.10-05.03.27:502][635]LogMediaPipePose: mp.ChainReachExtend: actor=MP_LiveMetaHumanKellan side=L tracked=1 frac=0.96 highS=1.44 srcLenSumCm=53.1 chainReachCm=50.5 desiredExtCm=0.0 appliedExtCm=0.1 fullReachCm=52.0
[2026.07.10-05.03.27:502][635]LogMediaPipePose: mp.ChainReachExtend: actor=MP_LiveMetaHumanKellan side=R tracked=1 frac=0.96 highS=1.44 srcLenSumCm=53.2 chainReachCm=50.0 desiredExtCm=0.0 appliedExtCm=0.2 fullReachCm=52.0
[2026.07.10-05.03.28:528][666]LogMediaPipePose: mp.ChainReachExtend: actor=MP_LiveMetaHumanKellan side=L tracked=1 frac=0.91 highS=2.47 srcLenSumCm=53.5 chainReachCm=47.7 desiredExtCm=0.0 appliedExtCm=0.1 fullReachCm=52.0
[2026.07.10-05.03.28:529][666]LogMediaPipePose: mp.ChainReachExtend: actor=MP_LiveMetaHumanKellan side=R tracked=1 frac=0.94 highS=2.47 srcLenSumCm=53.5 chainReachCm=48.8 desiredExtCm=0.0 appliedExtCm=0.1 fullReachCm=52.0
[2026.07.10-05.03.29:568][697]LogMediaPipePose: mp.ChainReachExtend: actor=MP_LiveMetaHumanKellan side=L tracked=1 frac=1.00 highS=3.51 srcLenSumCm=53.7 chainReachCm=51.3 desiredExtCm=0.8 appliedExtCm=0.6 fullReachCm=52.0
[2026.07.10-05.03.29:568][697]LogMediaPipePose: mp.ChainReachExtend: actor=MP_LiveMetaHumanKellan side=R tracked=1 frac=0.97 highS=3.51 srcLenSumCm=53.3 chainReachCm=50.8 desiredExtCm=0.0 appliedExtCm=0.3 fullReachCm=52.0
[2026.07.10-05.03.30:589][728]LogMediaPipePose: mp.ChainReachExtend: actor=MP_LiveMetaHumanKellan side=L tracked=1 frac=0.97 highS=4.53 srcLenSumCm=53.2 chainReachCm=50.7 desiredExtCm=0.0 appliedExtCm=0.2 fullReachCm=52.0
[2026.07.10-05.03.30:589][728]LogMediaPipePose: mp.ChainReachExtend: actor=MP_LiveMetaHumanKellan side=R tracked=1 frac=0.97 highS=4.53 srcLenSumCm=53.4 chainReachCm=50.9 desiredExtCm=0.0 appliedExtCm=0.1 fullReachCm=52.0
[2026.07.10-05.03.31:593][758]LogMediaPipePose: mp.ChainReachExtend: actor=MP_LiveMetaHumanKellan side=L tracked=1 frac=0.97 highS=5.53 srcLenSumCm=53.1 chainReachCm=50.5 desiredExtCm=0.0 appliedExtCm=0.1 fullReachCm=52.0
[2026.07.10-05.03.31:593][758]LogMediaPipePose: mp.ChainReachExtend: actor=MP_LiveMetaHumanKellan side=R tracked=1 frac=0.97 highS=5.53 srcLenSumCm=53.5 chainReachCm=50.7 desiredExtCm=0.0 appliedExtCm=0.1 fullReachCm=52.0
[2026.07.10-05.03.32:615][789]LogMediaPipePose: mp.ChainReachExtend: actor=MP_LiveMetaHumanKellan side=L tracked=1 frac=0.98 highS=6.55 srcLenSumCm=53.3 chainReachCm=50.6 desiredExtCm=0.3 appliedExtCm=0.3 fullReachCm=52.0
[2026.07.10-05.03.32:615][789]LogMediaPipePose: mp.ChainReachExtend: actor=MP_LiveMetaHumanKellan side=R tracked=1 frac=0.98 highS=6.55 srcLenSumCm=53.6 chainReachCm=51.0 desiredExtCm=0.0 appliedExtCm=0.0 fullReachCm=52.0
[2026.07.10-05.03.33:653][820]LogMediaPipePose: mp.ChainReachExtend: actor=MP_LiveMetaHumanKellan side=L tracked=1 frac=0.95 highS=7.59 srcLenSumCm=52.7 chainReachCm=49.6 desiredExtCm=0.0 appliedExtCm=0.3 fullReachCm=52.0
[2026.07.10-05.03.33:653][820]LogMediaPipePose: mp.ChainReachExtend: actor=MP_LiveMetaHumanKellan side=R tracked=1 frac=0.95 highS=7.59 srcLenSumCm=53.2 chainReachCm=49.8 desiredExtCm=0.0 appliedExtCm=0.1 fullReachCm=52.0
[2026.07.10-05.03.34:690][851]LogMediaPipePose: mp.ChainReachExtend: actor=MP_LiveMetaHumanKellan side=L tracked=1 frac=0.99 highS=8.63 srcLenSumCm=52.9 chainReachCm=50.3 desiredExtCm=1.0 appliedExtCm=0.7 fullReachCm=52.0
[2026.07.10-05.03.34:691][851]LogMediaPipePose: mp.ChainReachExtend: actor=MP_LiveMetaHumanKellan side=R tracked=1 frac=1.00 highS=8.63 srcLenSumCm=53.9 chainReachCm=51.2 desiredExtCm=0.9 appliedExtCm=1.1 fullReachCm=52.0
[2026.07.10-05.03.35:691][881]LogMediaPipePose: mp.ChainReachExtend: actor=MP_LiveMetaHumanKellan side=L tracked=1 frac=0.96 highS=9.63 srcLenSumCm=53.5 chainReachCm=50.7 desiredExtCm=0.0 appliedExtCm=0.4 fullReachCm=52.0
[2026.07.10-05.03.35:729][882]LogMediaPipePose: mp.ChainReachExtend: actor=MP_LiveMetaHumanKellan side=R tracked=1 frac=0.98 highS=9.67 srcLenSumCm=54.4 chainReachCm=51.4 desiredExtCm=0.0 appliedExtCm=0.5 fullReachCm=52.0
[2026.07.10-05.03.36:699][911]LogMediaPipePose: mp.ChainReachExtend: actor=MP_LiveMetaHumanKellan side=L tracked=1 frac=0.94 highS=10.64 srcLenSumCm=53.3 chainReachCm=50.6 desiredExtCm=0.0 appliedExtCm=0.2 fullReachCm=52.0
[2026.07.10-05.03.36:753][913]LogMediaPipePose: mp.ChainReachExtend: actor=MP_LiveMetaHumanKellan side=R tracked=1 frac=0.99 highS=10.69 srcLenSumCm=53.8 chainReachCm=51.1 desiredExtCm=0.5 appliedExtCm=0.2 fullReachCm=52.0
[2026.07.10-05.03.37:701][941]LogMediaPipePose: mp.ChainReachExtend: actor=MP_LiveMetaHumanKellan side=L tracked=1 frac=0.69 highS=0.00 srcLenSumCm=52.8 chainReachCm=38.6 desiredExtCm=0.0 appliedExtCm=0.1 fullReachCm=52.0
[2026.07.10-05.03.37:763][943]LogMediaPipePose: mp.ChainReachExtend: actor=MP_LiveMetaHumanKellan side=R tracked=1 frac=0.67 highS=0.00 srcLenSumCm=52.8 chainReachCm=38.9 desiredExtCm=0.0 appliedExtCm=0.1 fullReachCm=52.0
[2026.07.10-05.03.38:722][972]LogMediaPipePose: mp.ChainReachExtend: actor=MP_LiveMetaHumanKellan side=L tracked=1 frac=0.61 highS=0.00 srcLenSumCm=52.5 chainReachCm=30.1 desiredExtCm=0.0 appliedExtCm=0.1 fullReachCm=52.0
[2026.07.10-05.03.38:788][974]LogMediaPipePose: mp.ChainReachExtend: actor=MP_LiveMetaHumanKellan side=R tracked=1 frac=0.59 highS=0.00 srcLenSumCm=52.6 chainReachCm=30.3 desiredExtCm=0.0 appliedExtCm=0.1 fullReachCm=52.0
[2026.07.10-05.03.39:729][  2]LogMediaPipePose: mp.ChainReachExtend: actor=MP_LiveMetaHumanKellan side=L tracked=1 frac=0.94 highS=0.44 srcLenSumCm=53.4 chainReachCm=49.6 desiredExtCm=0.0 appliedExtCm=0.0 fullReachCm=52.0
[2026.07.10-05.03.39:797][  4]LogMediaPipePose: mp.ChainReachExtend: actor=MP_LiveMetaHumanKellan side=R tracked=1 frac=0.99 highS=0.54 srcLenSumCm=53.3 chainReachCm=49.9 desiredExtCm=1.4 appliedExtCm=0.4 fullReachCm=52.0
[2026.07.10-05.03.40:761][ 33]LogMediaPipePose: mp.ChainReachExtend: actor=MP_LiveMetaHumanKellan side=L tracked=1 frac=0.95 highS=1.47 srcLenSumCm=53.2 chainReachCm=50.6 desiredExtCm=0.0 appliedExtCm=0.2 fullReachCm=52.0
[2026.07.10-05.03.40:826][ 35]LogMediaPipePose: mp.ChainReachExtend: actor=MP_LiveMetaHumanKellan side=R tracked=1 frac=0.96 highS=1.57 srcLenSumCm=53.8 chainReachCm=51.3 desiredExtCm=0.0 appliedExtCm=0.4 fullReachCm=52.0
[2026.07.10-05.03.41:787][ 64]LogMediaPipePose: mp.ChainReachExtend: actor=MP_LiveMetaHumanKellan side=L tracked=1 frac=1.00 highS=2.50 srcLenSumCm=50.5 chainReachCm=47.7 desiredExtCm=4.3 appliedExtCm=0.9 fullReachCm=52.0
[2026.07.10-05.03.41:829][ 65]LogMediaPipePose: mp.ChainReachExtend: actor=MP_LiveMetaHumanKellan side=R tracked=1 frac=0.96 highS=2.58 srcLenSumCm=51.9 chainReachCm=47.9 desiredExtCm=1.8 appliedExtCm=0.8 fullReachCm=52.0
[2026.07.10-05.03.42:822][ 95]LogMediaPipePose: mp.ChainReachExtend: actor=MP_LiveMetaHumanKellan side=L tracked=1 frac=0.92 highS=3.53 srcLenSumCm=52.2 chainReachCm=48.6 desiredExtCm=0.0 appliedExtCm=0.8 fullReachCm=52.0
[2026.07.10-05.03.42:860][ 96]LogMediaPipePose: mp.ChainReachExtend: actor=MP_LiveMetaHumanKellan side=R tracked=1 frac=0.93 highS=3.61 srcLenSumCm=52.4 chainReachCm=48.8 desiredExtCm=0.0 appliedExtCm=0.5 fullReachCm=52.0
[2026.07.10-05.03.43:860][126]LogMediaPipePose: mp.ChainReachExtend: actor=MP_LiveMetaHumanKellan side=L tracked=1 frac=0.92 highS=4.57 srcLenSumCm=52.9 chainReachCm=49.6 desiredExtCm=0.0 appliedExtCm=0.7 fullReachCm=52.0
[2026.07.10-05.03.43:902][127]LogMediaPipePose: mp.ChainReachExtend: actor=MP_LiveMetaHumanKellan side=R tracked=1 frac=0.97 highS=4.65 srcLenSumCm=53.5 chainReachCm=50.6 desiredExtCm=0.0 appliedExtCm=0.5 fullReachCm=52.0
[2026.07.10-05.03.44:897][157]LogMediaPipePose: mp.ChainReachExtend: actor=MP_LiveMetaHumanKellan side=L tracked=1 frac=0.95 highS=0.21 srcLenSumCm=51.2 chainReachCm=47.1 desiredExtCm=0.0 appliedExtCm=0.3 fullReachCm=52.0
[2026.07.10-05.03.44:922][158]LogMediaPipePose: mp.ChainReachExtend: actor=MP_LiveMetaHumanKellan side=R tracked=1 frac=0.94 highS=0.29 srcLenSumCm=51.4 chainReachCm=47.6 desiredExtCm=0.0 appliedExtCm=0.2 fullReachCm=52.0
[2026.07.10-05.03.45:919][188]LogMediaPipePose: mp.ChainReachExtend: actor=MP_LiveMetaHumanKellan side=L tracked=1 frac=0.87 highS=1.23 srcLenSumCm=53.1 chainReachCm=46.5 desiredExtCm=0.0 appliedExtCm=0.2 fullReachCm=52.0
[2026.07.10-05.03.45:946][189]LogMediaPipePose: mp.ChainReachExtend: actor=MP_LiveMetaHumanKellan side=R tracked=1 frac=0.86 highS=1.31 srcLenSumCm=53.1 chainReachCm=45.3 desiredExtCm=0.0 appliedExtCm=0.3 fullReachCm=52.0
[2026.07.10-05.03.46:927][218]LogMediaPipePose: mp.ChainReachExtend: actor=MP_LiveMetaHumanKellan side=L tracked=1 frac=0.83 highS=0.00 srcLenSumCm=53.1 chainReachCm=44.0 desiredExtCm=0.0 appliedExtCm=0.1 fullReachCm=52.0
[2026.07.10-05.03.46:956][219]LogMediaPipePose: mp.ChainReachExtend: actor=MP_LiveMetaHumanKellan side=R tracked=1 frac=0.83 highS=0.00 srcLenSumCm=53.0 chainReachCm=43.2 desiredExtCm=0.0 appliedExtCm=0.1 fullReachCm=52.0
[2026.07.10-05.03.47:962][249]LogMediaPipePose: mp.ChainReachExtend: actor=MP_LiveMetaHumanKellan side=L tracked=1 frac=0.84 highS=0.00 srcLenSumCm=53.0 chainReachCm=43.1 desiredExtCm=0.0 appliedExtCm=0.0 fullReachCm=52.0
[2026.07.10-05.03.47:962][249]LogMediaPipePose: mp.ChainReachExtend: actor=MP_LiveMetaHumanKellan side=R tracked=1 frac=0.85 highS=0.08 srcLenSumCm=52.9 chainReachCm=44.2 desiredExtCm=0.0 appliedExtCm=0.1 fullReachCm=52.0
[2026.07.10-05.03.48:983][280]LogMediaPipePose: mp.ChainReachExtend: actor=MP_LiveMetaHumanKellan side=L tracked=1 frac=0.81 highS=0.00 srcLenSumCm=52.8 chainReachCm=42.2 desiredExtCm=0.0 appliedExtCm=0.0 fullReachCm=52.0
[2026.07.10-05.03.48:983][280]LogMediaPipePose: mp.ChainReachExtend: actor=MP_LiveMetaHumanKellan side=R tracked=1 frac=0.84 highS=0.00 srcLenSumCm=52.7 chainReachCm=43.0 desiredExtCm=0.0 appliedExtCm=0.0 fullReachCm=52.0
[2026.07.10-05.03.50:035][311]LogMediaPipePose: mp.ChainReachExtend: actor=MP_LiveMetaHumanKellan side=L tracked=1 frac=1.00 highS=0.15 srcLenSumCm=52.9 chainReachCm=50.2 desiredExtCm=0.0 appliedExtCm=0.4 fullReachCm=52.0
[2026.07.10-05.03.50:035][311]LogMediaPipePose: mp.ChainReachExtend: actor=MP_LiveMetaHumanKellan side=R tracked=1 frac=1.00 highS=0.91 srcLenSumCm=53.4 chainReachCm=51.3 desiredExtCm=0.8 appliedExtCm=0.6 fullReachCm=52.0
[2026.07.10-05.03.51:062][342]LogMediaPipePose: mp.ChainReachExtend: actor=MP_LiveMetaHumanKellan side=L tracked=1 frac=0.96 highS=1.18 srcLenSumCm=52.7 chainReachCm=50.6 desiredExtCm=0.0 appliedExtCm=0.4 fullReachCm=52.0
[2026.07.10-05.03.51:062][342]LogMediaPipePose: mp.ChainReachExtend: actor=MP_LiveMetaHumanKellan side=R tracked=1 frac=0.94 highS=1.93 srcLenSumCm=53.2 chainReachCm=51.2 desiredExtCm=0.0 appliedExtCm=0.4 fullReachCm=52.0
[2026.07.10-05.03.52:078][373]LogMediaPipePose: mp.ChainReachExtend: actor=MP_LiveMetaHumanKellan side=L tracked=1 frac=0.84 highS=0.00 srcLenSumCm=52.8 chainReachCm=43.3 desiredExtCm=0.0 appliedExtCm=0.3 fullReachCm=52.0
[2026.07.10-05.03.52:079][373]LogMediaPipePose: mp.ChainReachExtend: actor=MP_LiveMetaHumanKellan side=R tracked=1 frac=0.83 highS=0.00 srcLenSumCm=52.8 chainReachCm=42.8 desiredExtCm=0.0 appliedExtCm=0.3 fullReachCm=52.0
[2026.07.10-05.03.53:131][404]LogMediaPipePose: mp.ChainReachExtend: actor=MP_LiveMetaHumanKellan side=L tracked=1 frac=0.94 highS=0.40 srcLenSumCm=50.8 chainReachCm=46.7 desiredExtCm=1.7 appliedExtCm=0.3 fullReachCm=52.0
[2026.07.10-05.03.53:131][404]LogMediaPipePose: mp.ChainReachExtend: actor=MP_LiveMetaHumanKellan side=R tracked=1 frac=0.96 highS=0.34 srcLenSumCm=50.6 chainReachCm=46.7 desiredExtCm=0.0 appliedExtCm=0.1 fullReachCm=52.0
[2026.07.10-05.03.54:163][435]LogMediaPipePose: mp.ChainReachExtend: actor=MP_LiveMetaHumanKellan side=L tracked=1 frac=0.89 highS=0.26 srcLenSumCm=49.8 chainReachCm=48.3 desiredExtCm=0.0 appliedExtCm=0.7 fullReachCm=52.0
[2026.07.10-05.03.54:163][435]LogMediaPipePose: mp.ChainReachExtend: actor=MP_LiveMetaHumanKellan side=R tracked=1 frac=0.92 highS=1.37 srcLenSumCm=50.0 chainReachCm=48.6 desiredExtCm=0.0 appliedExtCm=0.8 fullReachCm=52.0
[2026.07.10-05.03.55:196][466]LogMediaPipePose: mp.ChainReachExtend: actor=MP_LiveMetaHumanKellan side=L tracked=1 frac=0.81 highS=0.00 srcLenSumCm=53.2 chainReachCm=42.9 desiredExtCm=0.0 appliedExtCm=0.3 fullReachCm=52.0
[2026.07.10-05.03.55:196][466]LogMediaPipePose: mp.ChainReachExtend: actor=MP_LiveMetaHumanKellan side=R tracked=1 frac=0.81 highS=0.00 srcLenSumCm=53.0 chainReachCm=42.3 desiredExtCm=0.0 appliedExtCm=0.3 fullReachCm=52.0
[2026.07.10-05.03.56:196][496]LogMediaPipePose: mp.ChainReachExtend: actor=MP_LiveMetaHumanKellan side=L tracked=1 frac=0.97 highS=0.71 srcLenSumCm=52.4 chainReachCm=50.2 desiredExtCm=0.2 appliedExtCm=0.1 fullReachCm=52.0
[2026.07.10-05.03.56:196][496]LogMediaPipePose: mp.ChainReachExtend: actor=MP_LiveMetaHumanKellan side=R tracked=1 frac=0.96 highS=0.71 srcLenSumCm=52.7 chainReachCm=50.2 desiredExtCm=0.0 appliedExtCm=0.2 fullReachCm=52.0
[2026.07.10-05.03.57:219][527]LogMediaPipePose: mp.ChainReachExtend: actor=MP_LiveMetaHumanKellan side=L tracked=1 frac=0.88 highS=1.73 srcLenSumCm=53.4 chainReachCm=46.6 desiredExtCm=0.0 appliedExtCm=0.1 fullReachCm=52.0
[2026.07.10-05.03.57:219][527]LogMediaPipePose: mp.ChainReachExtend: actor=MP_LiveMetaHumanKellan side=R tracked=1 frac=0.90 highS=1.73 srcLenSumCm=53.2 chainReachCm=46.8 desiredExtCm=0.0 appliedExtCm=0.2 fullReachCm=52.0
[2026.07.10-05.03.58:256][558]LogMediaPipePose: mp.ChainReachExtend: actor=MP_LiveMetaHumanKellan side=L tracked=1 frac=0.89 highS=2.77 srcLenSumCm=53.2 chainReachCm=45.8 desiredExtCm=0.1 appliedExtCm=0.1 fullReachCm=52.0
[2026.07.10-05.03.58:256][558]LogMediaPipePose: mp.ChainReachExtend: actor=MP_LiveMetaHumanKellan side=R tracked=1 frac=0.88 highS=2.77 srcLenSumCm=53.2 chainReachCm=45.7 desiredExtCm=0.1 appliedExtCm=0.2 fullReachCm=52.0
[2026.07.10-05.03.59:267][588]LogMediaPipePose: mp.ChainReachExtend: actor=MP_LiveMetaHumanKellan side=L tracked=1 frac=0.97 highS=0.35 srcLenSumCm=53.4 chainReachCm=48.1 desiredExtCm=0.0 appliedExtCm=0.0 fullReachCm=52.0
[2026.07.10-05.03.59:267][588]LogMediaPipePose: mp.ChainReachExtend: actor=MP_LiveMetaHumanKellan side=R tracked=1 frac=0.96 highS=0.35 srcLenSumCm=53.3 chainReachCm=47.3 desiredExtCm=0.0 appliedExtCm=0.1 fullReachCm=52.0
[2026.07.10-05.04.00:299][619]LogMediaPipePose: mp.ChainReachExtend: actor=MP_LiveMetaHumanKellan side=L tracked=1 frac=0.98 highS=1.38 srcLenSumCm=53.4 chainReachCm=50.8 desiredExtCm=0.0 appliedExtCm=0.4 fullReachCm=52.0
[2026.07.10-05.04.00:299][619]LogMediaPipePose: mp.ChainReachExtend: actor=MP_LiveMetaHumanKellan side=R tracked=1 frac=0.97 highS=1.38 srcLenSumCm=53.3 chainReachCm=51.0 desiredExtCm=0.0 appliedExtCm=0.5 fullReachCm=52.0
[2026.07.10-05.04.01:327][650]LogMediaPipePose: mp.ChainReachExtend: actor=MP_LiveMetaHumanKellan side=L tracked=1 frac=0.96 highS=2.41 srcLenSumCm=53.1 chainReachCm=49.8 desiredExtCm=0.4 appliedExtCm=0.3 fullReachCm=52.0
[2026.07.10-05.04.01:327][650]LogMediaPipePose: mp.ChainReachExtend: actor=MP_LiveMetaHumanKellan side=R tracked=1 frac=0.96 highS=2.41 srcLenSumCm=52.9 chainReachCm=49.6 desiredExtCm=0.3 appliedExtCm=0.3 fullReachCm=52.0
[2026.07.10-05.04.02:355][681]LogMediaPipePose: mp.ChainReachExtend: actor=MP_LiveMetaHumanKellan side=L tracked=1 frac=0.39 highS=0.00 srcLenSumCm=52.1 chainReachCm=23.4 desiredExtCm=0.0 appliedExtCm=0.1 fullReachCm=52.0
[2026.07.10-05.04.02:357][681]LogMediaPipePose: mp.ChainReachExtend: actor=MP_LiveMetaHumanKellan side=R tracked=1 frac=0.95 highS=3.43 srcLenSumCm=52.8 chainReachCm=49.9 desiredExtCm=0.0 appliedExtCm=0.3 fullReachCm=52.0
