[2026.07.10-05.02.13:462][412]LogMediaPipePose: mp.ClavicleShrugFusion: actor=MP_LiveMediaPipeManny side=L heightCm=47.8 restRef=46.0 liftRig=0.7 sin=0.01 rigScale=1.21 appliedCm=0.2
[2026.07.10-05.02.13:462][412]LogMediaPipePose: mp.ClavicleShrugFusion: actor=MP_LiveMediaPipeManny side=R heightCm=46.7 restRef=44.9 liftRig=0.5 sin=0.01 rigScale=1.21 appliedCm=0.1
[2026.07.10-05.02.13:463][412]LogMediaPipePose: mp.ClavicleShrugFusion: actor=MP_LiveMetaHumanKellan side=L heightCm=47.8 restRef=46.0 liftRig=0.6 sin=0.01 rigScale=1.15 appliedCm=0.1
[2026.07.10-05.02.13:463][412]LogMediaPipePose: mp.ClavicleShrugFusion: actor=MP_LiveMetaHumanKellan side=R heightCm=46.7 restRef=44.9 liftRig=0.5 sin=0.01 rigScale=1.15 appliedCm=0.1
[2026.07.10-05.02.14:485][445]LogMediaPipePose: mp.ClavicleShrugFusion: actor=MP_LiveMediaPipeManny side=L heightCm=49.0 restRef=46.0 liftRig=3.0 sin=0.17 rigScale=1.21 appliedCm=3.0
[2026.07.10-05.02.14:485][445]LogMediaPipePose: mp.ClavicleShrugFusion: actor=MP_LiveMediaPipeManny side=R heightCm=47.6 restRef=45.0 liftRig=2.3 sin=0.13 rigScale=1.21 appliedCm=2.3
[2026.07.10-05.02.14:487][445]LogMediaPipePose: mp.ClavicleShrugFusion: actor=MP_LiveMetaHumanKellan side=L heightCm=49.0 restRef=46.0 liftRig=2.8 sin=0.17 rigScale=1.14 appliedCm=2.9
[2026.07.10-05.02.14:487][445]LogMediaPipePose: mp.ClavicleShrugFusion: actor=MP_LiveMetaHumanKellan side=R heightCm=47.6 restRef=45.0 liftRig=2.2 sin=0.13 rigScale=1.14 appliedCm=2.2
[2026.07.10-05.02.15:514][475]LogMediaPipePose: mp.ClavicleShrugFusion: actor=MP_LiveMediaPipeManny side=L heightCm=47.9 restRef=46.0 liftRig=0.9 sin=0.07 rigScale=1.21 appliedCm=1.2
[2026.07.10-05.02.15:514][475]LogMediaPipePose: mp.ClavicleShrugFusion: actor=MP_LiveMediaPipeManny side=R heightCm=47.2 restRef=45.0 liftRig=1.6 sin=0.10 rigScale=1.21 appliedCm=1.7
[2026.07.10-05.02.15:514][475]LogMediaPipePose: mp.ClavicleShrugFusion: actor=MP_LiveMetaHumanKellan side=L heightCm=47.9 restRef=46.0 liftRig=0.9 sin=0.07 rigScale=1.15 appliedCm=1.1
[2026.07.10-05.02.15:514][475]LogMediaPipePose: mp.ClavicleShrugFusion: actor=MP_LiveMetaHumanKellan side=R heightCm=47.2 restRef=45.0 liftRig=1.6 sin=0.10 rigScale=1.15 appliedCm=1.7
[2026.07.10-05.02.16:526][506]LogMediaPipePose: mp.ClavicleShrugFusion: actor=MP_LiveMediaPipeManny side=L heightCm=47.8 restRef=46.0 liftRig=0.6 sin=0.03 rigScale=1.21 appliedCm=0.6
[2026.07.10-05.02.16:526][506]LogMediaPipePose: mp.ClavicleShrugFusion: actor=MP_LiveMediaPipeManny side=R heightCm=47.2 restRef=45.0 liftRig=1.6 sin=0.09 rigScale=1.21 appliedCm=1.6
[2026.07.10-05.02.16:526][506]LogMediaPipePose: mp.ClavicleShrugFusion: actor=MP_LiveMetaHumanKellan side=L heightCm=47.8 restRef=46.0 liftRig=0.6 sin=0.03 rigScale=1.15 appliedCm=0.5
[2026.07.10-05.02.16:526][506]LogMediaPipePose: mp.ClavicleShrugFusion: actor=MP_LiveMetaHumanKellan side=R heightCm=47.2 restRef=45.0 liftRig=1.5 sin=0.09 rigScale=1.15 appliedCm=1.5
[2026.07.10-05.02.17:561][537]LogMediaPipePose: mp.ClavicleShrugFusion: actor=MP_LiveMediaPipeManny side=L heightCm=49.4 restRef=46.1 liftRig=3.6 sin=0.15 rigScale=1.21 appliedCm=2.7
[2026.07.10-05.02.17:561][537]LogMediaPipePose: mp.ClavicleShrugFusion: actor=MP_LiveMediaPipeManny side=R heightCm=50.5 restRef=45.0 liftRig=6.6 sin=0.31 rigScale=1.21 appliedCm=5.8
[2026.07.10-05.02.17:562][537]LogMediaPipePose: mp.ClavicleShrugFusion: actor=MP_LiveMetaHumanKellan side=L heightCm=49.4 restRef=46.1 liftRig=3.4 sin=0.15 rigScale=1.14 appliedCm=2.5
[2026.07.10-05.02.17:562][537]LogMediaPipePose: mp.ClavicleShrugFusion: actor=MP_LiveMetaHumanKellan side=R heightCm=50.5 restRef=45.0 liftRig=6.2 sin=0.31 rigScale=1.14 appliedCm=5.5
[2026.07.10-05.02.18:583][568]LogMediaPipePose: mp.ClavicleShrugFusion: actor=MP_LiveMediaPipeManny side=L heightCm=50.1 restRef=46.1 liftRig=4.6 sin=0.26 rigScale=1.22 appliedCm=4.7
[2026.07.10-05.02.18:583][568]LogMediaPipePose: mp.ClavicleShrugFusion: actor=MP_LiveMediaPipeManny side=R heightCm=51.1 restRef=45.0 liftRig=7.3 sin=0.42 rigScale=1.22 appliedCm=8.2
[2026.07.10-05.02.18:583][568]LogMediaPipePose: mp.ClavicleShrugFusion: actor=MP_LiveMetaHumanKellan side=L heightCm=50.1 restRef=46.1 liftRig=4.4 sin=0.26 rigScale=1.15 appliedCm=4.5
[2026.07.10-05.02.18:583][568]LogMediaPipePose: mp.ClavicleShrugFusion: actor=MP_LiveMetaHumanKellan side=R heightCm=51.1 restRef=45.0 liftRig=6.9 sin=0.42 rigScale=1.15 appliedCm=7.6
[2026.07.10-05.02.19:584][598]LogMediaPipePose: mp.ClavicleShrugFusion: actor=MP_LiveMediaPipeManny side=L heightCm=49.9 restRef=46.1 liftRig=4.3 sin=0.25 rigScale=1.22 appliedCm=4.5
[2026.07.10-05.02.19:584][598]LogMediaPipePose: mp.ClavicleShrugFusion: actor=MP_LiveMediaPipeManny side=R heightCm=50.7 restRef=45.0 liftRig=6.9 sin=0.38 rigScale=1.22 appliedCm=7.4
[2026.07.10-05.02.19:586][598]LogMediaPipePose: mp.ClavicleShrugFusion: actor=MP_LiveMetaHumanKellan side=L heightCm=49.9 restRef=46.1 liftRig=4.1 sin=0.24 rigScale=1.16 appliedCm=4.3
[2026.07.10-05.02.19:586][598]LogMediaPipePose: mp.ClavicleShrugFusion: actor=MP_LiveMetaHumanKellan side=R heightCm=50.7 restRef=45.0 liftRig=6.5 sin=0.38 rigScale=1.16 appliedCm=6.9
[2026.07.10-05.02.20:585][628]LogMediaPipePose: mp.ClavicleShrugFusion: actor=MP_LiveMediaPipeManny side=L heightCm=49.5 restRef=46.1 liftRig=3.7 sin=0.23 rigScale=1.23 appliedCm=4.2
[2026.07.10-05.02.20:585][628]LogMediaPipePose: mp.ClavicleShrugFusion: actor=MP_LiveMediaPipeManny side=R heightCm=50.2 restRef=45.0 liftRig=6.3 sin=0.37 rigScale=1.23 appliedCm=7.2
[2026.07.10-05.02.20:586][628]LogMediaPipePose: mp.ClavicleShrugFusion: actor=MP_LiveMetaHumanKellan side=L heightCm=49.5 restRef=46.1 liftRig=3.5 sin=0.23 rigScale=1.17 appliedCm=4.0
[2026.07.10-05.02.20:586][628]LogMediaPipePose: mp.ClavicleShrugFusion: actor=MP_LiveMetaHumanKellan side=R heightCm=50.2 restRef=45.0 liftRig=5.9 sin=0.37 rigScale=1.17 appliedCm=6.7
[2026.07.10-05.02.21:586][658]LogMediaPipePose: mp.ClavicleShrugFusion: actor=MP_LiveMediaPipeManny side=L heightCm=49.6 restRef=46.1 liftRig=3.9 sin=0.21 rigScale=1.24 appliedCm=3.8
[2026.07.10-05.02.21:586][658]LogMediaPipePose: mp.ClavicleShrugFusion: actor=MP_LiveMediaPipeManny side=R heightCm=50.0 restRef=45.0 liftRig=6.0 sin=0.33 rigScale=1.24 appliedCm=6.2
[2026.07.10-05.02.21:586][658]LogMediaPipePose: mp.ClavicleShrugFusion: actor=MP_LiveMetaHumanKellan side=L heightCm=49.6 restRef=46.1 liftRig=3.7 sin=0.21 rigScale=1.17 appliedCm=3.6
[2026.07.10-05.02.21:586][658]LogMediaPipePose: mp.ClavicleShrugFusion: actor=MP_LiveMetaHumanKellan side=R heightCm=50.0 restRef=45.0 liftRig=5.6 sin=0.32 rigScale=1.17 appliedCm=5.9
[2026.07.10-05.02.22:609][689]LogMediaPipePose: mp.ClavicleShrugFusion: actor=MP_LiveMediaPipeManny side=L heightCm=49.5 restRef=46.1 liftRig=3.7 sin=0.22 rigScale=1.25 appliedCm=4.1
[2026.07.10-05.02.22:609][689]LogMediaPipePose: mp.ClavicleShrugFusion: actor=MP_LiveMediaPipeManny side=R heightCm=50.1 restRef=45.0 liftRig=6.1 sin=0.35 rigScale=1.25 appliedCm=6.6
[2026.07.10-05.02.22:609][689]LogMediaPipePose: mp.ClavicleShrugFusion: actor=MP_LiveMetaHumanKellan side=L heightCm=49.5 restRef=46.1 liftRig=3.5 sin=0.22 rigScale=1.18 appliedCm=3.9
[2026.07.10-05.02.22:609][689]LogMediaPipePose: mp.ClavicleShrugFusion: actor=MP_LiveMetaHumanKellan side=R heightCm=50.1 restRef=45.0 liftRig=5.8 sin=0.34 rigScale=1.18 appliedCm=6.2
[2026.07.10-05.02.23:627][719]LogMediaPipePose: mp.ClavicleShrugFusion: actor=MP_LiveMediaPipeManny side=L heightCm=49.0 restRef=46.1 liftRig=2.9 sin=0.17 rigScale=1.26 appliedCm=3.0
[2026.07.10-05.02.23:627][719]LogMediaPipePose: mp.ClavicleShrugFusion: actor=MP_LiveMediaPipeManny side=R heightCm=50.3 restRef=45.0 liftRig=6.4 sin=0.36 rigScale=1.26 appliedCm=6.9
[2026.07.10-05.02.23:627][719]LogMediaPipePose: mp.ClavicleShrugFusion: actor=MP_LiveMetaHumanKellan side=L heightCm=49.0 restRef=46.1 liftRig=2.8 sin=0.16 rigScale=1.19 appliedCm=2.8
[2026.07.10-05.02.23:627][719]LogMediaPipePose: mp.ClavicleShrugFusion: actor=MP_LiveMetaHumanKellan side=R heightCm=50.3 restRef=45.0 liftRig=6.1 sin=0.35 rigScale=1.19 appliedCm=6.4
[2026.07.10-05.02.24:628][749]LogMediaPipePose: mp.ClavicleShrugFusion: actor=MP_LiveMediaPipeManny side=L heightCm=50.0 restRef=46.1 liftRig=4.6 sin=0.25 rigScale=1.27 appliedCm=4.5
[2026.07.10-05.02.24:628][749]LogMediaPipePose: mp.ClavicleShrugFusion: actor=MP_LiveMediaPipeManny side=R heightCm=50.6 restRef=45.0 liftRig=6.9 sin=0.38 rigScale=1.27 appliedCm=7.4
[2026.07.10-05.02.24:628][749]LogMediaPipePose: mp.ClavicleShrugFusion: actor=MP_LiveMetaHumanKellan side=L heightCm=50.0 restRef=46.1 liftRig=4.3 sin=0.25 rigScale=1.20 appliedCm=4.4
[2026.07.10-05.02.24:628][749]LogMediaPipePose: mp.ClavicleShrugFusion: actor=MP_LiveMetaHumanKellan side=R heightCm=50.6 restRef=45.0 liftRig=6.5 sin=0.38 rigScale=1.20 appliedCm=6.9
[2026.07.10-05.02.25:660][780]LogMediaPipePose: mp.ClavicleShrugFusion: actor=MP_LiveMediaPipeManny side=L heightCm=49.6 restRef=46.1 liftRig=4.0 sin=0.24 rigScale=1.27 appliedCm=4.3
[2026.07.10-05.02.25:660][780]LogMediaPipePose: mp.ClavicleShrugFusion: actor=MP_LiveMediaPipeManny side=R heightCm=50.5 restRef=45.0 liftRig=6.8 sin=0.38 rigScale=1.27 appliedCm=7.3
[2026.07.10-05.02.25:661][780]LogMediaPipePose: mp.ClavicleShrugFusion: actor=MP_LiveMetaHumanKellan side=L heightCm=49.6 restRef=46.1 liftRig=3.8 sin=0.24 rigScale=1.21 appliedCm=4.1
[2026.07.10-05.02.25:661][780]LogMediaPipePose: mp.ClavicleShrugFusion: actor=MP_LiveMetaHumanKellan side=R heightCm=50.5 restRef=45.0 liftRig=6.5 sin=0.37 rigScale=1.21 appliedCm=6.8
[2026.07.10-05.02.26:692][811]LogMediaPipePose: mp.ClavicleShrugFusion: actor=MP_LiveMediaPipeManny side=L heightCm=49.2 restRef=46.1 liftRig=3.3 sin=0.20 rigScale=1.28 appliedCm=3.6
[2026.07.10-05.02.26:692][811]LogMediaPipePose: mp.ClavicleShrugFusion: actor=MP_LiveMediaPipeManny side=R heightCm=50.8 restRef=45.0 liftRig=7.3 sin=0.40 rigScale=1.28 appliedCm=7.8
[2026.07.10-05.02.26:692][811]LogMediaPipePose: mp.ClavicleShrugFusion: actor=MP_LiveMetaHumanKellan side=L heightCm=49.2 restRef=46.1 liftRig=3.1 sin=0.20 rigScale=1.21 appliedCm=3.4
[2026.07.10-05.02.26:692][811]LogMediaPipePose: mp.ClavicleShrugFusion: actor=MP_LiveMetaHumanKellan side=R heightCm=50.8 restRef=45.0 liftRig=6.9 sin=0.40 rigScale=1.21 appliedCm=7.2
[2026.07.10-05.02.27:723][842]LogMediaPipePose: mp.ClavicleShrugFusion: actor=MP_LiveMediaPipeManny side=L heightCm=49.4 restRef=46.1 liftRig=3.7 sin=0.21 rigScale=1.29 appliedCm=3.8
[2026.07.10-05.02.27:723][842]LogMediaPipePose: mp.ClavicleShrugFusion: actor=MP_LiveMediaPipeManny side=R heightCm=50.9 restRef=45.1 liftRig=7.4 sin=0.41 rigScale=1.29 appliedCm=8.1
[2026.07.10-05.02.27:725][842]LogMediaPipePose: mp.ClavicleShrugFusion: actor=MP_LiveMetaHumanKellan side=L heightCm=49.4 restRef=46.1 liftRig=3.5 sin=0.21 rigScale=1.22 appliedCm=3.6
[2026.07.10-05.02.27:725][842]LogMediaPipePose: mp.ClavicleShrugFusion: actor=MP_LiveMetaHumanKellan side=R heightCm=50.9 restRef=45.1 liftRig=7.0 sin=0.41 rigScale=1.22 appliedCm=7.5
[2026.07.10-05.02.28:736][872]LogMediaPipePose: mp.ClavicleShrugFusion: actor=MP_LiveMediaPipeManny side=L heightCm=49.2 restRef=46.1 liftRig=3.4 sin=0.19 rigScale=1.30 appliedCm=3.4
[2026.07.10-05.02.28:736][872]LogMediaPipePose: mp.ClavicleShrugFusion: actor=MP_LiveMediaPipeManny side=R heightCm=50.9 restRef=45.1 liftRig=7.5 sin=0.41 rigScale=1.30 appliedCm=8.0
[2026.07.10-05.02.28:736][872]LogMediaPipePose: mp.ClavicleShrugFusion: actor=MP_LiveMetaHumanKellan side=L heightCm=49.2 restRef=46.1 liftRig=3.2 sin=0.19 rigScale=1.23 appliedCm=3.2
[2026.07.10-05.02.28:736][872]LogMediaPipePose: mp.ClavicleShrugFusion: actor=MP_LiveMetaHumanKellan side=R heightCm=50.9 restRef=45.1 liftRig=7.1 sin=0.40 rigScale=1.23 appliedCm=7.3
[2026.07.10-05.02.29:772][903]LogMediaPipePose: mp.ClavicleShrugFusion: actor=MP_LiveMediaPipeManny side=L heightCm=49.4 restRef=46.1 liftRig=3.7 sin=0.20 rigScale=1.30 appliedCm=3.6
[2026.07.10-05.02.29:772][903]LogMediaPipePose: mp.ClavicleShrugFusion: actor=MP_LiveMediaPipeManny side=R heightCm=49.7 restRef=45.1 liftRig=5.8 sin=0.36 rigScale=1.30 appliedCm=7.0
[2026.07.10-05.02.29:772][903]LogMediaPipePose: mp.ClavicleShrugFusion: actor=MP_LiveMetaHumanKellan side=L heightCm=49.4 restRef=46.1 liftRig=3.5 sin=0.20 rigScale=1.23 appliedCm=3.5
[2026.07.10-05.02.29:772][903]LogMediaPipePose: mp.ClavicleShrugFusion: actor=MP_LiveMetaHumanKellan side=R heightCm=49.7 restRef=45.1 liftRig=5.5 sin=0.36 rigScale=1.23 appliedCm=6.5
[2026.07.10-05.02.30:795][934]LogMediaPipePose: mp.ClavicleShrugFusion: actor=MP_LiveMediaPipeManny side=L heightCm=49.2 restRef=46.1 liftRig=3.4 sin=0.20 rigScale=1.30 appliedCm=3.6
[2026.07.10-05.02.30:795][934]LogMediaPipePose: mp.ClavicleShrugFusion: actor=MP_LiveMediaPipeManny side=R heightCm=49.7 restRef=45.1 liftRig=5.8 sin=0.30 rigScale=1.30 appliedCm=5.7
[2026.07.10-05.02.30:795][934]LogMediaPipePose: mp.ClavicleShrugFusion: actor=MP_LiveMetaHumanKellan side=L heightCm=49.2 restRef=46.1 liftRig=3.2 sin=0.20 rigScale=1.23 appliedCm=3.4
[2026.07.10-05.02.30:796][934]LogMediaPipePose: mp.ClavicleShrugFusion: actor=MP_LiveMetaHumanKellan side=R heightCm=49.7 restRef=45.1 liftRig=5.5 sin=0.30 rigScale=1.23 appliedCm=5.4
[2026.07.10-05.02.31:818][965]LogMediaPipePose: mp.ClavicleShrugFusion: actor=MP_LiveMediaPipeManny side=L heightCm=49.3 restRef=46.1 liftRig=3.6 sin=0.19 rigScale=1.31 appliedCm=3.4
[2026.07.10-05.02.31:818][965]LogMediaPipePose: mp.ClavicleShrugFusion: actor=MP_LiveMediaPipeManny side=R heightCm=50.2 restRef=45.1 liftRig=6.4 sin=0.41 rigScale=1.31 appliedCm=8.2
[2026.07.10-05.02.31:818][965]LogMediaPipePose: mp.ClavicleShrugFusion: actor=MP_LiveMetaHumanKellan side=L heightCm=49.3 restRef=46.1 liftRig=3.4 sin=0.19 rigScale=1.23 appliedCm=3.2
[2026.07.10-05.02.31:818][965]LogMediaPipePose: mp.ClavicleShrugFusion: actor=MP_LiveMetaHumanKellan side=R heightCm=50.2 restRef=45.1 liftRig=6.1 sin=0.41 rigScale=1.23 appliedCm=7.6
[2026.07.10-05.02.32:827][995]LogMediaPipePose: mp.ClavicleShrugFusion: actor=MP_LiveMediaPipeManny side=L heightCm=49.7 restRef=46.1 liftRig=4.2 sin=0.24 rigScale=1.31 appliedCm=4.2
[2026.07.10-05.02.32:827][995]LogMediaPipePose: mp.ClavicleShrugFusion: actor=MP_LiveMediaPipeManny side=R heightCm=49.5 restRef=45.1 liftRig=5.5 sin=0.31 rigScale=1.31 appliedCm=5.8
[2026.07.10-05.02.32:828][995]LogMediaPipePose: mp.ClavicleShrugFusion: actor=MP_LiveMetaHumanKellan side=L heightCm=49.7 restRef=46.1 liftRig=4.0 sin=0.23 rigScale=1.24 appliedCm=4.1
[2026.07.10-05.02.32:828][995]LogMediaPipePose: mp.ClavicleShrugFusion: actor=MP_LiveMetaHumanKellan side=R heightCm=49.5 restRef=45.1 liftRig=5.2 sin=0.31 rigScale=1.24 appliedCm=5.5
[2026.07.10-05.02.33:857][ 26]LogMediaPipePose: mp.ClavicleShrugFusion: actor=MP_LiveMediaPipeManny side=L heightCm=49.5 restRef=46.1 liftRig=3.9 sin=0.22 rigScale=1.31 appliedCm=3.9
[2026.07.10-05.02.33:857][ 26]LogMediaPipePose: mp.ClavicleShrugFusion: actor=MP_LiveMediaPipeManny side=R heightCm=49.8 restRef=45.1 liftRig=6.0 sin=0.34 rigScale=1.31 appliedCm=6.5
[2026.07.10-05.02.33:857][ 26]LogMediaPipePose: mp.ClavicleShrugFusion: actor=MP_LiveMetaHumanKellan side=L heightCm=49.5 restRef=46.1 liftRig=3.7 sin=0.21 rigScale=1.24 appliedCm=3.7
[2026.07.10-05.02.33:857][ 26]LogMediaPipePose: mp.ClavicleShrugFusion: actor=MP_LiveMetaHumanKellan side=R heightCm=49.8 restRef=45.1 liftRig=5.7 sin=0.34 rigScale=1.24 appliedCm=6.1
[2026.07.10-05.02.34:862][ 56]LogMediaPipePose: mp.ClavicleShrugFusion: actor=MP_LiveMediaPipeManny side=L heightCm=48.4 restRef=46.1 liftRig=1.8 sin=0.07 rigScale=1.29 appliedCm=1.2
[2026.07.10-05.02.34:862][ 56]LogMediaPipePose: mp.ClavicleShrugFusion: actor=MP_LiveMediaPipeManny side=R heightCm=47.5 restRef=45.1 liftRig=1.9 sin=0.12 rigScale=1.29 appliedCm=2.0
[2026.07.10-05.02.34:862][ 56]LogMediaPipePose: mp.ClavicleShrugFusion: actor=MP_LiveMetaHumanKellan side=L heightCm=48.4 restRef=46.1 liftRig=1.7 sin=0.07 rigScale=1.22 appliedCm=1.1
[2026.07.10-05.02.34:862][ 56]LogMediaPipePose: mp.ClavicleShrugFusion: actor=MP_LiveMetaHumanKellan side=R heightCm=47.5 restRef=45.1 liftRig=1.8 sin=0.11 rigScale=1.22 appliedCm=1.9
[2026.07.10-05.02.35:884][ 87]LogMediaPipePose: mp.ClavicleShrugFusion: actor=MP_LiveMediaPipeManny side=L heightCm=49.1 restRef=46.1 liftRig=3.0 sin=0.17 rigScale=1.28 appliedCm=3.0
[2026.07.10-05.02.35:884][ 87]LogMediaPipePose: mp.ClavicleShrugFusion: actor=MP_LiveMediaPipeManny side=R heightCm=48.0 restRef=45.1 liftRig=2.9 sin=0.16 rigScale=1.28 appliedCm=2.7
[2026.07.10-05.02.35:884][ 87]LogMediaPipePose: mp.ClavicleShrugFusion: actor=MP_LiveMetaHumanKellan side=L heightCm=49.1 restRef=46.1 liftRig=2.9 sin=0.17 rigScale=1.21 appliedCm=2.9
[2026.07.10-05.02.35:884][ 87]LogMediaPipePose: mp.ClavicleShrugFusion: actor=MP_LiveMetaHumanKellan side=R heightCm=48.0 restRef=45.1 liftRig=2.7 sin=0.16 rigScale=1.21 appliedCm=2.7
[2026.07.10-05.02.36:890][117]LogMediaPipePose: mp.ClavicleShrugFusion: actor=MP_LiveMediaPipeManny side=L heightCm=48.7 restRef=46.1 liftRig=2.4 sin=0.14 rigScale=1.27 appliedCm=2.5
[2026.07.10-05.02.36:890][117]LogMediaPipePose: mp.ClavicleShrugFusion: actor=MP_LiveMediaPipeManny side=R heightCm=47.8 restRef=45.1 liftRig=2.5 sin=0.15 rigScale=1.27 appliedCm=2.5
[2026.07.10-05.02.36:890][117]LogMediaPipePose: mp.ClavicleShrugFusion: actor=MP_LiveMetaHumanKellan side=L heightCm=48.7 restRef=46.1 liftRig=2.2 sin=0.14 rigScale=1.20 appliedCm=2.4
[2026.07.10-05.02.36:890][117]LogMediaPipePose: mp.ClavicleShrugFusion: actor=MP_LiveMetaHumanKellan side=R heightCm=47.8 restRef=45.1 liftRig=2.4 sin=0.15 rigScale=1.20 appliedCm=2.5
[2026.07.10-05.02.37:915][148]LogMediaPipePose: mp.ClavicleShrugFusion: actor=MP_LiveMediaPipeManny side=L heightCm=48.3 restRef=46.2 liftRig=1.5 sin=0.07 rigScale=1.27 appliedCm=1.3
[2026.07.10-05.02.37:915][148]LogMediaPipePose: mp.ClavicleShrugFusion: actor=MP_LiveMediaPipeManny side=R heightCm=47.4 restRef=45.1 liftRig=1.8 sin=0.10 rigScale=1.27 appliedCm=1.6
[2026.07.10-05.02.37:915][148]LogMediaPipePose: mp.ClavicleShrugFusion: actor=MP_LiveMetaHumanKellan side=L heightCm=48.3 restRef=46.2 liftRig=1.4 sin=0.07 rigScale=1.20 appliedCm=1.2
[2026.07.10-05.02.37:915][148]LogMediaPipePose: mp.ClavicleShrugFusion: actor=MP_LiveMetaHumanKellan side=R heightCm=47.4 restRef=45.1 liftRig=1.7 sin=0.10 rigScale=1.20 appliedCm=1.6
[2026.07.10-05.02.38:924][178]LogMediaPipePose: mp.ClavicleShrugFusion: actor=MP_LiveMediaPipeManny side=L heightCm=48.3 restRef=46.2 liftRig=1.4 sin=0.08 rigScale=1.26 appliedCm=1.4
[2026.07.10-05.02.38:924][178]LogMediaPipePose: mp.ClavicleShrugFusion: actor=MP_LiveMediaPipeManny side=R heightCm=47.7 restRef=45.1 liftRig=2.3 sin=0.12 rigScale=1.26 appliedCm=2.2
[2026.07.10-05.02.38:924][178]LogMediaPipePose: mp.ClavicleShrugFusion: actor=MP_LiveMetaHumanKellan side=L heightCm=48.3 restRef=46.2 liftRig=1.3 sin=0.08 rigScale=1.19 appliedCm=1.3
[2026.07.10-05.02.38:924][178]LogMediaPipePose: mp.ClavicleShrugFusion: actor=MP_LiveMetaHumanKellan side=R heightCm=47.7 restRef=45.1 liftRig=2.2 sin=0.12 rigScale=1.19 appliedCm=2.1
[2026.07.10-05.02.39:928][208]LogMediaPipePose: mp.ClavicleShrugFusion: actor=MP_LiveMediaPipeManny side=R heightCm=43.3 restRef=45.0 liftRig=0.0 sin=0.01 rigScale=1.25 appliedCm=0.1
[2026.07.10-05.02.39:928][208]LogMediaPipePose: mp.ClavicleShrugFusion: actor=MP_LiveMetaHumanKellan side=R heightCm=43.3 restRef=45.0 liftRig=0.0 sin=0.01 rigScale=1.18 appliedCm=0.1
[2026.07.10-05.02.40:946][239]LogMediaPipePose: mp.ClavicleShrugFusion: actor=MP_LiveMediaPipeManny side=R heightCm=47.8 restRef=44.8 liftRig=3.1 sin=0.13 rigScale=1.24 appliedCm=2.3
[2026.07.10-05.02.40:946][239]LogMediaPipePose: mp.ClavicleShrugFusion: actor=MP_LiveMetaHumanKellan side=R heightCm=47.8 restRef=44.8 liftRig=2.9 sin=0.13 rigScale=1.17 appliedCm=2.2
[2026.07.10-05.02.41:155][245]LogMediaPipePose: mp.ClavicleShrugFusion: actor=MP_LiveMediaPipeManny side=L heightCm=47.2 restRef=45.5 liftRig=0.6 sin=0.01 rigScale=1.23 appliedCm=0.1
[2026.07.10-05.02.41:155][245]LogMediaPipePose: mp.ClavicleShrugFusion: actor=MP_LiveMetaHumanKellan side=L heightCm=47.2 restRef=45.5 liftRig=0.5 sin=0.01 rigScale=1.17 appliedCm=0.1
[2026.07.10-05.02.41:963][269]LogMediaPipePose: mp.ClavicleShrugFusion: actor=MP_LiveMediaPipeManny side=R heightCm=48.4 restRef=44.8 liftRig=4.0 sin=0.22 rigScale=1.23 appliedCm=3.7
[2026.07.10-05.02.41:963][269]LogMediaPipePose: mp.ClavicleShrugFusion: actor=MP_LiveMetaHumanKellan side=R heightCm=48.4 restRef=44.8 liftRig=3.8 sin=0.22 rigScale=1.16 appliedCm=3.8
[2026.07.10-05.02.42:164][275]LogMediaPipePose: mp.ClavicleShrugFusion: actor=MP_LiveMediaPipeManny side=L heightCm=46.4 restRef=45.5 liftRig=0.0 sin=0.03 rigScale=1.23 appliedCm=0.6
[2026.07.10-05.02.42:164][275]LogMediaPipePose: mp.ClavicleShrugFusion: actor=MP_LiveMetaHumanKellan side=L heightCm=46.4 restRef=45.5 liftRig=0.0 sin=0.03 rigScale=1.16 appliedCm=0.5
[2026.07.10-05.02.42:986][300]LogMediaPipePose: mp.ClavicleShrugFusion: actor=MP_LiveMediaPipeManny side=R heightCm=46.9 restRef=44.8 liftRig=1.3 sin=0.09 rigScale=1.22 appliedCm=1.4
[2026.07.10-05.02.42:987][300]LogMediaPipePose: mp.ClavicleShrugFusion: actor=MP_LiveMetaHumanKellan side=R heightCm=46.9 restRef=44.8 liftRig=1.2 sin=0.09 rigScale=1.15 appliedCm=1.5
[2026.07.10-05.02.44:003][330]LogMediaPipePose: mp.ClavicleShrugFusion: actor=MP_LiveMediaPipeManny side=R heightCm=47.6 restRef=44.8 liftRig=2.7 sin=0.16 rigScale=1.22 appliedCm=2.6
[2026.07.10-05.02.44:003][330]LogMediaPipePose: mp.ClavicleShrugFusion: actor=MP_LiveMetaHumanKellan side=R heightCm=47.6 restRef=44.8 liftRig=2.5 sin=0.16 rigScale=1.15 appliedCm=2.7
[2026.07.10-05.02.44:296][339]LogMediaPipePose: mp.ClavicleShrugFusion: actor=MP_LiveMediaPipeManny side=L heightCm=47.3 restRef=45.5 liftRig=0.7 sin=0.01 rigScale=1.22 appliedCm=0.2
[2026.07.10-05.02.44:298][339]LogMediaPipePose: mp.ClavicleShrugFusion: actor=MP_LiveMetaHumanKellan side=L heightCm=47.3 restRef=45.5 liftRig=0.6 sin=0.01 rigScale=1.15 appliedCm=0.2
[2026.07.10-05.02.45:019][361]LogMediaPipePose: mp.ClavicleShrugFusion: actor=MP_LiveMediaPipeManny side=R heightCm=47.5 restRef=44.8 liftRig=2.5 sin=0.13 rigScale=1.21 appliedCm=2.2
[2026.07.10-05.02.45:019][361]LogMediaPipePose: mp.ClavicleShrugFusion: actor=MP_LiveMetaHumanKellan side=R heightCm=47.5 restRef=44.8 liftRig=2.4 sin=0.13 rigScale=1.15 appliedCm=2.2
[2026.07.10-05.02.45:323][370]LogMediaPipePose: mp.ClavicleShrugFusion: actor=MP_LiveMediaPipeManny side=L heightCm=47.5 restRef=45.5 liftRig=1.0 sin=0.09 rigScale=1.21 appliedCm=1.5
[2026.07.10-05.02.45:323][370]LogMediaPipePose: mp.ClavicleShrugFusion: actor=MP_LiveMetaHumanKellan side=L heightCm=47.5 restRef=45.5 liftRig=1.0 sin=0.08 rigScale=1.15 appliedCm=1.4
[2026.07.10-05.02.46:027][391]LogMediaPipePose: mp.ClavicleShrugFusion: actor=MP_LiveMediaPipeManny side=R heightCm=47.3 restRef=44.8 liftRig=2.0 sin=0.18 rigScale=1.21 appliedCm=3.2
[2026.07.10-05.02.46:029][391]LogMediaPipePose: mp.ClavicleShrugFusion: actor=MP_LiveMetaHumanKellan side=R heightCm=47.3 restRef=44.8 liftRig=1.9 sin=0.18 rigScale=1.14 appliedCm=3.1
[2026.07.10-05.02.48:218][457]LogMediaPipePose: mp.ClavicleShrugFusion: actor=MP_LiveMediaPipeManny side=R heightCm=46.6 restRef=44.7 liftRig=0.9 sin=0.01 rigScale=1.21 appliedCm=0.2
[2026.07.10-05.02.48:218][457]LogMediaPipePose: mp.ClavicleShrugFusion: actor=MP_LiveMetaHumanKellan side=R heightCm=46.6 restRef=44.7 liftRig=0.8 sin=0.01 rigScale=1.14 appliedCm=0.2
[2026.07.10-05.02.48:354][461]LogMediaPipePose: mp.ClavicleShrugFusion: actor=MP_LiveMediaPipeManny side=L heightCm=47.0 restRef=45.2 liftRig=0.5 sin=0.01 rigScale=1.21 appliedCm=0.1
[2026.07.10-05.02.48:354][461]LogMediaPipePose: mp.ClavicleShrugFusion: actor=MP_LiveMetaHumanKellan side=L heightCm=47.0 restRef=45.2 liftRig=0.5 sin=0.01 rigScale=1.14 appliedCm=0.1
[2026.07.10-05.02.49:223][487]LogMediaPipePose: mp.ClavicleShrugFusion: actor=MP_LiveMediaPipeManny side=R heightCm=47.8 restRef=44.7 liftRig=3.1 sin=0.16 rigScale=1.20 appliedCm=2.8
[2026.07.10-05.02.49:223][487]LogMediaPipePose: mp.ClavicleShrugFusion: actor=MP_LiveMetaHumanKellan side=R heightCm=47.8 restRef=44.7 liftRig=2.9 sin=0.16 rigScale=1.14 appliedCm=2.8
[2026.07.10-05.02.49:356][491]LogMediaPipePose: mp.ClavicleShrugFusion: actor=MP_LiveMediaPipeManny side=L heightCm=48.3 restRef=45.3 liftRig=3.0 sin=0.17 rigScale=1.20 appliedCm=3.1
[2026.07.10-05.02.49:356][491]LogMediaPipePose: mp.ClavicleShrugFusion: actor=MP_LiveMetaHumanKellan side=L heightCm=48.3 restRef=45.3 liftRig=2.8 sin=0.17 rigScale=1.14 appliedCm=3.0
[2026.07.10-05.02.50:225][517]LogMediaPipePose: mp.ClavicleShrugFusion: actor=MP_LiveMediaPipeManny side=R heightCm=47.0 restRef=44.7 liftRig=1.7 sin=0.17 rigScale=1.20 appliedCm=3.1
[2026.07.10-05.02.50:225][517]LogMediaPipePose: mp.ClavicleShrugFusion: actor=MP_LiveMetaHumanKellan side=R heightCm=47.0 restRef=44.7 liftRig=1.6 sin=0.17 rigScale=1.14 appliedCm=3.0
[2026.07.10-05.02.50:358][521]LogMediaPipePose: mp.ClavicleShrugFusion: actor=MP_LiveMediaPipeManny side=L heightCm=43.9 restRef=45.2 liftRig=0.0 sin=0.03 rigScale=1.20 appliedCm=0.5
[2026.07.10-05.02.50:358][521]LogMediaPipePose: mp.ClavicleShrugFusion: actor=MP_LiveMetaHumanKellan side=L heightCm=43.9 restRef=45.2 liftRig=0.0 sin=0.03 rigScale=1.14 appliedCm=0.4
[2026.07.10-05.02.51:419][553]LogMediaPipePose: mp.ClavicleShrugFusion: actor=MP_LiveMediaPipeManny side=R heightCm=46.5 restRef=44.6 liftRig=1.0 sin=0.01 rigScale=1.20 appliedCm=0.2
[2026.07.10-05.02.51:421][553]LogMediaPipePose: mp.ClavicleShrugFusion: actor=MP_LiveMetaHumanKellan side=R heightCm=46.5 restRef=44.6 liftRig=0.9 sin=0.01 rigScale=1.13 appliedCm=0.2
[2026.07.10-05.02.51:595][558]LogMediaPipePose: mp.ClavicleShrugFusion: actor=MP_LiveMediaPipeManny side=L heightCm=46.8 restRef=44.8 liftRig=1.0 sin=0.01 rigScale=1.20 appliedCm=0.2
[2026.07.10-05.02.51:596][558]LogMediaPipePose: mp.ClavicleShrugFusion: actor=MP_LiveMetaHumanKellan side=L heightCm=46.8 restRef=44.8 liftRig=0.9 sin=0.01 rigScale=1.13 appliedCm=0.2
[2026.07.10-05.02.52:467][584]LogMediaPipePose: mp.ClavicleShrugFusion: actor=MP_LiveMediaPipeManny side=R heightCm=47.6 restRef=44.6 liftRig=3.0 sin=0.16 rigScale=1.19 appliedCm=2.8
[2026.07.10-05.02.52:467][584]LogMediaPipePose: mp.ClavicleShrugFusion: actor=MP_LiveMetaHumanKellan side=R heightCm=47.6 restRef=44.6 liftRig=2.9 sin=0.16 rigScale=1.13 appliedCm=2.7
[2026.07.10-05.02.52:617][589]LogMediaPipePose: mp.ClavicleShrugFusion: actor=MP_LiveMediaPipeManny side=L heightCm=46.8 restRef=44.8 liftRig=1.0 sin=0.07 rigScale=1.19 appliedCm=1.2
[2026.07.10-05.02.52:618][589]LogMediaPipePose: mp.ClavicleShrugFusion: actor=MP_LiveMetaHumanKellan side=L heightCm=46.8 restRef=44.8 liftRig=1.0 sin=0.07 rigScale=1.13 appliedCm=1.1
[2026.07.10-05.02.53:466][614]LogMediaPipePose: mp.ClavicleShrugFusion: actor=MP_LiveMediaPipeManny side=R heightCm=46.4 restRef=44.6 liftRig=0.7 sin=0.09 rigScale=1.19 appliedCm=1.6
[2026.07.10-05.02.53:466][614]LogMediaPipePose: mp.ClavicleShrugFusion: actor=MP_LiveMetaHumanKellan side=R heightCm=46.4 restRef=44.6 liftRig=0.7 sin=0.09 rigScale=1.13 appliedCm=1.5
[2026.07.10-05.02.54:317][640]LogMediaPipePose: mp.ClavicleShrugFusion: actor=MP_LiveMediaPipeManny side=L heightCm=46.5 restRef=44.9 liftRig=0.4 sin=0.01 rigScale=1.19 appliedCm=0.1
[2026.07.10-05.02.54:317][640]LogMediaPipePose: mp.ClavicleShrugFusion: actor=MP_LiveMetaHumanKellan side=L heightCm=46.5 restRef=44.9 liftRig=0.4 sin=0.01 rigScale=1.12 appliedCm=0.1
[2026.07.10-05.02.54:489][645]LogMediaPipePose: mp.ClavicleShrugFusion: actor=MP_LiveMediaPipeManny side=R heightCm=47.5 restRef=44.6 liftRig=2.8 sin=0.16 rigScale=1.19 appliedCm=2.8
[2026.07.10-05.02.54:489][645]LogMediaPipePose: mp.ClavicleShrugFusion: actor=MP_LiveMetaHumanKellan side=R heightCm=47.5 restRef=44.6 liftRig=2.6 sin=0.16 rigScale=1.12 appliedCm=2.7
[2026.07.10-05.02.55:324][670]LogMediaPipePose: mp.ClavicleShrugFusion: actor=MP_LiveMediaPipeManny side=L heightCm=46.2 restRef=44.9 liftRig=0.0 sin=0.01 rigScale=1.18 appliedCm=0.2
[2026.07.10-05.02.55:326][670]LogMediaPipePose: mp.ClavicleShrugFusion: actor=MP_LiveMetaHumanKellan side=L heightCm=46.2 restRef=44.9 liftRig=0.0 sin=0.01 rigScale=1.12 appliedCm=0.2
[2026.07.10-05.02.55:536][676]LogMediaPipePose: mp.ClavicleShrugFusion: actor=MP_LiveMediaPipeManny side=R heightCm=47.4 restRef=44.6 liftRig=2.5 sin=0.12 rigScale=1.18 appliedCm=2.1
[2026.07.10-05.02.55:536][676]LogMediaPipePose: mp.ClavicleShrugFusion: actor=MP_LiveMetaHumanKellan side=R heightCm=47.4 restRef=44.6 liftRig=2.4 sin=0.12 rigScale=1.12 appliedCm=2.0
[2026.07.10-05.02.56:372][701]LogMediaPipePose: mp.ClavicleShrugFusion: actor=MP_LiveMediaPipeManny side=L heightCm=47.0 restRef=44.9 liftRig=1.4 sin=0.06 rigScale=1.18 appliedCm=1.1
[2026.07.10-05.02.56:372][701]LogMediaPipePose: mp.ClavicleShrugFusion: actor=MP_LiveMetaHumanKellan side=L heightCm=47.0 restRef=44.9 liftRig=1.3 sin=0.06 rigScale=1.12 appliedCm=1.0
[2026.07.10-05.02.56:557][707]LogMediaPipePose: mp.ClavicleShrugFusion: actor=MP_LiveMediaPipeManny side=R heightCm=47.9 restRef=44.6 liftRig=3.4 sin=0.21 rigScale=1.18 appliedCm=3.8
[2026.07.10-05.02.56:557][707]LogMediaPipePose: mp.ClavicleShrugFusion: actor=MP_LiveMetaHumanKellan side=R heightCm=47.9 restRef=44.6 liftRig=3.2 sin=0.20 rigScale=1.12 appliedCm=3.6
[2026.07.10-05.02.57:386][732]LogMediaPipePose: mp.ClavicleShrugFusion: actor=MP_LiveMediaPipeManny side=L heightCm=46.5 restRef=44.9 liftRig=0.2 sin=0.01 rigScale=1.18 appliedCm=0.2
[2026.07.10-05.02.57:386][732]LogMediaPipePose: mp.ClavicleShrugFusion: actor=MP_LiveMetaHumanKellan side=L heightCm=46.5 restRef=44.9 liftRig=0.2 sin=0.01 rigScale=1.11 appliedCm=0.1
[2026.07.10-05.02.57:558][737]LogMediaPipePose: mp.ClavicleShrugFusion: actor=MP_LiveMediaPipeManny side=R heightCm=48.3 restRef=44.6 liftRig=4.0 sin=0.22 rigScale=1.18 appliedCm=3.8
[2026.07.10-05.02.57:558][737]LogMediaPipePose: mp.ClavicleShrugFusion: actor=MP_LiveMetaHumanKellan side=R heightCm=48.3 restRef=44.6 liftRig=3.8 sin=0.22 rigScale=1.12 appliedCm=3.8
[2026.07.10-05.02.59:780][804]LogMediaPipePose: mp.ClavicleShrugFusion: actor=MP_LiveMediaPipeManny side=L heightCm=46.2 restRef=44.5 liftRig=0.4 sin=0.01 rigScale=1.17 appliedCm=0.1
[2026.07.10-05.02.59:780][804]LogMediaPipePose: mp.ClavicleShrugFusion: actor=MP_LiveMediaPipeManny side=R heightCm=46.3 restRef=44.4 liftRig=0.8 sin=0.01 rigScale=1.17 appliedCm=0.2
[2026.07.10-05.02.59:780][804]LogMediaPipePose: mp.ClavicleShrugFusion: actor=MP_LiveMetaHumanKellan side=L heightCm=46.2 restRef=44.5 liftRig=0.4 sin=0.01 rigScale=1.11 appliedCm=0.1
[2026.07.10-05.02.59:780][804]LogMediaPipePose: mp.ClavicleShrugFusion: actor=MP_LiveMetaHumanKellan side=R heightCm=46.3 restRef=44.4 liftRig=0.7 sin=0.01 rigScale=1.11 appliedCm=0.2
[2026.07.10-05.03.00:791][834]LogMediaPipePose: mp.ClavicleShrugFusion: actor=MP_LiveMediaPipeManny side=L heightCm=46.7 restRef=44.5 liftRig=1.4 sin=0.09 rigScale=1.17 appliedCm=1.6
[2026.07.10-05.03.00:791][834]LogMediaPipePose: mp.ClavicleShrugFusion: actor=MP_LiveMediaPipeManny side=R heightCm=47.4 restRef=44.4 liftRig=2.8 sin=0.15 rigScale=1.17 appliedCm=2.5
[2026.07.10-05.03.00:791][834]LogMediaPipePose: mp.ClavicleShrugFusion: actor=MP_LiveMetaHumanKellan side=L heightCm=46.7 restRef=44.5 liftRig=1.3 sin=0.09 rigScale=1.11 appliedCm=1.5
[2026.07.10-05.03.00:791][834]LogMediaPipePose: mp.ClavicleShrugFusion: actor=MP_LiveMetaHumanKellan side=R heightCm=47.4 restRef=44.4 liftRig=2.7 sin=0.15 rigScale=1.11 appliedCm=2.5
[2026.07.10-05.03.01:810][865]LogMediaPipePose: mp.ClavicleShrugFusion: actor=MP_LiveMediaPipeManny side=R heightCm=44.8 restRef=44.4 liftRig=0.0 sin=0.01 rigScale=1.17 appliedCm=0.2
[2026.07.10-05.03.01:811][865]LogMediaPipePose: mp.ClavicleShrugFusion: actor=MP_LiveMetaHumanKellan side=R heightCm=44.8 restRef=44.4 liftRig=0.0 sin=0.01 rigScale=1.11 appliedCm=0.2
[2026.07.10-05.03.02:260][878]LogMediaPipePose: mp.ClavicleShrugFusion: actor=MP_LiveMediaPipeManny side=L heightCm=46.3 restRef=44.5 liftRig=0.6 sin=0.01 rigScale=1.17 appliedCm=0.1
[2026.07.10-05.03.02:260][878]LogMediaPipePose: mp.ClavicleShrugFusion: actor=MP_LiveMetaHumanKellan side=L heightCm=46.3 restRef=44.5 liftRig=0.6 sin=0.01 rigScale=1.11 appliedCm=0.1
[2026.07.10-05.03.02:824][895]LogMediaPipePose: mp.ClavicleShrugFusion: actor=MP_LiveMediaPipeManny side=R heightCm=47.7 restRef=44.4 liftRig=3.3 sin=0.17 rigScale=1.17 appliedCm=3.1
[2026.07.10-05.03.02:826][895]LogMediaPipePose: mp.ClavicleShrugFusion: actor=MP_LiveMetaHumanKellan side=R heightCm=47.7 restRef=44.4 liftRig=3.2 sin=0.17 rigScale=1.11 appliedCm=3.0
[2026.07.10-05.03.03:264][908]LogMediaPipePose: mp.ClavicleShrugFusion: actor=MP_LiveMediaPipeManny side=L heightCm=48.1 restRef=44.5 liftRig=3.7 sin=0.20 rigScale=1.17 appliedCm=3.6
[2026.07.10-05.03.03:264][908]LogMediaPipePose: mp.ClavicleShrugFusion: actor=MP_LiveMetaHumanKellan side=L heightCm=48.1 restRef=44.5 liftRig=3.5 sin=0.19 rigScale=1.11 appliedCm=3.4
[2026.07.10-05.03.03:826][925]LogMediaPipePose: mp.ClavicleShrugFusion: actor=MP_LiveMediaPipeManny side=R heightCm=45.9 restRef=44.4 liftRig=0.0 sin=0.04 rigScale=1.17 appliedCm=0.6
[2026.07.10-05.03.03:826][925]LogMediaPipePose: mp.ClavicleShrugFusion: actor=MP_LiveMetaHumanKellan side=R heightCm=45.9 restRef=44.4 liftRig=0.0 sin=0.04 rigScale=1.11 appliedCm=0.6
[2026.07.10-05.03.04:289][939]LogMediaPipePose: mp.ClavicleShrugFusion: actor=MP_LiveMediaPipeManny side=L heightCm=44.9 restRef=44.5 liftRig=0.0 sin=0.01 rigScale=1.17 appliedCm=0.1
[2026.07.10-05.03.04:291][939]LogMediaPipePose: mp.ClavicleShrugFusion: actor=MP_LiveMetaHumanKellan side=L heightCm=44.9 restRef=44.5 liftRig=0.0 sin=0.01 rigScale=1.10 appliedCm=0.1
[2026.07.10-05.03.05:356][971]LogMediaPipePose: mp.ClavicleShrugFusion: actor=MP_LiveMediaPipeManny side=L heightCm=46.3 restRef=44.5 liftRig=0.5 sin=0.01 rigScale=1.16 appliedCm=0.1
[2026.07.10-05.03.05:356][971]LogMediaPipePose: mp.ClavicleShrugFusion: actor=MP_LiveMetaHumanKellan side=L heightCm=46.3 restRef=44.5 liftRig=0.5 sin=0.01 rigScale=1.10 appliedCm=0.1
[2026.07.10-05.03.05:449][974]LogMediaPipePose: mp.ClavicleShrugFusion: actor=MP_LiveMediaPipeManny side=R heightCm=46.1 restRef=44.5 liftRig=0.4 sin=0.01 rigScale=1.16 appliedCm=0.1
[2026.07.10-05.03.05:449][974]LogMediaPipePose: mp.ClavicleShrugFusion: actor=MP_LiveMetaHumanKellan side=R heightCm=46.1 restRef=44.5 liftRig=0.4 sin=0.01 rigScale=1.10 appliedCm=0.1
[2026.07.10-05.03.06:361][  1]LogMediaPipePose: mp.ClavicleShrugFusion: actor=MP_LiveMediaPipeManny side=L heightCm=46.4 restRef=44.5 liftRig=0.9 sin=0.06 rigScale=1.16 appliedCm=1.1
[2026.07.10-05.03.06:361][  1]LogMediaPipePose: mp.ClavicleShrugFusion: actor=MP_LiveMetaHumanKellan side=L heightCm=46.4 restRef=44.5 liftRig=0.8 sin=0.06 rigScale=1.09 appliedCm=1.0
[2026.07.10-05.03.08:486][ 65]LogMediaPipePose: mp.ClavicleShrugFusion: actor=MP_LiveMediaPipeManny side=L heightCm=46.2 restRef=44.6 liftRig=0.3 sin=0.01 rigScale=1.15 appliedCm=0.1
[2026.07.10-05.03.08:486][ 65]LogMediaPipePose: mp.ClavicleShrugFusion: actor=MP_LiveMetaHumanKellan side=L heightCm=46.2 restRef=44.6 liftRig=0.2 sin=0.01 rigScale=1.09 appliedCm=0.1
[2026.07.10-05.03.09:505][ 95]LogMediaPipePose: mp.ClavicleShrugFusion: actor=MP_LiveMediaPipeManny side=L heightCm=46.2 restRef=44.6 liftRig=0.3 sin=0.02 rigScale=1.14 appliedCm=0.3
[2026.07.10-05.03.09:505][ 95]LogMediaPipePose: mp.ClavicleShrugFusion: actor=MP_LiveMetaHumanKellan side=L heightCm=46.2 restRef=44.6 liftRig=0.3 sin=0.02 rigScale=1.08 appliedCm=0.3
[2026.07.10-05.03.10:516][126]LogMediaPipePose: mp.ClavicleShrugFusion: actor=MP_LiveMediaPipeManny side=L heightCm=46.5 restRef=44.6 liftRig=1.0 sin=0.07 rigScale=1.14 appliedCm=1.2
[2026.07.10-05.03.10:516][126]LogMediaPipePose: mp.ClavicleShrugFusion: actor=MP_LiveMetaHumanKellan side=L heightCm=46.5 restRef=44.6 liftRig=0.9 sin=0.07 rigScale=1.08 appliedCm=1.1
[2026.07.10-05.03.11:521][156]LogMediaPipePose: mp.ClavicleShrugFusion: actor=MP_LiveMediaPipeManny side=L heightCm=46.5 restRef=44.6 liftRig=0.9 sin=0.04 rigScale=1.14 appliedCm=0.7
[2026.07.10-05.03.11:523][156]LogMediaPipePose: mp.ClavicleShrugFusion: actor=MP_LiveMetaHumanKellan side=L heightCm=46.5 restRef=44.6 liftRig=0.8 sin=0.04 rigScale=1.08 appliedCm=0.7
[2026.07.10-05.03.12:548][187]LogMediaPipePose: mp.ClavicleShrugFusion: actor=MP_LiveMediaPipeManny side=L heightCm=47.1 restRef=44.6 liftRig=1.9 sin=0.11 rigScale=1.13 appliedCm=1.9
[2026.07.10-05.03.12:548][187]LogMediaPipePose: mp.ClavicleShrugFusion: actor=MP_LiveMetaHumanKellan side=L heightCm=47.1 restRef=44.6 liftRig=1.8 sin=0.10 rigScale=1.07 appliedCm=1.8
[2026.07.10-05.03.13:556][216]LogMediaPipePose: mp.ClavicleShrugFusion: actor=MP_LiveMediaPipeManny side=L heightCm=46.2 restRef=44.6 liftRig=0.2 sin=0.02 rigScale=1.13 appliedCm=0.4
[2026.07.10-05.03.13:558][216]LogMediaPipePose: mp.ClavicleShrugFusion: actor=MP_LiveMetaHumanKellan side=L heightCm=46.2 restRef=44.6 liftRig=0.2 sin=0.02 rigScale=1.07 appliedCm=0.4
[2026.07.10-05.03.14:586][248]LogMediaPipePose: mp.ClavicleShrugFusion: actor=MP_LiveMediaPipeManny side=L heightCm=47.0 restRef=44.6 liftRig=1.7 sin=0.08 rigScale=1.13 appliedCm=1.4
[2026.07.10-05.03.14:588][248]LogMediaPipePose: mp.ClavicleShrugFusion: actor=MP_LiveMetaHumanKellan side=L heightCm=47.0 restRef=44.6 liftRig=1.6 sin=0.08 rigScale=1.07 appliedCm=1.3
[2026.07.10-05.03.15:459][274]LogMediaPipePose: mp.ClavicleShrugFusion: actor=MP_LiveMediaPipeManny side=R heightCm=45.9 restRef=44.0 liftRig=0.9 sin=0.01 rigScale=1.13 appliedCm=0.2
[2026.07.10-05.03.15:459][274]LogMediaPipePose: mp.ClavicleShrugFusion: actor=MP_LiveMetaHumanKellan side=R heightCm=45.9 restRef=44.0 liftRig=0.9 sin=0.01 rigScale=1.07 appliedCm=0.2
[2026.07.10-05.03.15:613][279]LogMediaPipePose: mp.ClavicleShrugFusion: actor=MP_LiveMediaPipeManny side=L heightCm=47.3 restRef=44.7 liftRig=2.1 sin=0.10 rigScale=1.13 appliedCm=1.7
[2026.07.10-05.03.15:613][279]LogMediaPipePose: mp.ClavicleShrugFusion: actor=MP_LiveMetaHumanKellan side=L heightCm=47.3 restRef=44.7 liftRig=2.0 sin=0.10 rigScale=1.07 appliedCm=1.6
[2026.07.10-05.03.17:414][333]LogMediaPipePose: mp.ClavicleShrugFusion: actor=MP_LiveMediaPipeManny side=L heightCm=46.4 restRef=44.7 liftRig=0.5 sin=0.01 rigScale=1.13 appliedCm=0.1
[2026.07.10-05.03.17:416][333]LogMediaPipePose: mp.ClavicleShrugFusion: actor=MP_LiveMetaHumanKellan side=L heightCm=46.4 restRef=44.7 liftRig=0.5 sin=0.01 rigScale=1.06 appliedCm=0.1
[2026.07.10-05.03.17:559][337]LogMediaPipePose: mp.ClavicleShrugFusion: actor=MP_LiveMediaPipeManny side=R heightCm=45.9 restRef=44.0 liftRig=0.9 sin=0.01 rigScale=1.13 appliedCm=0.2
[2026.07.10-05.03.17:559][337]LogMediaPipePose: mp.ClavicleShrugFusion: actor=MP_LiveMetaHumanKellan side=R heightCm=45.9 restRef=44.0 liftRig=0.8 sin=0.01 rigScale=1.07 appliedCm=0.2
[2026.07.10-05.03.18:423][363]LogMediaPipePose: mp.ClavicleShrugFusion: actor=MP_LiveMediaPipeManny side=L heightCm=45.5 restRef=44.7 liftRig=0.0 sin=0.03 rigScale=1.13 appliedCm=0.5
[2026.07.10-05.03.18:423][363]LogMediaPipePose: mp.ClavicleShrugFusion: actor=MP_LiveMetaHumanKellan side=L heightCm=45.5 restRef=44.7 liftRig=0.0 sin=0.03 rigScale=1.07 appliedCm=0.4
[2026.07.10-05.03.18:585][368]LogMediaPipePose: mp.ClavicleShrugFusion: actor=MP_LiveMediaPipeManny side=R heightCm=46.8 restRef=44.0 liftRig=2.4 sin=0.15 rigScale=1.14 appliedCm=2.6
[2026.07.10-05.03.18:586][368]LogMediaPipePose: mp.ClavicleShrugFusion: actor=MP_LiveMetaHumanKellan side=R heightCm=46.8 restRef=44.0 liftRig=2.3 sin=0.15 rigScale=1.07 appliedCm=2.6
[2026.07.10-05.03.19:431][393]LogMediaPipePose: mp.ClavicleShrugFusion: actor=MP_LiveMediaPipeManny side=L heightCm=46.9 restRef=44.7 liftRig=1.4 sin=0.09 rigScale=1.14 appliedCm=1.6
[2026.07.10-05.03.19:431][393]LogMediaPipePose: mp.ClavicleShrugFusion: actor=MP_LiveMetaHumanKellan side=L heightCm=46.9 restRef=44.7 liftRig=1.3 sin=0.09 rigScale=1.08 appliedCm=1.5
[2026.07.10-05.03.19:587][398]LogMediaPipePose: mp.ClavicleShrugFusion: actor=MP_LiveMediaPipeManny side=R heightCm=44.1 restRef=44.0 liftRig=0.0 sin=0.01 rigScale=1.14 appliedCm=0.1
[2026.07.10-05.03.19:587][398]LogMediaPipePose: mp.ClavicleShrugFusion: actor=MP_LiveMetaHumanKellan side=R heightCm=44.1 restRef=44.0 liftRig=0.0 sin=0.01 rigScale=1.07 appliedCm=0.1
[2026.07.10-05.03.24:491][545]LogMediaPipePose: mp.ClavicleShrugFusion: actor=MP_LiveMediaPipeManny side=R heightCm=44.7 restRef=42.9 liftRig=0.5 sin=0.01 rigScale=1.12 appliedCm=0.1
[2026.07.10-05.03.24:493][545]LogMediaPipePose: mp.ClavicleShrugFusion: actor=MP_LiveMetaHumanKellan side=R heightCm=44.7 restRef=42.9 liftRig=0.5 sin=0.01 rigScale=1.06 appliedCm=0.1
[2026.07.10-05.03.24:760][553]LogMediaPipePose: mp.ClavicleShrugFusion: actor=MP_LiveMediaPipeManny side=L heightCm=46.2 restRef=44.2 liftRig=1.0 sin=0.02 rigScale=1.12 appliedCm=0.3
[2026.07.10-05.03.24:760][553]LogMediaPipePose: mp.ClavicleShrugFusion: actor=MP_LiveMetaHumanKellan side=L heightCm=46.2 restRef=44.2 liftRig=1.0 sin=0.02 rigScale=1.06 appliedCm=0.3
[2026.07.10-05.03.25:920][588]LogMediaPipePose: mp.ClavicleShrugFusion: actor=MP_LiveMediaPipeManny side=R heightCm=47.0 restRef=43.0 liftRig=4.3 sin=0.24 rigScale=1.13 appliedCm=4.4
[2026.07.10-05.03.25:928][588]LogMediaPipePose: mp.ClavicleShrugFusion: actor=MP_LiveMetaHumanKellan side=R heightCm=47.0 restRef=43.0 liftRig=4.1 sin=0.24 rigScale=1.07 appliedCm=4.2
[2026.07.10-05.03.25:937][588]LogMediaPipePose: mp.ClavicleShrugFusion: actor=MP_LiveMediaPipeManny side=L heightCm=46.2 restRef=44.2 liftRig=1.1 sin=0.10 rigScale=1.13 appliedCm=1.7
[2026.07.10-05.03.25:937][588]LogMediaPipePose: mp.ClavicleShrugFusion: actor=MP_LiveMetaHumanKellan side=L heightCm=46.2 restRef=44.2 liftRig=1.0 sin=0.10 rigScale=1.07 appliedCm=1.6
[2026.07.10-05.03.26:528][606]LogMediaPipePose: mp.ClavicleShrugFusion: actor=MP_LiveMediaPipeManny side=R heightCm=47.2 restRef=43.0 liftRig=4.5 sin=0.23 rigScale=1.14 appliedCm=4.1
[2026.07.10-05.03.26:528][606]LogMediaPipePose: mp.ClavicleShrugFusion: actor=MP_LiveMetaHumanKellan side=R heightCm=47.2 restRef=43.0 liftRig=4.2 sin=0.22 rigScale=1.07 appliedCm=3.9
[2026.07.10-05.03.26:818][615]LogMediaPipePose: mp.ClavicleShrugFusion: actor=MP_LiveMediaPipeManny side=L heightCm=48.9 restRef=44.3 liftRig=5.1 sin=0.26 rigScale=1.14 appliedCm=4.8
[2026.07.10-05.03.26:818][615]LogMediaPipePose: mp.ClavicleShrugFusion: actor=MP_LiveMetaHumanKellan side=L heightCm=48.9 restRef=44.3 liftRig=4.8 sin=0.26 rigScale=1.08 appliedCm=4.6
[2026.07.10-05.03.27:553][637]LogMediaPipePose: mp.ClavicleShrugFusion: actor=MP_LiveMediaPipeManny side=R heightCm=47.0 restRef=43.0 liftRig=4.2 sin=0.24 rigScale=1.15 appliedCm=4.4
[2026.07.10-05.03.27:553][637]LogMediaPipePose: mp.ClavicleShrugFusion: actor=MP_LiveMetaHumanKellan side=R heightCm=47.0 restRef=43.0 liftRig=4.0 sin=0.24 rigScale=1.08 appliedCm=4.2
[2026.07.10-05.03.27:827][645]LogMediaPipePose: mp.ClavicleShrugFusion: actor=MP_LiveMediaPipeManny side=L heightCm=49.6 restRef=44.3 liftRig=6.0 sin=0.33 rigScale=1.15 appliedCm=5.8
[2026.07.10-05.03.27:827][645]LogMediaPipePose: mp.ClavicleShrugFusion: actor=MP_LiveMetaHumanKellan side=L heightCm=49.6 restRef=44.3 liftRig=5.7 sin=0.32 rigScale=1.09 appliedCm=5.8
[2026.07.10-05.03.28:555][667]LogMediaPipePose: mp.ClavicleShrugFusion: actor=MP_LiveMediaPipeManny side=R heightCm=46.9 restRef=43.0 liftRig=4.2 sin=0.23 rigScale=1.15 appliedCm=4.2
[2026.07.10-05.03.28:555][667]LogMediaPipePose: mp.ClavicleShrugFusion: actor=MP_LiveMetaHumanKellan side=R heightCm=46.9 restRef=43.0 liftRig=3.9 sin=0.23 rigScale=1.09 appliedCm=4.0
[2026.07.10-05.03.28:849][676]LogMediaPipePose: mp.ClavicleShrugFusion: actor=MP_LiveMediaPipeManny side=L heightCm=49.2 restRef=44.3 liftRig=5.6 sin=0.32 rigScale=1.16 appliedCm=5.8
[2026.07.10-05.03.28:849][676]LogMediaPipePose: mp.ClavicleShrugFusion: actor=MP_LiveMetaHumanKellan side=L heightCm=49.2 restRef=44.3 liftRig=5.3 sin=0.31 rigScale=1.09 appliedCm=5.6
[2026.07.10-05.03.29:566][697]LogMediaPipePose: mp.ClavicleShrugFusion: actor=MP_LiveMediaPipeManny side=R heightCm=47.2 restRef=43.0 liftRig=4.6 sin=0.26 rigScale=1.16 appliedCm=4.8
[2026.07.10-05.03.29:566][697]LogMediaPipePose: mp.ClavicleShrugFusion: actor=MP_LiveMetaHumanKellan side=R heightCm=47.2 restRef=43.0 liftRig=4.4 sin=0.26 rigScale=1.10 appliedCm=4.5
[2026.07.10-05.03.29:855][706]LogMediaPipePose: mp.ClavicleShrugFusion: actor=MP_LiveMediaPipeManny side=L heightCm=49.1 restRef=44.3 liftRig=5.4 sin=0.29 rigScale=1.16 appliedCm=5.2
[2026.07.10-05.03.29:855][706]LogMediaPipePose: mp.ClavicleShrugFusion: actor=MP_LiveMetaHumanKellan side=L heightCm=49.1 restRef=44.3 liftRig=5.1 sin=0.29 rigScale=1.10 appliedCm=5.1
[2026.07.10-05.03.30:587][728]LogMediaPipePose: mp.ClavicleShrugFusion: actor=MP_LiveMediaPipeManny side=R heightCm=47.3 restRef=43.0 liftRig=4.7 sin=0.26 rigScale=1.17 appliedCm=4.8
[2026.07.10-05.03.30:589][728]LogMediaPipePose: mp.ClavicleShrugFusion: actor=MP_LiveMetaHumanKellan side=R heightCm=47.3 restRef=43.0 liftRig=4.5 sin=0.26 rigScale=1.10 appliedCm=4.6
[2026.07.10-05.03.30:855][736]LogMediaPipePose: mp.ClavicleShrugFusion: actor=MP_LiveMediaPipeManny side=L heightCm=49.7 restRef=44.3 liftRig=6.2 sin=0.35 rigScale=1.17 appliedCm=6.2
[2026.07.10-05.03.30:856][736]LogMediaPipePose: mp.ClavicleShrugFusion: actor=MP_LiveMetaHumanKellan side=L heightCm=49.7 restRef=44.3 liftRig=5.9 sin=0.34 rigScale=1.10 appliedCm=6.2
[2026.07.10-05.03.31:593][758]LogMediaPipePose: mp.ClavicleShrugFusion: actor=MP_LiveMediaPipeManny side=R heightCm=47.4 restRef=43.0 liftRig=4.9 sin=0.27 rigScale=1.17 appliedCm=5.0
[2026.07.10-05.03.31:593][758]LogMediaPipePose: mp.ClavicleShrugFusion: actor=MP_LiveMetaHumanKellan side=R heightCm=47.4 restRef=43.0 liftRig=4.6 sin=0.27 rigScale=1.11 appliedCm=4.8
[2026.07.10-05.03.31:856][766]LogMediaPipePose: mp.ClavicleShrugFusion: actor=MP_LiveMetaHumanKellan side=L heightCm=49.9 restRef=44.3 liftRig=6.1 sin=0.36 rigScale=1.11 appliedCm=6.5
[2026.07.10-05.03.31:856][766]LogMediaPipePose: mp.ClavicleShrugFusion: actor=MP_LiveMediaPipeManny side=L heightCm=49.9 restRef=44.3 liftRig=6.4 sin=0.36 rigScale=1.17 appliedCm=6.4
[2026.07.10-05.03.32:613][789]LogMediaPipePose: mp.ClavicleShrugFusion: actor=MP_LiveMediaPipeManny side=R heightCm=47.2 restRef=43.0 liftRig=4.7 sin=0.27 rigScale=1.17 appliedCm=4.9
[2026.07.10-05.03.32:615][789]LogMediaPipePose: mp.ClavicleShrugFusion: actor=MP_LiveMetaHumanKellan side=R heightCm=47.2 restRef=43.0 liftRig=4.4 sin=0.26 rigScale=1.11 appliedCm=4.7
[2026.07.10-05.03.32:879][797]LogMediaPipePose: mp.ClavicleShrugFusion: actor=MP_LiveMediaPipeManny side=L heightCm=50.0 restRef=44.3 liftRig=6.6 sin=0.38 rigScale=1.18 appliedCm=6.9
[2026.07.10-05.03.32:879][797]LogMediaPipePose: mp.ClavicleShrugFusion: actor=MP_LiveMetaHumanKellan side=L heightCm=50.0 restRef=44.3 liftRig=6.3 sin=0.37 rigScale=1.11 appliedCm=6.8
[2026.07.10-05.03.33:652][820]LogMediaPipePose: mp.ClavicleShrugFusion: actor=MP_LiveMediaPipeManny side=R heightCm=48.9 restRef=43.0 liftRig=6.9 sin=0.37 rigScale=1.18 appliedCm=7.0
[2026.07.10-05.03.33:653][820]LogMediaPipePose: mp.ClavicleShrugFusion: actor=MP_LiveMetaHumanKellan side=R heightCm=48.9 restRef=43.0 liftRig=6.5 sin=0.36 rigScale=1.11 appliedCm=6.6
[2026.07.10-05.03.33:889][827]LogMediaPipePose: mp.ClavicleShrugFusion: actor=MP_LiveMediaPipeManny side=L heightCm=49.3 restRef=44.3 liftRig=5.7 sin=0.32 rigScale=1.18 appliedCm=5.9
[2026.07.10-05.03.33:889][827]LogMediaPipePose: mp.ClavicleShrugFusion: actor=MP_LiveMetaHumanKellan side=L heightCm=49.3 restRef=44.3 liftRig=5.4 sin=0.31 rigScale=1.11 appliedCm=5.6
[2026.07.10-05.03.34:689][851]LogMediaPipePose: mp.ClavicleShrugFusion: actor=MP_LiveMediaPipeManny side=R heightCm=46.9 restRef=43.0 liftRig=4.3 sin=0.29 rigScale=1.18 appliedCm=5.4
[2026.07.10-05.03.34:690][851]LogMediaPipePose: mp.ClavicleShrugFusion: actor=MP_LiveMetaHumanKellan side=R heightCm=46.9 restRef=43.0 liftRig=4.1 sin=0.29 rigScale=1.11 appliedCm=5.1
[2026.07.10-05.03.34:901][857]LogMediaPipePose: mp.ClavicleShrugFusion: actor=MP_LiveMediaPipeManny side=L heightCm=47.6 restRef=44.3 liftRig=3.4 sin=0.18 rigScale=1.18 appliedCm=3.2
[2026.07.10-05.03.34:901][857]LogMediaPipePose: mp.ClavicleShrugFusion: actor=MP_LiveMetaHumanKellan side=L heightCm=47.6 restRef=44.3 liftRig=3.2 sin=0.18 rigScale=1.11 appliedCm=3.1
[2026.07.10-05.03.35:689][881]LogMediaPipePose: mp.ClavicleShrugFusion: actor=MP_LiveMediaPipeManny side=R heightCm=47.3 restRef=43.0 liftRig=4.8 sin=0.26 rigScale=1.18 appliedCm=4.9
[2026.07.10-05.03.35:691][881]LogMediaPipePose: mp.ClavicleShrugFusion: actor=MP_LiveMetaHumanKellan side=R heightCm=47.3 restRef=43.0 liftRig=4.5 sin=0.26 rigScale=1.12 appliedCm=4.6
[2026.07.10-05.03.35:931][888]LogMediaPipePose: mp.ClavicleShrugFusion: actor=MP_LiveMediaPipeManny side=L heightCm=49.4 restRef=44.3 liftRig=5.9 sin=0.31 rigScale=1.18 appliedCm=5.6
[2026.07.10-05.03.35:932][888]LogMediaPipePose: mp.ClavicleShrugFusion: actor=MP_LiveMetaHumanKellan side=L heightCm=49.4 restRef=44.3 liftRig=5.5 sin=0.31 rigScale=1.12 appliedCm=5.5
[2026.07.10-05.03.36:699][911]LogMediaPipePose: mp.ClavicleShrugFusion: actor=MP_LiveMediaPipeManny side=R heightCm=47.3 restRef=43.0 liftRig=4.9 sin=0.27 rigScale=1.18 appliedCm=5.0
[2026.07.10-05.03.36:699][911]LogMediaPipePose: mp.ClavicleShrugFusion: actor=MP_LiveMetaHumanKellan side=R heightCm=47.3 restRef=43.0 liftRig=4.6 sin=0.27 rigScale=1.12 appliedCm=4.8
[2026.07.10-05.03.36:965][919]LogMediaPipePose: mp.ClavicleShrugFusion: actor=MP_LiveMediaPipeManny side=L heightCm=49.9 restRef=44.3 liftRig=6.5 sin=0.36 rigScale=1.18 appliedCm=6.4
[2026.07.10-05.03.36:965][919]LogMediaPipePose: mp.ClavicleShrugFusion: actor=MP_LiveMetaHumanKellan side=L heightCm=49.9 restRef=44.3 liftRig=6.1 sin=0.35 rigScale=1.12 appliedCm=6.4
[2026.07.10-05.03.37:700][941]LogMediaPipePose: mp.ClavicleShrugFusion: actor=MP_LiveMediaPipeManny side=R heightCm=47.8 restRef=43.0 liftRig=5.5 sin=0.30 rigScale=1.19 appliedCm=5.6
[2026.07.10-05.03.37:701][941]LogMediaPipePose: mp.ClavicleShrugFusion: actor=MP_LiveMetaHumanKellan side=R heightCm=47.8 restRef=43.0 liftRig=5.2 sin=0.30 rigScale=1.12 appliedCm=5.3
[2026.07.10-05.03.37:997][950]LogMediaPipePose: mp.ClavicleShrugFusion: actor=MP_LiveMediaPipeManny side=L heightCm=47.6 restRef=44.3 liftRig=3.4 sin=0.26 rigScale=1.19 appliedCm=4.7
[2026.07.10-05.03.37:997][950]LogMediaPipePose: mp.ClavicleShrugFusion: actor=MP_LiveMetaHumanKellan side=L heightCm=47.6 restRef=44.3 liftRig=3.2 sin=0.26 rigScale=1.12 appliedCm=4.6
[2026.07.10-05.03.38:722][972]LogMediaPipePose: mp.ClavicleShrugFusion: actor=MP_LiveMediaPipeManny side=R heightCm=45.9 restRef=43.0 liftRig=2.7 sin=0.17 rigScale=1.18 appliedCm=2.9
[2026.07.10-05.03.38:722][972]LogMediaPipePose: mp.ClavicleShrugFusion: actor=MP_LiveMetaHumanKellan side=R heightCm=45.9 restRef=43.0 liftRig=2.6 sin=0.16 rigScale=1.12 appliedCm=2.8
[2026.07.10-05.03.39:024][981]LogMediaPipePose: mp.ClavicleShrugFusion: actor=MP_LiveMediaPipeManny side=L heightCm=46.4 restRef=44.3 liftRig=1.1 sin=0.06 rigScale=1.18 appliedCm=1.1
[2026.07.10-05.03.39:024][981]LogMediaPipePose: mp.ClavicleShrugFusion: actor=MP_LiveMetaHumanKellan side=L heightCm=46.4 restRef=44.3 liftRig=1.1 sin=0.06 rigScale=1.12 appliedCm=1.0
[2026.07.10-05.03.39:729][  2]LogMediaPipePose: mp.ClavicleShrugFusion: actor=MP_LiveMediaPipeManny side=R heightCm=46.8 restRef=43.0 liftRig=4.0 sin=0.21 rigScale=1.18 appliedCm=3.8
[2026.07.10-05.03.39:729][  2]LogMediaPipePose: mp.ClavicleShrugFusion: actor=MP_LiveMetaHumanKellan side=R heightCm=46.8 restRef=43.0 liftRig=3.8 sin=0.21 rigScale=1.12 appliedCm=3.6
[2026.07.10-05.03.40:061][ 12]LogMediaPipePose: mp.ClavicleShrugFusion: actor=MP_LiveMediaPipeManny side=L heightCm=47.6 restRef=44.3 liftRig=3.3 sin=0.20 rigScale=1.18 appliedCm=3.6
[2026.07.10-05.03.40:061][ 12]LogMediaPipePose: mp.ClavicleShrugFusion: actor=MP_LiveMetaHumanKellan side=L heightCm=47.6 restRef=44.3 liftRig=3.1 sin=0.20 rigScale=1.12 appliedCm=3.5
[2026.07.10-05.03.40:759][ 33]LogMediaPipePose: mp.ClavicleShrugFusion: actor=MP_LiveMediaPipeManny side=R heightCm=47.1 restRef=43.0 liftRig=4.5 sin=0.25 rigScale=1.18 appliedCm=4.6
[2026.07.10-05.03.40:761][ 33]LogMediaPipePose: mp.ClavicleShrugFusion: actor=MP_LiveMetaHumanKellan side=R heightCm=47.1 restRef=43.0 liftRig=4.3 sin=0.25 rigScale=1.12 appliedCm=4.3
[2026.07.10-05.03.41:064][ 42]LogMediaPipePose: mp.ClavicleShrugFusion: actor=MP_LiveMediaPipeManny side=L heightCm=48.8 restRef=44.3 liftRig=5.1 sin=0.28 rigScale=1.19 appliedCm=5.0
[2026.07.10-05.03.41:130][ 44]LogMediaPipePose: mp.ClavicleShrugFusion: actor=MP_LiveMetaHumanKellan side=L heightCm=48.8 restRef=44.3 liftRig=4.8 sin=0.27 rigScale=1.12 appliedCm=4.9
[2026.07.10-05.03.41:787][ 64]LogMediaPipePose: mp.ClavicleShrugFusion: actor=MP_LiveMediaPipeManny side=R heightCm=48.8 restRef=43.0 liftRig=6.7 sin=0.37 rigScale=1.19 appliedCm=7.1
[2026.07.10-05.03.41:787][ 64]LogMediaPipePose: mp.ClavicleShrugFusion: actor=MP_LiveMetaHumanKellan side=R heightCm=48.8 restRef=43.0 liftRig=6.3 sin=0.37 rigScale=1.12 appliedCm=6.7
[2026.07.10-05.03.42:076][ 73]LogMediaPipePose: mp.ClavicleShrugFusion: actor=MP_LiveMediaPipeManny side=L heightCm=48.9 restRef=44.3 liftRig=5.1 sin=0.32 rigScale=1.18 appliedCm=6.0
[2026.07.10-05.03.42:078][ 73]LogMediaPipePose: mp.ClavicleShrugFusion: actor=MP_LiveMetaHumanKellan side=L heightCm=48.9 restRef=44.3 liftRig=4.8 sin=0.32 rigScale=1.12 appliedCm=5.8
[2026.07.10-05.03.42:822][ 95]LogMediaPipePose: mp.ClavicleShrugFusion: actor=MP_LiveMediaPipeManny side=R heightCm=47.2 restRef=43.0 liftRig=4.6 sin=0.26 rigScale=1.18 appliedCm=4.8
[2026.07.10-05.03.42:822][ 95]LogMediaPipePose: mp.ClavicleShrugFusion: actor=MP_LiveMetaHumanKellan side=R heightCm=47.2 restRef=43.0 liftRig=4.3 sin=0.26 rigScale=1.12 appliedCm=4.5
[2026.07.10-05.03.43:082][103]LogMediaPipePose: mp.ClavicleShrugFusion: actor=MP_LiveMediaPipeManny side=L heightCm=49.5 restRef=44.4 liftRig=6.0 sin=0.32 rigScale=1.18 appliedCm=6.0
[2026.07.10-05.03.43:082][103]LogMediaPipePose: mp.ClavicleShrugFusion: actor=MP_LiveMetaHumanKellan side=L heightCm=49.5 restRef=44.4 liftRig=5.6 sin=0.32 rigScale=1.12 appliedCm=5.8
[2026.07.10-05.03.43:858][126]LogMediaPipePose: mp.ClavicleShrugFusion: actor=MP_LiveMediaPipeManny side=R heightCm=47.4 restRef=43.0 liftRig=4.9 sin=0.27 rigScale=1.18 appliedCm=4.9
[2026.07.10-05.03.43:858][126]LogMediaPipePose: mp.ClavicleShrugFusion: actor=MP_LiveMetaHumanKellan side=R heightCm=47.4 restRef=43.0 liftRig=4.6 sin=0.26 rigScale=1.12 appliedCm=4.7
[2026.07.10-05.03.44:121][134]LogMediaPipePose: mp.ClavicleShrugFusion: actor=MP_LiveMediaPipeManny side=L heightCm=49.3 restRef=44.4 liftRig=5.6 sin=0.31 rigScale=1.19 appliedCm=5.6
[2026.07.10-05.03.44:121][134]LogMediaPipePose: mp.ClavicleShrugFusion: actor=MP_LiveMetaHumanKellan side=L heightCm=49.3 restRef=44.4 liftRig=5.3 sin=0.31 rigScale=1.12 appliedCm=5.5
[2026.07.10-05.03.44:896][157]LogMediaPipePose: mp.ClavicleShrugFusion: actor=MP_LiveMediaPipeManny side=R heightCm=47.3 restRef=43.0 liftRig=4.8 sin=0.27 rigScale=1.19 appliedCm=5.0
[2026.07.10-05.03.44:897][157]LogMediaPipePose: mp.ClavicleShrugFusion: actor=MP_LiveMetaHumanKellan side=R heightCm=47.3 restRef=43.0 liftRig=4.5 sin=0.27 rigScale=1.12 appliedCm=4.7
[2026.07.10-05.03.45:160][165]LogMediaPipePose: mp.ClavicleShrugFusion: actor=MP_LiveMediaPipeManny side=L heightCm=48.1 restRef=44.4 liftRig=4.1 sin=0.19 rigScale=1.19 appliedCm=3.5
[2026.07.10-05.03.45:160][165]LogMediaPipePose: mp.ClavicleShrugFusion: actor=MP_LiveMetaHumanKellan side=L heightCm=48.2 restRef=44.4 liftRig=3.9 sin=0.19 rigScale=1.13 appliedCm=3.3
[2026.07.10-05.03.45:919][188]LogMediaPipePose: mp.ClavicleShrugFusion: actor=MP_LiveMediaPipeManny side=R heightCm=50.5 restRef=43.1 liftRig=8.9 sin=0.50 rigScale=1.20 appliedCm=10.1
[2026.07.10-05.03.45:919][188]LogMediaPipePose: mp.ClavicleShrugFusion: actor=MP_LiveMetaHumanKellan side=R heightCm=50.5 restRef=43.1 liftRig=8.5 sin=0.50 rigScale=1.14 appliedCm=9.3
[2026.07.10-05.03.46:186][196]LogMediaPipePose: mp.ClavicleShrugFusion: actor=MP_LiveMediaPipeManny side=L heightCm=47.8 restRef=44.4 liftRig=3.7 sin=0.23 rigScale=1.21 appliedCm=4.2
[2026.07.10-05.03.46:186][196]LogMediaPipePose: mp.ClavicleShrugFusion: actor=MP_LiveMetaHumanKellan side=L heightCm=47.8 restRef=44.4 liftRig=3.5 sin=0.23 rigScale=1.14 appliedCm=4.0
[2026.07.10-05.03.46:927][218]LogMediaPipePose: mp.ClavicleShrugFusion: actor=MP_LiveMediaPipeManny side=R heightCm=49.1 restRef=43.1 liftRig=7.3 sin=0.42 rigScale=1.22 appliedCm=8.2
[2026.07.10-05.03.46:927][218]LogMediaPipePose: mp.ClavicleShrugFusion: actor=MP_LiveMetaHumanKellan side=R heightCm=49.1 restRef=43.1 liftRig=6.9 sin=0.41 rigScale=1.15 appliedCm=7.6
[2026.07.10-05.03.47:195][226]LogMediaPipePose: mp.ClavicleShrugFusion: actor=MP_LiveMediaPipeManny side=L heightCm=48.2 restRef=44.4 liftRig=4.3 sin=0.22 rigScale=1.22 appliedCm=3.9
[2026.07.10-05.03.47:195][226]LogMediaPipePose: mp.ClavicleShrugFusion: actor=MP_LiveMetaHumanKellan side=L heightCm=48.2 restRef=44.4 liftRig=4.1 sin=0.21 rigScale=1.15 appliedCm=3.7
[2026.07.10-05.03.47:962][249]LogMediaPipePose: mp.ClavicleShrugFusion: actor=MP_LiveMediaPipeManny side=R heightCm=50.5 restRef=43.1 liftRig=9.1 sin=0.52 rigScale=1.23 appliedCm=10.5
[2026.07.10-05.03.47:962][249]LogMediaPipePose: mp.ClavicleShrugFusion: actor=MP_LiveMetaHumanKellan side=R heightCm=50.5 restRef=43.1 liftRig=8.6 sin=0.51 rigScale=1.16 appliedCm=9.6
[2026.07.10-05.03.48:216][257]LogMediaPipePose: mp.ClavicleShrugFusion: actor=MP_LiveMediaPipeManny side=L heightCm=49.4 restRef=44.4 liftRig=6.0 sin=0.27 rigScale=1.23 appliedCm=5.0
[2026.07.10-05.03.48:216][257]LogMediaPipePose: mp.ClavicleShrugFusion: actor=MP_LiveMetaHumanKellan side=L heightCm=49.4 restRef=44.4 liftRig=5.7 sin=0.27 rigScale=1.16 appliedCm=4.8
[2026.07.10-05.03.48:983][280]LogMediaPipePose: mp.ClavicleShrugFusion: actor=MP_LiveMediaPipeManny side=R heightCm=47.2 restRef=43.1 liftRig=4.7 sin=0.27 rigScale=1.23 appliedCm=5.1
[2026.07.10-05.03.48:983][280]LogMediaPipePose: mp.ClavicleShrugFusion: actor=MP_LiveMetaHumanKellan side=R heightCm=47.2 restRef=43.1 liftRig=4.5 sin=0.27 rigScale=1.16 appliedCm=4.8
[2026.07.10-05.03.49:221][287]LogMediaPipePose: mp.ClavicleShrugFusion: actor=MP_LiveMediaPipeManny side=L heightCm=49.3 restRef=44.4 liftRig=5.9 sin=0.39 rigScale=1.23 appliedCm=7.3
[2026.07.10-05.03.49:222][287]LogMediaPipePose: mp.ClavicleShrugFusion: actor=MP_LiveMetaHumanKellan side=L heightCm=49.3 restRef=44.4 liftRig=5.6 sin=0.39 rigScale=1.17 appliedCm=7.1
[2026.07.10-05.03.50:035][311]LogMediaPipePose: mp.ClavicleShrugFusion: actor=MP_LiveMediaPipeManny side=R heightCm=47.1 restRef=43.1 liftRig=4.6 sin=0.25 rigScale=1.23 appliedCm=4.7
[2026.07.10-05.03.50:035][311]LogMediaPipePose: mp.ClavicleShrugFusion: actor=MP_LiveMetaHumanKellan side=R heightCm=47.1 restRef=43.1 liftRig=4.4 sin=0.25 rigScale=1.16 appliedCm=4.4
[2026.07.10-05.03.50:245][318]LogMediaPipePose: mp.ClavicleShrugFusion: actor=MP_LiveMediaPipeManny side=L heightCm=48.0 restRef=44.4 liftRig=4.0 sin=0.20 rigScale=1.23 appliedCm=3.7
[2026.07.10-05.03.50:246][318]LogMediaPipePose: mp.ClavicleShrugFusion: actor=MP_LiveMetaHumanKellan side=L heightCm=48.0 restRef=44.4 liftRig=3.8 sin=0.20 rigScale=1.16 appliedCm=3.5
[2026.07.10-05.03.51:062][342]LogMediaPipePose: mp.ClavicleShrugFusion: actor=MP_LiveMediaPipeManny side=R heightCm=47.1 restRef=43.1 liftRig=4.6 sin=0.26 rigScale=1.22 appliedCm=4.9
[2026.07.10-05.03.51:062][342]LogMediaPipePose: mp.ClavicleShrugFusion: actor=MP_LiveMetaHumanKellan side=R heightCm=47.1 restRef=43.1 liftRig=4.3 sin=0.26 rigScale=1.16 appliedCm=4.6
[2026.07.10-05.03.51:249][348]LogMediaPipePose: mp.ClavicleShrugFusion: actor=MP_LiveMediaPipeManny side=L heightCm=48.2 restRef=44.4 liftRig=4.2 sin=0.25 rigScale=1.22 appliedCm=4.5
[2026.07.10-05.03.51:249][348]LogMediaPipePose: mp.ClavicleShrugFusion: actor=MP_LiveMetaHumanKellan side=L heightCm=48.2 restRef=44.4 liftRig=4.0 sin=0.24 rigScale=1.16 appliedCm=4.3
[2026.07.10-05.03.52:078][373]LogMediaPipePose: mp.ClavicleShrugFusion: actor=MP_LiveMediaPipeManny side=R heightCm=47.1 restRef=43.1 liftRig=4.5 sin=0.26 rigScale=1.22 appliedCm=4.8
[2026.07.10-05.03.52:078][373]LogMediaPipePose: mp.ClavicleShrugFusion: actor=MP_LiveMetaHumanKellan side=R heightCm=47.1 restRef=43.1 liftRig=4.3 sin=0.26 rigScale=1.15 appliedCm=4.5
[2026.07.10-05.03.52:252][378]LogMediaPipePose: mp.ClavicleShrugFusion: actor=MP_LiveMediaPipeManny side=L heightCm=45.5 restRef=44.4 liftRig=0.0 sin=0.05 rigScale=1.22 appliedCm=0.9
[2026.07.10-05.03.52:252][378]LogMediaPipePose: mp.ClavicleShrugFusion: actor=MP_LiveMetaHumanKellan side=L heightCm=45.5 restRef=44.4 liftRig=0.0 sin=0.05 rigScale=1.15 appliedCm=0.8
[2026.07.10-05.03.53:129][404]LogMediaPipePose: mp.ClavicleShrugFusion: actor=MP_LiveMediaPipeManny side=R heightCm=47.8 restRef=43.1 liftRig=5.5 sin=0.29 rigScale=1.22 appliedCm=5.3
[2026.07.10-05.03.53:131][404]LogMediaPipePose: mp.ClavicleShrugFusion: actor=MP_LiveMetaHumanKellan side=R heightCm=47.8 restRef=43.1 liftRig=5.2 sin=0.28 rigScale=1.15 appliedCm=5.0
[2026.07.10-05.03.53:291][409]LogMediaPipePose: mp.ClavicleShrugFusion: actor=MP_LiveMediaPipeManny side=L heightCm=46.2 restRef=44.4 liftRig=0.7 sin=0.01 rigScale=1.22 appliedCm=0.2
[2026.07.10-05.03.53:291][409]LogMediaPipePose: mp.ClavicleShrugFusion: actor=MP_LiveMetaHumanKellan side=L heightCm=46.2 restRef=44.4 liftRig=0.7 sin=0.01 rigScale=1.15 appliedCm=0.1
[2026.07.10-05.03.54:161][435]LogMediaPipePose: mp.ClavicleShrugFusion: actor=MP_LiveMediaPipeManny side=R heightCm=47.1 restRef=43.1 liftRig=4.4 sin=0.25 rigScale=1.21 appliedCm=4.6
[2026.07.10-05.03.54:163][435]LogMediaPipePose: mp.ClavicleShrugFusion: actor=MP_LiveMetaHumanKellan side=R heightCm=47.1 restRef=43.1 liftRig=4.2 sin=0.25 rigScale=1.15 appliedCm=4.3
[2026.07.10-05.03.54:293][439]LogMediaPipePose: mp.ClavicleShrugFusion: actor=MP_LiveMediaPipeManny side=L heightCm=47.7 restRef=44.4 liftRig=3.5 sin=0.20 rigScale=1.21 appliedCm=3.6
[2026.07.10-05.03.54:295][439]LogMediaPipePose: mp.ClavicleShrugFusion: actor=MP_LiveMetaHumanKellan side=L heightCm=47.7 restRef=44.4 liftRig=3.3 sin=0.20 rigScale=1.14 appliedCm=3.4
[2026.07.10-05.03.55:196][466]LogMediaPipePose: mp.ClavicleShrugFusion: actor=MP_LiveMediaPipeManny side=R heightCm=47.4 restRef=43.1 liftRig=5.0 sin=0.27 rigScale=1.22 appliedCm=5.0
[2026.07.10-05.03.55:196][466]LogMediaPipePose: mp.ClavicleShrugFusion: actor=MP_LiveMetaHumanKellan side=R heightCm=47.4 restRef=43.1 liftRig=4.7 sin=0.26 rigScale=1.15 appliedCm=4.7
[2026.07.10-05.03.55:329][470]LogMediaPipePose: mp.ClavicleShrugFusion: actor=MP_LiveMediaPipeManny side=L heightCm=47.7 restRef=44.4 liftRig=3.5 sin=0.20 rigScale=1.22 appliedCm=3.6
[2026.07.10-05.03.55:329][470]LogMediaPipePose: mp.ClavicleShrugFusion: actor=MP_LiveMetaHumanKellan side=L heightCm=47.7 restRef=44.4 liftRig=3.3 sin=0.20 rigScale=1.15 appliedCm=3.4
[2026.07.10-05.03.56:196][496]LogMediaPipePose: mp.ClavicleShrugFusion: actor=MP_LiveMediaPipeManny side=R heightCm=50.7 restRef=43.1 liftRig=9.3 sin=0.49 rigScale=1.23 appliedCm=9.7
[2026.07.10-05.03.56:196][496]LogMediaPipePose: mp.ClavicleShrugFusion: actor=MP_LiveMetaHumanKellan side=R heightCm=50.7 restRef=43.1 liftRig=8.8 sin=0.48 rigScale=1.17 appliedCm=8.9
[2026.07.10-05.03.56:332][500]LogMediaPipePose: mp.ClavicleShrugFusion: actor=MP_LiveMediaPipeManny side=L heightCm=50.0 restRef=44.4 liftRig=6.8 sin=0.37 rigScale=1.23 appliedCm=6.9
[2026.07.10-05.03.56:332][500]LogMediaPipePose: mp.ClavicleShrugFusion: actor=MP_LiveMetaHumanKellan side=L heightCm=50.0 restRef=44.4 liftRig=6.4 sin=0.36 rigScale=1.17 appliedCm=6.6
[2026.07.10-05.03.57:219][527]LogMediaPipePose: mp.ClavicleShrugFusion: actor=MP_LiveMediaPipeManny side=R heightCm=51.2 restRef=43.1 liftRig=10.1 sin=0.54 rigScale=1.24 appliedCm=10.9
[2026.07.10-05.03.57:219][527]LogMediaPipePose: mp.ClavicleShrugFusion: actor=MP_LiveMetaHumanKellan side=R heightCm=51.2 restRef=43.1 liftRig=9.5 sin=0.53 rigScale=1.18 appliedCm=10.0
[2026.07.10-05.03.57:365][531]LogMediaPipePose: mp.ClavicleShrugFusion: actor=MP_LiveMediaPipeManny side=L heightCm=49.1 restRef=44.4 liftRig=5.6 sin=0.29 rigScale=1.24 appliedCm=5.4
[2026.07.10-05.03.57:365][531]LogMediaPipePose: mp.ClavicleShrugFusion: actor=MP_LiveMetaHumanKellan side=L heightCm=49.1 restRef=44.4 liftRig=5.3 sin=0.29 rigScale=1.18 appliedCm=5.2
[2026.07.10-05.03.58:255][558]LogMediaPipePose: mp.ClavicleShrugFusion: actor=MP_LiveMediaPipeManny side=R heightCm=50.0 restRef=43.1 liftRig=8.6 sin=0.47 rigScale=1.25 appliedCm=9.5
[2026.07.10-05.03.58:256][558]LogMediaPipePose: mp.ClavicleShrugFusion: actor=MP_LiveMetaHumanKellan side=R heightCm=50.0 restRef=43.1 liftRig=8.1 sin=0.47 rigScale=1.18 appliedCm=8.7
[2026.07.10-05.03.58:397][562]LogMediaPipePose: mp.ClavicleShrugFusion: actor=MP_LiveMediaPipeManny side=L heightCm=48.6 restRef=44.4 liftRig=4.8 sin=0.27 rigScale=1.25 appliedCm=5.0
[2026.07.10-05.03.58:397][562]LogMediaPipePose: mp.ClavicleShrugFusion: actor=MP_LiveMetaHumanKellan side=L heightCm=48.6 restRef=44.4 liftRig=4.6 sin=0.27 rigScale=1.18 appliedCm=4.8
[2026.07.10-05.03.59:267][588]LogMediaPipePose: mp.ClavicleShrugFusion: actor=MP_LiveMediaPipeManny side=R heightCm=48.0 restRef=43.1 liftRig=5.9 sin=0.40 rigScale=1.25 appliedCm=7.8
[2026.07.10-05.03.59:267][588]LogMediaPipePose: mp.ClavicleShrugFusion: actor=MP_LiveMetaHumanKellan side=R heightCm=48.0 restRef=43.1 liftRig=5.6 sin=0.40 rigScale=1.19 appliedCm=7.2
[2026.07.10-05.03.59:419][593]LogMediaPipePose: mp.ClavicleShrugFusion: actor=MP_LiveMediaPipeManny side=L heightCm=46.5 restRef=44.4 liftRig=1.2 sin=0.13 rigScale=1.25 appliedCm=2.3
[2026.07.10-05.03.59:419][593]LogMediaPipePose: mp.ClavicleShrugFusion: actor=MP_LiveMetaHumanKellan side=L heightCm=46.5 restRef=44.4 liftRig=1.1 sin=0.13 rigScale=1.19 appliedCm=2.2
[2026.07.10-05.04.00:299][619]LogMediaPipePose: mp.ClavicleShrugFusion: actor=MP_LiveMediaPipeManny side=R heightCm=47.1 restRef=43.1 liftRig=4.6 sin=0.25 rigScale=1.25 appliedCm=4.5
[2026.07.10-05.04.00:299][619]LogMediaPipePose: mp.ClavicleShrugFusion: actor=MP_LiveMetaHumanKellan side=R heightCm=47.1 restRef=43.1 liftRig=4.4 sin=0.24 rigScale=1.18 appliedCm=4.3
[2026.07.10-05.04.00:445][624]LogMediaPipePose: mp.ClavicleShrugFusion: actor=MP_LiveMediaPipeManny side=L heightCm=47.7 restRef=44.4 liftRig=3.4 sin=0.18 rigScale=1.25 appliedCm=3.2
[2026.07.10-05.04.00:446][624]LogMediaPipePose: mp.ClavicleShrugFusion: actor=MP_LiveMetaHumanKellan side=L heightCm=47.7 restRef=44.4 liftRig=3.2 sin=0.18 rigScale=1.18 appliedCm=3.0
[2026.07.10-05.04.01:327][650]LogMediaPipePose: mp.ClavicleShrugFusion: actor=MP_LiveMediaPipeManny side=R heightCm=47.4 restRef=43.1 liftRig=5.0 sin=0.28 rigScale=1.24 appliedCm=5.2
[2026.07.10-05.04.01:327][650]LogMediaPipePose: mp.ClavicleShrugFusion: actor=MP_LiveMetaHumanKellan side=R heightCm=47.4 restRef=43.1 liftRig=4.7 sin=0.28 rigScale=1.17 appliedCm=4.9
[2026.07.10-05.04.01:498][655]LogMediaPipePose: mp.ClavicleShrugFusion: actor=MP_LiveMediaPipeManny side=L heightCm=48.2 restRef=44.5 liftRig=4.2 sin=0.24 rigScale=1.24 appliedCm=4.2
[2026.07.10-05.04.01:500][655]LogMediaPipePose: mp.ClavicleShrugFusion: actor=MP_LiveMetaHumanKellan side=L heightCm=48.2 restRef=44.5 liftRig=3.9 sin=0.23 rigScale=1.17 appliedCm=4.1
[2026.07.10-05.04.02:355][681]LogMediaPipePose: mp.ClavicleShrugFusion: actor=MP_LiveMediaPipeManny side=R heightCm=47.7 restRef=43.2 liftRig=5.4 sin=0.28 rigScale=1.24 appliedCm=5.2
[2026.07.10-05.04.02:355][681]LogMediaPipePose: mp.ClavicleShrugFusion: actor=MP_LiveMetaHumanKellan side=R heightCm=47.7 restRef=43.2 liftRig=5.1 sin=0.28 rigScale=1.17 appliedCm=4.9
[2026.07.10-05.04.02:527][686]LogMediaPipePose: mp.ClavicleShrugFusion: actor=MP_LiveMediaPipeManny side=L heightCm=48.0 restRef=44.5 liftRig=4.0 sin=0.21 rigScale=1.24 appliedCm=3.7
[2026.07.10-05.04.02:529][686]LogMediaPipePose: mp.ClavicleShrugFusion: actor=MP_LiveMetaHumanKellan side=L heightCm=48.0 restRef=44.5 liftRig=3.8 sin=0.20 rigScale=1.17 appliedCm=3.5
[2026.07.10-05.04.03:626][701]LogMediaPipePose: mp.ClavicleShrugFusion: actor=MP_LiveMediaPipeManny side=L heightCm=50.1 restRef=44.5 liftRig=6.8 sin=0.38 rigScale=1.24 appliedCm=7.0
[2026.07.10-05.04.03:626][701]LogMediaPipePose: mp.ClavicleShrugFusion: actor=MP_LiveMediaPipeManny side=R heightCm=48.0 restRef=43.2 liftRig=5.8 sin=0.33 rigScale=1.24 appliedCm=6.3
[2026.07.10-05.04.03:626][701]LogMediaPipePose: mp.ClavicleShrugFusion: actor=MP_LiveMetaHumanKellan side=L heightCm=50.1 restRef=44.5 liftRig=6.5 sin=0.37 rigScale=1.18 appliedCm=6.7
[2026.07.10-05.04.03:626][701]LogMediaPipePose: mp.ClavicleShrugFusion: actor=MP_LiveMetaHumanKellan side=R heightCm=48.0 restRef=43.2 liftRig=5.5 sin=0.33 rigScale=1.18 appliedCm=5.9
[2026.07.10-05.04.04:626][704]LogMediaPipePose: mp.ClavicleShrugFusion: actor=MP_LiveMediaPipeManny side=R heightCm=44.9 restRef=43.2 liftRig=0.6 sin=0.07 rigScale=1.24 appliedCm=1.3
[2026.07.10-05.04.04:626][704]LogMediaPipePose: mp.ClavicleShrugFusion: actor=MP_LiveMetaHumanKellan side=R heightCm=44.9 restRef=43.2 liftRig=0.5 sin=0.07 rigScale=1.18 appliedCm=1.3
